05-08 18:12:00.735 20836 20836 W ContextImpl: Calling a method in the system process without a qualified user: android.app.ContextImpl.startService:1549 android.content.ContextWrapper.startService:664 com.oneplus.opbackup.service.BackupService.a:44 com.oneplus.opbackup.receiver.CheckUpdateReceiver.a:197 com.oneplus.opbackup.receiver.NetworkListenerService$a.onReceive:46 
05-08 18:12:00.746 20836 20836 W ContextImpl: Calling a method in the system process without a qualified user: android.app.ContextImpl.startService:1549 android.content.ContextWrapper.startService:664 com.oneplus.opbackup.service.BackupService.a:44 com.oneplus.opbackup.receiver.CheckUpdateReceiver.a:197 com.oneplus.opbackup.receiver.NetworkListenerService$a.onReceive:46 
05-08 18:12:01.722  7196  7256 W ContextImpl: Calling a method in the system process without a qualified user: android.app.ContextImpl.startService:1549 android.content.ContextWrapper.startService:664 com.oneplus.security.firewall.NetworkRestrictService.a:154 com.oneplus.security.receiver.a.e:127 com.oneplus.security.SecureService$a.handleMessage:82 
05-08 18:12:02.725  1425 18980 I chatty  : uid=1000(system) Binder:1425_1D expire 5 lines
05-08 18:12:03.820  1425  1531 I chatty  : uid=1000(system) PowerManagerSer expire 12 lines
05-08 18:12:03.835  1425  3739 I chatty  : uid=1000(system) Binder:1425_6 expire 3 lines
05-08 18:12:03.856  1318  1358 D QMI_FW  : chen-screen on: is_screen_off = 0 
05-08 18:12:03.864  1337  1371 D QMI_FW  : chen-screen on: is_screen_off = 0 
05-08 18:12:03.898  1425  1425 I chatty  : uid=1000 system_server expire 16 lines
05-08 18:12:04.240  1425  1459 I chatty  : uid=1000(system) ActivityManager expire 19 lines
05-08 18:12:08.909  1425 27528 I chatty  : uid=1000 system_server expire 1 line
05-08 18:12:15.200  1425  1464 I chatty  : uid=1000(system) batterystats-wo expire 3 lines
05-08 18:12:23.236  1425  2366 I chatty  : uid=1000(system) AlarmManager expire 10 lines
05-08 18:12:23.343  1425  3530 I chatty  : uid=1000(system) NetworkPolicy expire 6 lines
05-08 18:12:32.385  1425  1456 I chatty  : uid=1000(system) android.bg expire 2 lines
05-08 18:12:32.907  1425 27549 I chatty  : uid=1000 system_server expire 2 lines
05-08 18:12:46.257  1425  3919 I chatty  : uid=1000(system) uteStateMachine expire 12 lines
05-08 18:12:46.257  1425  3918 I chatty  : uid=1000(system) BluetoothRouteM expire 2 lines
05-08 18:12:46.819  1425  3770 I chatty  : uid=1000(system) Binder:1425_8 expire 2 lines
05-08 18:12:47.268  1425 27565 I chatty  : uid=1000 system_server expire 1 line
05-08 18:12:47.541   930   930 I wificond: New station 3c:95:09:77:bf:df associated with hotspot
05-08 18:12:52.804  1425 27580 I chatty  : uid=1000 system_server expire 1 line
05-08 18:12:55.398  1425  5526 I chatty  : uid=1000(system) Binder:1425_13 expire 2 lines
05-08 18:12:55.749 18981 27634 E ActivityThread: Failed to find provider info for com.facebook.katana.provider.AttributionIdProvider
05-08 18:12:56.274  1425 11050 I chatty  : uid=1000(system) Binder:1425_18 expire 6 lines
05-08 18:12:56.402  1425 11480 I chatty  : uid=1000(system) Binder:1425_1A expire 8 lines
05-08 18:12:56.631  1425  1425 I chatty  : uid=1000 system_server expire 10 lines
05-08 18:12:57.502  1425 11361 I chatty  : uid=1000(system) Binder:1425_19 expire 3 lines
05-08 18:12:59.864   928  1090 E storaged: getDiskStats failed with result NOT_SUPPORTED and size 0
05-08 18:13:01.507  1425 27755 I chatty  : uid=1000 system_server expire 1 line
05-08 18:13:08.632  1425 27764 I chatty  : uid=1000 system_server expire 1 line
05-08 18:13:26.246  1425  1459 I chatty  : uid=1000(system) ActivityManager expire 25 lines
05-08 18:13:31.666  1425 27802 I chatty  : uid=1000 system_server expire 2 lines
05-08 18:13:33.431  5346 27800 E ActivityThread: Failed to find provider info for com.samsung.android.mdecservice.entitlement.gmcontentprovider
05-08 18:13:33.432  5346 27800 I chatty  : uid=10243(com.samsung.android.gearoplugin) identical 1 line
05-08 18:13:33.433  5346 27800 E ActivityThread: Failed to find provider info for com.samsung.android.mdecservice.entitlement.gmcontentprovider
05-08 18:13:33.689  5346 27815 E ActivityThread: Failed to find provider info for com.samsung.android.mdecservice.entitlement.gmcontentprovider
05-08 18:13:33.693  1425  1425 I chatty  : uid=1000 system_server expire 17 lines
05-08 18:13:33.694  1425  3919 I chatty  : uid=1000(system) uteStateMachine expire 10 lines
05-08 18:13:33.793  5346 27835 E ActivityThread: Failed to find provider info for com.android.phone.callsettings
05-08 18:13:34.663  1425  3537 I chatty  : uid=1000(system) ConnectivitySer expire 20 lines
05-08 18:13:35.412 20836 20836 W ContextImpl: Calling a method in the system process without a qualified user: android.app.ContextImpl.startService:1549 android.content.ContextWrapper.startService:664 com.oneplus.opbackup.service.BackupService.a:44 com.oneplus.opbackup.receiver.CheckUpdateReceiver.a:197 com.oneplus.opbackup.receiver.NetworkListenerService$a.onReceive:46 
05-08 18:13:36.416  7196  7256 W ContextImpl: Calling a method in the system process without a qualified user: android.app.ContextImpl.startService:1549 android.content.ContextWrapper.startService:664 com.oneplus.security.firewall.NetworkRestrictService.a:154 com.oneplus.security.receiver.a.e:127 com.oneplus.security.SecureService$a.handleMessage:82 
05-08 18:13:36.471  1425  1459 I chatty  : uid=1000(system) ActivityManager expire 10 lines
05-08 18:13:38.750  1425 27906 I chatty  : uid=1000 system_server expire 3 lines
05-08 18:13:42.519  1425  4842 I chatty  : uid=1000(system) Binder:1425_B expire 1 line
05-08 18:13:43.245   930   930 I wificond: New station 00:15:00:e8:9a:a4 associated with hotspot
05-08 18:13:58.625  1425  2366 I chatty  : uid=1000(system) AlarmManager expire 3 lines
05-08 18:14:04.584   930   930 I wificond: Station 3c:95:09:77:bf:df disassociated from hotspot
05-08 18:14:05.904   928  1090 E storaged: getDiskStats failed with result NOT_SUPPORTED and size 0
05-08 18:14:18.827  1425  1425 I chatty  : uid=1000 system_server expire 8 lines
05-08 18:14:21.593  1425 27951 I chatty  : uid=1000 system_server expire 1 line
05-08 18:14:47.191  1425  2380 I chatty  : uid=1000(system) InputReader expire 2 lines
05-08 18:14:47.195  1425  3551 I chatty  : uid=1000(system) ColorBalanceThr expire 4 lines
05-08 18:14:47.240  1425  1529 I chatty  : uid=1000(system) android.display expire 2 lines
05-08 18:14:47.243  1425 18165 I chatty  : uid=1000(system) Binder:1425_1C expire 1 line
05-08 18:14:47.246  1425  1460 I chatty  : uid=1000(system) android.ui expire 4 lines
05-08 18:14:47.265  1337  1371 D QMI_FW  : chen-screen on: is_screen_off = 0 
05-08 18:14:47.272  1318  1358 D QMI_FW  : chen-screen on: is_screen_off = 0 
05-08 18:14:47.313  1425  1531 I chatty  : uid=1000(system) PowerManagerSer expire 5 lines
05-08 18:14:47.367  1425  1459 I chatty  : uid=1000(system) ActivityManager expire 171 lines
05-08 18:14:47.479  1425  3530 I chatty  : uid=1000(system) NetworkPolicy expire 4 lines
05-08 18:14:47.495  1425 11361 I chatty  : uid=1000(system) Binder:1425_19 expire 1 line
05-08 18:14:47.495  1425  1425 I chatty  : uid=1000 system_server expire 18 lines
05-08 18:14:47.528  1425  2340 I chatty  : uid=1000(system) Binder:1425_3 expire 6 lines
05-08 18:14:47.533  1425 11480 I chatty  : uid=1000(system) Binder:1425_1A expire 1 line
05-08 18:14:48.472  1425  1461 I chatty  : uid=1000(system) ActivityManager expire 4 lines
05-08 18:14:52.708  1425 28120 I chatty  : uid=1000 system_server expire 2 lines
05-08 18:14:55.192  1425  1531 I chatty  : uid=1000(system) PowerManagerSer expire 29 lines
05-08 18:14:57.172  1425  2376 I chatty  : uid=1000(system) HwBinder:1425_2 expire 2 lines
05-08 18:14:57.174  1425  3738 I chatty  : uid=1000(system) Binder:1425_5 expire 9 lines
05-08 18:14:57.175  1425  1460 I chatty  : uid=1000(system) android.ui expire 7 lines
05-08 18:14:57.176  3624  3624 W FingerprintManager: Invalid acquired message: 6, 0
05-08 18:14:57.255  1425  3551 I chatty  : uid=1000(system) ColorBalanceThr expire 7 lines
05-08 18:14:57.299  1425  1529 I chatty  : uid=1000(system) android.display expire 3 lines
05-08 18:14:57.326  1337  1371 D QMI_FW  : chen-screen on: is_screen_off = 0 
05-08 18:14:57.328  1318  1358 D QMI_FW  : chen-screen on: is_screen_off = 0 
05-08 18:14:57.632  1337  1371 D QMI_FW  : chen-screen on: is_screen_off = 0 
05-08 18:14:57.637  1318  1358 D QMI_FW  : chen-screen on: is_screen_off = 0 
05-08 18:14:57.694  1425  1425 I chatty  : uid=1000 system_server expire 6 lines
05-08 18:14:57.697  1425  1437 I chatty  : uid=1000(system) Binder:1425_2 expire 1 line
05-08 18:14:57.914  1425  1459 I chatty  : uid=1000(system) ActivityManager expire 4 lines
05-08 18:14:57.968  1425 18165 I chatty  : uid=1000(system) Binder:1425_1C expire 1 line
05-08 18:14:58.004  1425  2389 I chatty  : uid=1000(system) OIMC expire 2 lines
05-08 18:14:58.005  1425  1527 I chatty  : uid=1000(system) android.fg expire 4 lines
05-08 18:14:58.016  3624  3624 V KeyguardDisplayManager: hide
05-08 18:14:58.036  1425  2366 I chatty  : uid=1000(system) AlarmManager expire 7 lines
05-08 18:14:58.077  1425 10327 I chatty  : uid=1000(system) Binder:1425_15 expire 2 lines
05-08 18:14:58.089  1425  1459 I chatty  : uid=1000(system) ActivityManager expire 24 lines
05-08 18:14:58.153  1425  2340 I chatty  : uid=1000(system) Binder:1425_3 expire 5 lines
05-08 18:14:58.178  1425  1425 I chatty  : uid=1000 system_server expire 69 lines
05-08 18:14:58.208  1425  1527 I chatty  : uid=1000(system) android.fg expire 5 lines
05-08 18:14:58.229  1425  3738 I chatty  : uid=1000(system) Binder:1425_5 expire 3 lines
05-08 18:14:58.267  1425 11480 I chatty  : uid=1000(system) Binder:1425_1A expire 26 lines
05-08 18:14:58.474  1425  2389 I chatty  : uid=1000(system) OIMC expire 18 lines
05-08 18:14:58.656  1425  2380 I chatty  : uid=1000(system) InputReader expire 14 lines
05-08 18:14:58.712  1425  2378 I chatty  : uid=1000(system) InputDispatcher expire 3 lines
05-08 18:15:03.427  1425 11050 I chatty  : uid=1000(system) Binder:1425_18 expire 38 lines
05-08 18:15:05.852  1425 12092 I chatty  : uid=1000(system) Binder:1425_1B expire 1 line
05-08 18:15:05.907   928  1090 E storaged: getDiskStats failed with result NOT_SUPPORTED and size 0
05-08 18:15:07.500  1425  1461 I chatty  : uid=1000(system) ActivityManager expire 4 lines
05-08 18:15:07.845  1425  1531 I chatty  : uid=1000(system) PowerManagerSer expire 4 lines
05-08 18:15:07.915  1425  5133 I chatty  : uid=1000(system) Binder:1425_10 expire 2 lines
05-08 18:15:08.101  1425  1437 I chatty  : uid=1000(system) Binder:1425_2 expire 5 lines
05-08 18:15:08.363  1425  1456 I chatty  : uid=1000(system) android.bg expire 1 line
05-08 18:15:08.609  1425  4445 I chatty  : uid=1000(system) Binder:1425_A expire 23 lines
05-08 18:15:09.237  1425  3537 I chatty  : uid=1000(system) ConnectivitySer expire 16 lines
05-08 18:15:17.671  1425  3530 I chatty  : uid=1000(system) NetworkPolicy expire 8 lines
05-08 18:15:30.199  1425  2340 I chatty  : uid=1000(system) Binder:1425_3 expire 28 lines
05-08 18:15:30.441  1425 12092 I chatty  : uid=1000(system) Binder:1425_1B expire 20 lines
05-08 18:15:31.347  1425 11480 I chatty  : uid=1000(system) Binder:1425_1A expire 5 lines
05-08 18:15:35.925  1425  2380 I chatty  : uid=1000(system) InputReader expire 7 lines
05-08 18:15:36.260  1425  2378 I chatty  : uid=1000(system) InputDispatcher expire 1 line
05-08 18:15:36.746  1425  1425 I chatty  : uid=1000 system_server expire 20 lines
05-08 18:15:36.746  1425  1531 I chatty  : uid=1000(system) PowerManagerSer expire 12 lines
05-08 18:15:36.771  1425  2389 I chatty  : uid=1000(system) OIMC expire 4 lines
05-08 18:15:36.789  1425  3551 I chatty  : uid=1000(system) ColorBalanceThr expire 10 lines
05-08 18:15:36.870  1425  1529 I chatty  : uid=1000(system) android.display expire 7 lines
05-08 18:15:36.889  1425  1437 I chatty  : uid=1000(system) Binder:1425_2 expire 2 lines
05-08 18:15:36.903  1337  1371 D QMI_FW  : chen-screen on: is_screen_off = 0 
05-08 18:15:36.907  1318  1358 D QMI_FW  : chen-screen on: is_screen_off = 0 
05-08 18:15:37.128  1425  4445 I chatty  : uid=1000(system) Binder:1425_A expire 6 lines
05-08 18:15:37.156  1425  5133 I chatty  : uid=1000(system) Binder:1425_10 expire 4 lines
05-08 18:15:37.158  1425  1459 I chatty  : uid=1000(system) ActivityManager expire 11 lines
05-08 18:15:37.158  1425  1527 I chatty  : uid=1000(system) android.fg expire 6 lines
05-08 18:15:37.256  1425  3738 I chatty  : uid=1000(system) Binder:1425_5 expire 3 lines
05-08 18:15:37.265  3624  3624 V KeyguardStatusView: refresh statusview showing:true
05-08 18:15:37.274  3624  3624 V KeyguardDisplayManager: show
05-08 18:15:39.316  1425  1461 I chatty  : uid=1000(system) ActivityManager expire 3 lines
05-08 18:15:40.044  1425  2366 I chatty  : uid=1000(system) AlarmManager expire 11 lines
05-08 18:15:41.875  1425 29498 I chatty  : uid=1000 system_server expire 6 lines
05-08 18:15:47.691  1425 29519 I chatty  : uid=1000 system_server expire 4 lines
05-08 18:15:47.834  1425  1456 I chatty  : uid=1000(system) android.bg expire 3 lines
05-08 18:15:53.922  1425 29525 I chatty  : uid=1000 system_server expire 2 lines
05-08 18:16:04.503  1425 29543 I chatty  : uid=1000 system_server expire 1 line
05-08 18:16:05.921   928  1090 E storaged: getDiskStats failed with result NOT_SUPPORTED and size 0
05-08 18:16:09.579  1425  1425 I chatty  : uid=1000 system_server expire 16 lines
05-08 18:16:09.580  1425  1531 I chatty  : uid=1000(system) PowerManagerSer expire 26 lines
05-08 18:16:09.623  1425  1460 I chatty  : uid=1000(system) android.ui expire 4 lines
05-08 18:16:09.627  1425 11050 I chatty  : uid=1000(system) Binder:1425_18 expire 3 lines
05-08 18:16:09.638  1337  1371 D QMI_FW  : chen-screen on: is_screen_off = 0 
05-08 18:16:09.640  1318  1358 D QMI_FW  : chen-screen on: is_screen_off = 0 
05-08 18:16:09.736  1425  9835 I chatty  : uid=1000(system) Binder:1425_14 expire 3 lines
05-08 18:16:10.792  1425  2340 I chatty  : uid=1000(system) Binder:1425_3 expire 2 lines
05-08 18:16:19.736  1337  1371 D QMI_FW  : chen-screen on: is_screen_off = 0 
05-08 18:16:19.739  1318  1358 D QMI_FW  : chen-screen on: is_screen_off = 0 
05-08 18:16:19.764  1425  1425 I chatty  : uid=1000 system_server expire 9 lines
05-08 18:16:19.963  1425  1531 I chatty  : uid=1000(system) PowerManagerSer expire 3 lines
05-08 18:16:31.129  1425 29673 I chatty  : uid=1000 system_server expire 1 line
05-08 18:17:05.923   928  1090 E storaged: getDiskStats failed with result NOT_SUPPORTED and size 0
05-08 18:17:43.106  1425  2366 I chatty  : uid=1000(system) AlarmManager expire 11 lines
05-08 18:17:43.351 29719 29719 D ActivityThread: Loading provider com.google.android.gmail.provider;com.android.mail.notifier;com.google.android.gm.email.provider;com.google.android.gm.tasks.provider;com.google.android.gm.email.notifier: com.android.email.provider.EmailProvider
05-08 18:17:43.645 29719 29719 D ActivityThread: Loading provider com.google.android.gm.sapi: com.google.android.gm.sapi.SapiUiProvider
05-08 18:17:44.030  1425  1437 I chatty  : uid=1000(system) Binder:1425_2 expire 3 lines
05-08 18:17:55.388  1425 29827 I chatty  : uid=1000 system_server expire 1 line
05-08 18:18:05.948   928  1090 E storaged: getDiskStats failed with result NOT_SUPPORTED and size 0
05-08 18:18:24.833  1425  2380 I chatty  : uid=1000(system) InputReader expire 7 lines
05-08 18:18:24.834  1425  1425 I chatty  : uid=1000 system_server expire 34 lines
05-08 18:18:24.834  1425  1531 I chatty  : uid=1000(system) PowerManagerSer expire 21 lines
05-08 18:18:24.844  1425  3551 I chatty  : uid=1000(system) ColorBalanceThr expire 11 lines
05-08 18:18:24.883  1425  1529 I chatty  : uid=1000(system) android.display expire 6 lines
05-08 18:18:24.899  1425  1460 I chatty  : uid=1000(system) android.ui expire 9 lines
05-08 18:18:24.923  1318  1358 D QMI_FW  : chen-screen on: is_screen_off = 0 
05-08 18:18:24.923  1337  1371 D QMI_FW  : chen-screen on: is_screen_off = 0 
05-08 18:18:24.995  1425 10666 I chatty  : uid=1000(system) Binder:1425_16 expire 7 lines
05-08 18:18:25.037  1425  1459 I chatty  : uid=1000(system) ActivityManager expire 10 lines
05-08 18:18:25.165  1425  3530 I chatty  : uid=1000(system) NetworkPolicy expire 2 lines
05-08 18:18:25.532  1425  2376 I chatty  : uid=1000(system) HwBinder:1425_2 expire 2 lines
05-08 18:18:25.546  1425 11480 I chatty  : uid=1000(system) Binder:1425_1A expire 32 lines
05-08 18:18:25.547  3624  3624 W FingerprintManager: Invalid acquired message: 6, 0
05-08 18:18:26.013  1425  1527 I chatty  : uid=1000(system) android.fg expire 13 lines
05-08 18:18:26.014  1425  2389 I chatty  : uid=1000(system) OIMC expire 6 lines
05-08 18:18:26.026  3624  3624 V KeyguardDisplayManager: hide
05-08 18:18:26.041  1425  5133 I chatty  : uid=1000(system) Binder:1425_10 expire 3 lines
05-08 18:18:26.081  1425  9835 I chatty  : uid=1000(system) Binder:1425_14 expire 7 lines
05-08 18:18:26.114  1425 12092 I chatty  : uid=1000(system) Binder:1425_1B expire 28 lines
05-08 18:18:27.842  1425 11050 I chatty  : uid=1000(system) Binder:1425_18 expire 18 lines
05-08 18:18:35.561  1337  1371 D QMI_FW  : chen-screen on: is_screen_off = 0 
05-08 18:18:35.564  1318  1358 D QMI_FW  : chen-screen on: is_screen_off = 0 
05-08 18:18:35.788  1425  1531 I chatty  : uid=1000(system) PowerManagerSer expire 10 lines
05-08 18:18:35.791  1425  1425 I chatty  : uid=1000 system_server expire 13 lines
05-08 18:18:35.799  1425 11480 I chatty  : uid=1000(system) Binder:1425_1A expire 1 line
05-08 18:18:35.850  1425  1459 I chatty  : uid=1000(system) ActivityManager expire 2 lines
05-08 18:18:35.946  3624  3624 V KeyguardStatusView: refresh statusview showing:true
05-08 18:18:35.952  3624  3624 V KeyguardDisplayManager: show
05-08 18:18:36.464  1425  1456 I chatty  : uid=1000(system) android.bg expire 1 line
05-08 18:18:40.591  1425 30024 I chatty  : uid=1000 system_server expire 1 line
05-08 18:18:46.988  1425 30058 I chatty  : uid=1000 system_server expire 1 line
05-08 18:18:52.615  1337  1371 D QMI_FW  : chen-screen on: is_screen_off = 0 
05-08 18:18:52.616  1318  1358 D QMI_FW  : chen-screen on: is_screen_off = 0 
05-08 18:18:52.657  1425  1425 I chatty  : uid=1000 system_server expire 21 lines
05-08 18:18:52.681  1425  1460 I chatty  : uid=1000(system) android.ui expire 5 lines
05-08 18:18:52.681  1425  1531 I chatty  : uid=1000(system) PowerManagerSer expire 5 lines
05-08 18:18:52.699  1425 10666 I chatty  : uid=1000(system) Binder:1425_16 expire 13 lines
05-08 18:18:52.851  1425  3530 I chatty  : uid=1000(system) NetworkPolicy expire 2 lines
05-08 18:18:52.853  1425  2340 I chatty  : uid=1000(system) Binder:1425_3 expire 12 lines
05-08 18:18:54.626  1425  2376 I chatty  : uid=1000(system) HwBinder:1425_2 expire 2 lines
05-08 18:18:54.638  3624  3624 W FingerprintManager: Invalid acquired message: 6, 0
05-08 18:18:55.045  1425  1459 I chatty  : uid=1000(system) ActivityManager expire 11 lines
05-08 18:18:55.149  1425 11050 I chatty  : uid=1000(system) Binder:1425_18 expire 15 lines
05-08 18:18:55.154  1425  1527 I chatty  : uid=1000(system) android.fg expire 7 lines
05-08 18:18:55.158  1425  2389 I chatty  : uid=1000(system) OIMC expire 6 lines
05-08 18:18:55.161  3624  3624 V KeyguardDisplayManager: hide
05-08 18:18:55.193  1425  9835 I chatty  : uid=1000(system) Binder:1425_14 expire 15 lines
05-08 18:18:55.202  1425 11480 I chatty  : uid=1000(system) Binder:1425_1A expire 21 lines
05-08 18:18:57.744  1425 10327 I chatty  : uid=1000(system) Binder:1425_15 expire 18 lines
05-08 18:19:00.000  1425  2366 I chatty  : uid=1000(system) AlarmManager expire 2 lines
05-08 18:19:00.201  1425 12092 I chatty  : uid=1000(system) Binder:1425_1B expire 36 lines
05-08 18:19:03.277  1425  3738 I chatty  : uid=1000(system) Binder:1425_5 expire 10 lines
05-08 18:19:05.345  1425  1456 I chatty  : uid=1000(system) android.bg expire 1 line
05-08 18:19:05.948   928  1090 E storaged: getDiskStats failed with result NOT_SUPPORTED and size 0
05-08 18:19:09.299  1425  9835 I chatty  : uid=1000(system) Binder:1425_14 expire 34 lines
05-08 18:19:12.975  1425  2340 I chatty  : uid=1000(system) Binder:1425_3 expire 8 lines
05-08 18:19:14.571  1425  2380 I chatty  : uid=1000(system) InputReader expire 6 lines
05-08 18:19:15.015  1425  2378 I chatty  : uid=1000(system) InputDispatcher expire 1 line
05-08 18:19:15.542  1425  1425 I chatty  : uid=1000 system_server expire 21 lines
05-08 18:19:15.995  1425 11480 I chatty  : uid=1000(system) Binder:1425_1A expire 1 line
05-08 18:19:16.022  1425  1459 I chatty  : uid=1000(system) ActivityManager expire 33 lines
05-08 18:19:16.527  1425  2389 I chatty  : uid=1000(system) OIMC expire 8 lines
05-08 18:19:17.756  1425  3530 I chatty  : uid=1000(system) NetworkPolicy expire 6 lines
05-08 18:19:18.484  1425 30327 I chatty  : uid=1000 system_server expire 3 lines
05-08 18:19:29.783  1425  2366 I chatty  : uid=1000(system) AlarmManager expire 4 lines
05-08 18:19:44.123  1425  2380 I chatty  : uid=1000(system) InputReader expire 5 lines
05-08 18:19:44.124  1425  1531 I chatty  : uid=1000(system) PowerManagerSer expire 12 lines
05-08 18:19:44.189  1425  3551 I chatty  : uid=1000(system) ColorBalanceThr expire 7 lines
05-08 18:19:44.270  1425  1529 I chatty  : uid=1000(system) android.display expire 3 lines
05-08 18:19:44.290  1425 10327 I chatty  : uid=1000(system) Binder:1425_15 expire 9 lines
05-08 18:19:44.295  1318  1358 D QMI_FW  : chen-screen on: is_screen_off = 0 
05-08 18:19:44.301  1337  1371 D QMI_FW  : chen-screen on: is_screen_off = 0 
05-08 18:19:44.322  1425  1425 I chatty  : uid=1000 system_server expire 10 lines
05-08 18:19:44.512  1425  9835 I chatty  : uid=1000(system) Binder:1425_14 expire 3 lines
05-08 18:19:44.554  1425 10666 I chatty  : uid=1000(system) Binder:1425_16 expire 3 lines
05-08 18:19:44.561  1425  1527 I chatty  : uid=1000(system) android.fg expire 10 lines
05-08 18:19:44.654  1425 10734 I chatty  : uid=1000(system) Binder:1425_17 expire 3 lines
05-08 18:19:44.663  3624  3624 V KeyguardStatusView: refresh statusview showing:true
05-08 18:19:44.671  3624  3624 V KeyguardDisplayManager: show
05-08 18:19:44.935  1425  4842 I chatty  : uid=1000(system) Binder:1425_B expire 17 lines
05-08 18:19:55.683  1425 30396 I chatty  : uid=1000 system_server expire 1 line
05-08 18:20:05.951   928  1090 E storaged: getDiskStats failed with result NOT_SUPPORTED and size 0
05-08 18:20:08.945  1425  1531 I chatty  : uid=1000(system) PowerManagerSer expire 12 lines
05-08 18:20:09.002  1425  1460 I chatty  : uid=1000(system) android.ui expire 7 lines
05-08 18:20:09.017  1337  1371 D QMI_FW  : chen-screen on: is_screen_off = 0 
05-08 18:20:09.033  1318  1358 D QMI_FW  : chen-screen on: is_screen_off = 0 
05-08 18:20:09.087  1425  1425 I chatty  : uid=1000 system_server expire 20 lines
05-08 18:20:09.620  1425  2348 I chatty  : uid=1000(system) HwBinder:1425_1 expire 2 lines
05-08 18:20:09.630  3624  3624 W FingerprintManager: Invalid acquired message: 6, 0
05-08 18:20:09.757  1425  2340 I chatty  : uid=1000(system) Binder:1425_3 expire 10 lines
05-08 18:20:10.038  1425  4445 I chatty  : uid=1000(system) Binder:1425_A expire 2 lines
05-08 18:20:10.041  1425  1459 I chatty  : uid=1000(system) ActivityManager expire 11 lines
05-08 18:20:10.095  3624  3624 V KeyguardDisplayManager: hide
05-08 18:20:10.190  1425  1527 I chatty  : uid=1000(system) android.fg expire 3 lines
05-08 18:20:13.367  1425 12092 I chatty  : uid=1000(system) Binder:1425_1B expire 40 lines
05-08 18:20:13.819  1425  5133 I chatty  : uid=1000(system) Binder:1425_10 expire 40 lines
05-08 18:20:19.527  1425 12092 I chatty  : uid=1000(system) Binder:1425_1B expire 6 lines
05-08 18:20:19.898  1425  2340 I chatty  : uid=1000(system) Binder:1425_3 expire 6 lines
05-08 18:20:20.247  1425 11480 I chatty  : uid=1000(system) Binder:1425_1A expire 8 lines
05-08 18:20:20.345  1425  9835 I chatty  : uid=1000(system) Binder:1425_14 expire 18 lines
05-08 18:20:20.366  1425  1425 I chatty  : uid=1000 system_server expire 17 lines
05-08 18:20:20.481  1425 10734 I chatty  : uid=1000(system) Binder:1425_17 expire 20 lines
05-08 18:20:20.528  1425  1456 I chatty  : uid=1000(system) android.bg expire 1 line
05-08 18:20:20.544  1425 10327 I chatty  : uid=1000(system) Binder:1425_15 expire 52 lines
05-08 18:20:27.873  1425  4842 I chatty  : uid=1000(system) Binder:1425_B expire 30 lines
05-08 18:20:35.518  1425  2366 I chatty  : uid=1000(system) AlarmManager expire 5 lines
05-08 18:20:39.114  1425  2380 I chatty  : uid=1000(system) InputReader expire 7 lines
05-08 18:20:39.321  1425  1459 I chatty  : uid=1000(system) ActivityManager expire 4 lines
05-08 18:20:39.832  1425  2389 I chatty  : uid=1000(system) OIMC expire 2 lines
05-08 18:20:40.053  1425  1531 I chatty  : uid=1000(system) PowerManagerSer expire 14 lines
05-08 18:20:40.112  1425  3551 I chatty  : uid=1000(system) ColorBalanceThr expire 4 lines
05-08 18:20:40.202  1425  1529 I chatty  : uid=1000(system) android.display expire 1 line
05-08 18:20:40.225  1337  1371 D QMI_FW  : chen-screen on: is_screen_off = 0 
05-08 18:20:40.231  1318  1358 D QMI_FW  : chen-screen on: is_screen_off = 0 
05-08 18:20:40.240  1425  5133 I chatty  : uid=1000(system) Binder:1425_10 expire 1 line
05-08 18:20:40.430  1425  1425 I chatty  : uid=1000 system_server expire 5 lines
05-08 18:20:40.439  1425  9835 I chatty  : uid=1000(system) Binder:1425_14 expire 3 lines
05-08 18:20:40.469  1425  1527 I chatty  : uid=1000(system) android.fg expire 6 lines
05-08 18:20:40.585  3624  3624 V KeyguardStatusView: refresh statusview showing:true
05-08 18:20:40.593  3624  3624 V KeyguardDisplayManager: show
05-08 18:20:45.231  1425 30771 I chatty  : uid=1000 system_server expire 4 lines
05-08 18:20:50.848  1425 30774 I chatty  : uid=1000 system_server expire 1 line
05-08 18:20:58.030  1425  2377 I chatty  : uid=1000(system) HwBinder:1425_3 expire 1 line
05-08 18:20:58.032  1425 11050 I chatty  : uid=1000(system) Binder:1425_18 expire 4 lines
05-08 18:20:58.032  1425  1460 I chatty  : uid=1000(system) android.ui expire 14 lines
05-08 18:20:58.037  1425  3551 I chatty  : uid=1000(system) ColorBalanceThr expire 10 lines
05-08 18:20:58.045  3624  3624 W FingerprintManager: Invalid acquired message: 6, 0
05-08 18:20:58.052  1425  1531 I chatty  : uid=1000(system) PowerManagerSer expire 24 lines
05-08 18:20:58.065  1425  1425 I chatty  : uid=1000 system_server expire 42 lines
05-08 18:20:58.071  1425  1529 I chatty  : uid=1000(system) android.display expire 6 lines
05-08 18:20:58.095  1425 12092 I chatty  : uid=1000(system) Binder:1425_1B expire 6 lines
05-08 18:20:58.098  1318  1358 D QMI_FW  : chen-screen on: is_screen_off = 0 
05-08 18:20:58.101  1337  1371 D QMI_FW  : chen-screen on: is_screen_off = 0 
05-08 18:20:58.136  1425  2377 I chatty  : uid=1000(system) HwBinder:1425_3 expire 3 lines
05-08 18:20:58.164  1425 11050 I chatty  : uid=1000(system) Binder:1425_18 expire 20 lines
05-08 18:20:58.171  1425  9835 I chatty  : uid=1000(system) Binder:1425_14 expire 7 lines
05-08 18:20:58.173  1425  1459 I chatty  : uid=1000(system) ActivityManager expire 14 lines
05-08 18:20:58.221  1425  1527 I chatty  : uid=1000(system) android.fg expire 13 lines
05-08 18:20:58.221  1425  2389 I chatty  : uid=1000(system) OIMC expire 6 lines
05-08 18:20:58.225  3624  3624 V KeyguardDisplayManager: hide
05-08 18:20:58.273  1425  4842 I chatty  : uid=1000(system) Binder:1425_B expire 5 lines
05-08 18:20:58.450  1425  3530 I chatty  : uid=1000(system) NetworkPolicy expire 4 lines
05-08 18:20:59.999  1425  2366 I chatty  : uid=1000(system) AlarmManager expire 2 lines
05-08 18:21:00.793  1425 11480 I chatty  : uid=1000(system) Binder:1425_1A expire 16 lines
05-08 18:21:00.949  1425  2340 I chatty  : uid=1000(system) Binder:1425_3 expire 7 lines
05-08 18:21:05.521  1425  2380 I chatty  : uid=1000(system) InputReader expire 3 lines
05-08 18:21:05.705  1337  1371 D QMI_FW  : chen-screen on: is_screen_off = 0 
05-08 18:21:05.707  1318  1358 D QMI_FW  : chen-screen on: is_screen_off = 0 
05-08 18:21:05.951   928  1090 E storaged: getDiskStats failed with result NOT_SUPPORTED and size 0
05-08 18:21:05.959  1425 10734 I chatty  : uid=1000(system) Binder:1425_17 expire 3 lines
05-08 18:21:06.069  3624  3624 V KeyguardStatusView: refresh statusview showing:true
05-08 18:21:06.083  3624  3624 V KeyguardDisplayManager: show
05-08 18:21:08.650  1425  1456 I chatty  : uid=1000(system) android.bg expire 1 line
05-08 18:21:09.931  1425 10666 I chatty  : uid=1000(system) Binder:1425_16 expire 9 lines
05-08 18:21:09.948  3624  3624 W FingerprintManager: Invalid acquired message: 6, 0
05-08 18:21:09.948  1425  1425 I chatty  : uid=1000 system_server expire 12 lines
05-08 18:21:09.968  1425  1531 I chatty  : uid=1000(system) PowerManagerSer expire 10 lines
05-08 18:21:10.004  1337  1371 D QMI_FW  : chen-screen on: is_screen_off = 0 
05-08 18:21:10.014  1318  1358 D QMI_FW  : chen-screen on: is_screen_off = 0 
05-08 18:21:10.061  1425  1459 I chatty  : uid=1000(system) ActivityManager expire 10 lines
05-08 18:21:10.120  1425  1527 I chatty  : uid=1000(system) android.fg expire 7 lines
05-08 18:21:10.124  3624  3624 V KeyguardDisplayManager: hide
05-08 18:21:10.829  1425 11050 I chatty  : uid=1000(system) Binder:1425_18 expire 10 lines
05-08 18:21:11.149  1425 10666 I chatty  : uid=1000(system) Binder:1425_16 expire 9 lines
05-08 18:21:11.387  1425  4842 I chatty  : uid=1000(system) Binder:1425_B expire 10 lines
05-08 18:21:13.424  1425  2380 I chatty  : uid=1000(system) InputReader expire 12 lines
05-08 18:21:13.425  1425  1531 I chatty  : uid=1000(system) PowerManagerSer expire 33 lines
05-08 18:21:13.425  1425  1425 I chatty  : uid=1000 system_server expire 56 lines
05-08 18:21:13.497  1425  3551 I chatty  : uid=1000(system) ColorBalanceThr expire 10 lines
05-08 18:21:13.501  1425  1529 I chatty  : uid=1000(system) android.display expire 6 lines
05-08 18:21:13.572  1337  1371 D QMI_FW  : chen-screen on: is_screen_off = 0 
05-08 18:21:13.573  1318  1358 D QMI_FW  : chen-screen on: is_screen_off = 0 
05-08 18:21:13.813  1425  2340 I chatty  : uid=1000(system) Binder:1425_3 expire 8 lines
05-08 18:21:13.870  1425  1459 I chatty  : uid=1000(system) ActivityManager expire 14 lines
05-08 18:21:13.870  1425  1527 I chatty  : uid=1000(system) android.fg expire 13 lines
05-08 18:21:13.956  3624  3624 V KeyguardStatusView: refresh statusview showing:true
05-08 18:21:13.972  3624  3624 V KeyguardDisplayManager: show
05-08 18:21:16.763  1425  2377 I chatty  : uid=1000(system) HwBinder:1425_3 expire 4 lines
05-08 18:21:16.766  1425  1460 I chatty  : uid=1000(system) android.ui expire 8 lines
05-08 18:21:16.769  1425 10734 I chatty  : uid=1000(system) Binder:1425_17 expire 4 lines
05-08 18:21:16.773  3624  3624 W FingerprintManager: Invalid acquired message: 6, 0
05-08 18:21:16.859  1337  1371 D QMI_FW  : chen-screen on: is_screen_off = 0 
05-08 18:21:16.867  1318  1358 D QMI_FW  : chen-screen on: is_screen_off = 0 
05-08 18:21:16.888  1425  9835 I chatty  : uid=1000(system) Binder:1425_14 expire 8 lines
05-08 18:21:16.964  1425  2389 I chatty  : uid=1000(system) OIMC expire 8 lines
05-08 18:21:16.970  3624  3624 V KeyguardDisplayManager: hide
05-08 18:21:16.994  1425 12092 I chatty  : uid=1000(system) Binder:1425_1B expire 2 lines
05-08 18:21:17.173  1425  3530 I chatty  : uid=1000(system) NetworkPolicy expire 2 lines
05-08 18:21:17.955  1425  2343 I chatty  : uid=1000(system) android.anim expire 1 line
05-08 18:21:18.200  1425  2378 I chatty  : uid=1000(system) InputDispatcher expire 2 lines
05-08 18:21:20.563  1425  1461 I chatty  : uid=1000(system) ActivityManager expire 1 line
05-08 18:21:20.575  1425  1456 I chatty  : uid=1000(system) android.bg expire 1 line
05-08 18:21:21.591  1425  2366 I chatty  : uid=1000(system) AlarmManager expire 7 lines
05-08 18:21:35.433  1337  1371 D QMI_FW  : chen-screen on: is_screen_off = 0 
05-08 18:21:35.443  1318  1358 D QMI_FW  : chen-screen on: is_screen_off = 0 
05-08 18:21:35.646  1425  1531 I chatty  : uid=1000(system) PowerManagerSer expire 10 lines
05-08 18:21:35.649  1425  1425 I chatty  : uid=1000 system_server expire 3 lines
05-08 18:21:35.676  1425  5133 I chatty  : uid=1000(system) Binder:1425_10 expire 3 lines
05-08 18:21:35.699  1425  1459 I chatty  : uid=1000(system) ActivityManager expire 1 line
05-08 18:21:35.700  1425  1527 I chatty  : uid=1000(system) android.fg expire 6 lines
05-08 18:21:35.810  3624  3624 V KeyguardStatusView: refresh statusview showing:true
05-08 18:21:35.816  1425 11050 I chatty  : uid=1000(system) Binder:1425_18 expire 1 line
05-08 18:21:35.828  3624  3624 V KeyguardDisplayManager: show
05-08 18:21:35.882  3624  3624 W FingerprintManager: Invalid acquired message: 6, 0
05-08 18:21:35.882  1425  3551 I chatty  : uid=1000(system) ColorBalanceThr expire 11 lines
05-08 18:21:35.926  1425  1460 I chatty  : uid=1000(system) android.ui expire 10 lines
05-08 18:21:35.943  1425  5133 I chatty  : uid=1000(system) Binder:1425_10 expire 1 line
05-08 18:21:35.944  1337  1371 D QMI_FW  : chen-screen on: is_screen_off = 0 
05-08 18:21:35.948  1318  1358 D QMI_FW  : chen-screen on: is_screen_off = 0 
05-08 18:21:36.008  1425  1529 I chatty  : uid=1000(system) android.display expire 12 lines
05-08 18:21:36.040  1425  1459 I chatty  : uid=1000(system) ActivityManager expire 13 lines
05-08 18:21:36.054  1425 12092 I chatty  : uid=1000(system) Binder:1425_1B expire 8 lines
05-08 18:21:36.065  1425  1425 I chatty  : uid=1000 system_server expire 21 lines
05-08 18:21:36.068  1425  1531 I chatty  : uid=1000(system) PowerManagerSer expire 10 lines
05-08 18:21:36.132  1337  1371 D QMI_FW  : chen-screen on: is_screen_off = 0 
05-08 18:21:36.137  1318  1358 D QMI_FW  : chen-screen on: is_screen_off = 0 
05-08 18:21:36.140  1425  3810 I chatty  : uid=1000(system) mConsumptionDet expire 1 line
05-08 18:21:36.292  1425  3530 I chatty  : uid=1000(system) NetworkPolicy expire 8 lines
05-08 18:21:36.433  1425 11480 I chatty  : uid=1000(system) Binder:1425_1A expire 4 lines
05-08 18:21:41.171  1425 31268 I chatty  : uid=1000 system_server expire 7 lines
05-08 18:21:46.991  1425  1456 I chatty  : uid=1000(system) android.bg expire 1 line
05-08 18:21:47.508  1425 31282 I chatty  : uid=1000 system_server expire 1 line
05-08 18:21:50.789  1425  2366 I chatty  : uid=1000(system) AlarmManager expire 4 lines
05-08 18:21:53.113  1425 31285 I chatty  : uid=1000 system_server expire 1 line
05-08 18:22:05.952   928  1090 E storaged: getDiskStats failed with result NOT_SUPPORTED and size 0
05-08 18:22:31.408   930   930 I wificond: Station 00:15:00:e8:9a:a4 disassociated from hotspot
05-08 18:23:06.146   928  1090 E storaged: getDiskStats failed with result NOT_SUPPORTED and size 0
05-08 18:23:13.657  1425  2340 I chatty  : uid=1000(system) Binder:1425_3 expire 5 lines
05-08 18:23:13.657  1425  1425 I chatty  : uid=1000 system_server expire 14 lines
05-08 18:23:13.658  1425  1531 I chatty  : uid=1000(system) PowerManagerSer expire 26 lines
05-08 18:23:13.697  1425  9835 I chatty  : uid=1000(system) Binder:1425_14 expire 1 line
05-08 18:23:13.712  1337  1371 D QMI_FW  : chen-screen on: is_screen_off = 0 
05-08 18:23:13.713  1318  1358 D QMI_FW  : chen-screen on: is_screen_off = 0 
05-08 18:23:13.789  1425  3769 I chatty  : uid=1000(system) Binder:1425_7 expire 4 lines
05-08 18:23:13.790  1425  2389 I chatty  : uid=1000(system) OIMC expire 6 lines
05-08 18:23:14.381 29610 31433 E ActivityThread: Failed to find provider info for com.facebook.katana.provider.AttributionIdProvider
05-08 18:23:14.911  1425 10327 I chatty  : uid=1000(system) Binder:1425_15 expire 10 lines
05-08 18:23:14.933  1425  1461 I chatty  : uid=1000(system) ActivityManager expire 3 lines
05-08 18:23:23.722  1425  3551 I chatty  : uid=1000(system) ColorBalanceThr expire 7 lines
05-08 18:23:23.780  1425 10666 I chatty  : uid=1000(system) Binder:1425_16 expire 2 lines
05-08 18:23:23.808  1318  1358 D QMI_FW  : chen-screen on: is_screen_off = 0 
05-08 18:23:23.809  1337  1371 D QMI_FW  : chen-screen on: is_screen_off = 0 
05-08 18:23:24.022  1425  1531 I chatty  : uid=1000(system) PowerManagerSer expire 15 lines
05-08 18:23:24.024  1425  1425 I chatty  : uid=1000 system_server expire 16 lines
05-08 18:23:24.222  1425  1459 I chatty  : uid=1000(system) ActivityManager expire 11 lines
05-08 18:23:27.179  1425  2348 I chatty  : uid=1000(system) HwBinder:1425_1 expire 2 lines
05-08 18:23:27.180  1425 19423 I chatty  : uid=1000(system) Binder:1425_1E expire 6 lines
05-08 18:23:27.181  1425  1460 I chatty  : uid=1000(system) android.ui expire 7 lines
05-08 18:23:27.184  3624  3624 W FingerprintManager: Invalid acquired message: 6, 0
05-08 18:23:27.209  1425  1529 I chatty  : uid=1000(system) android.display expire 2 lines
05-08 18:23:27.235  1337  1371 D QMI_FW  : chen-screen on: is_screen_off = 0 
05-08 18:23:27.241  1318  1358 D QMI_FW  : chen-screen on: is_screen_off = 0 
05-08 18:23:27.336  3624  3624 V KeyguardDisplayManager: hide
05-08 18:23:27.337  1425 10327 I chatty  : uid=1000(system) Binder:1425_15 expire 2 lines
05-08 18:23:27.339  1425  1527 I chatty  : uid=1000(system) android.fg expire 13 lines
05-08 18:23:27.625  1425 10666 I chatty  : uid=1000(system) Binder:1425_16 expire 7 lines
05-08 18:23:27.698  1425  1425 I chatty  : uid=1000 system_server expire 43 lines
05-08 18:23:27.807  1425  2389 I chatty  : uid=1000(system) OIMC expire 10 lines
05-08 18:23:28.195  1425 19423 I chatty  : uid=1000(system) Binder:1425_1E expire 1 line
05-08 18:23:28.220  1425  1459 I chatty  : uid=1000(system) ActivityManager expire 10 lines
05-08 18:23:28.917  1425  2380 I chatty  : uid=1000(system) InputReader expire 9 lines
05-08 18:23:30.702  1425  4842 I chatty  : uid=1000(system) Binder:1425_B expire 10 lines
05-08 18:23:34.596  1425  1456 I chatty  : uid=1000(system) android.bg expire 3 lines
05-08 18:23:34.825  1425  3738 I chatty  : uid=1000(system) Binder:1425_5 expire 5 lines
05-08 18:23:34.867  1425  3537 I chatty  : uid=1000(system) ConnectivitySer expire 35 lines
05-08 18:23:34.920  1425  1461 I chatty  : uid=1000(system) ActivityManager expire 2 lines
05-08 18:23:36.203  1425  1531 I chatty  : uid=1000(system) PowerManagerSer expire 14 lines
05-08 18:23:36.244  1425  3551 I chatty  : uid=1000(system) ColorBalanceThr expire 7 lines
05-08 18:23:36.280  1425  1529 I chatty  : uid=1000(system) android.display expire 3 lines
05-08 18:23:36.295  1425 10734 I chatty  : uid=1000(system) Binder:1425_17 expire 4 lines
05-08 18:23:36.303  1318  1358 D QMI_FW  : chen-screen on: is_screen_off = 0 
05-08 18:23:36.304  1337  1371 D QMI_FW  : chen-screen on: is_screen_off = 0 
05-08 18:23:36.590  3624  3624 V KeyguardStatusView: refresh statusview showing:true
05-08 18:23:36.598  3624  3624 V KeyguardDisplayManager: show
05-08 18:23:37.412  1425  2366 I chatty  : uid=1000(system) AlarmManager expire 11 lines
05-08 18:23:41.336  1425 31874 I chatty  : uid=1000 system_server expire 2 lines
05-08 18:23:47.640  1425 31892 I chatty  : uid=1000 system_server expire 2 lines
05-08 18:23:50.762  1425  1464 I chatty  : uid=1000(system) batterystats-wo expire 3 lines
05-08 18:24:36.899  1425  2377 I chatty  : uid=1000(system) HwBinder:1425_3 expire 2 lines
05-08 18:24:36.900  1425 11361 I chatty  : uid=1000(system) Binder:1425_19 expire 5 lines
05-08 18:24:36.900  1425  1460 I chatty  : uid=1000(system) android.ui expire 7 lines
05-08 18:24:36.905  3624  3624 W FingerprintManager: Invalid acquired message: 6, 0
05-08 18:24:36.906  1425  1531 I chatty  : uid=1000(system) PowerManagerSer expire 10 lines
05-08 18:24:36.913  1425  1425 I chatty  : uid=1000 system_server expire 20 lines
05-08 18:24:36.934  1337  1371 D QMI_FW  : chen-screen on: is_screen_off = 0 
05-08 18:24:36.935  1318  1358 D QMI_FW  : chen-screen on: is_screen_off = 0 
05-08 18:24:37.030  1425  1459 I chatty  : uid=1000(system) ActivityManager expire 12 lines
05-08 18:24:37.056  1425  3769 I chatty  : uid=1000(system) Binder:1425_7 expire 4 lines
05-08 18:24:37.058  1425  3537 I chatty  : uid=1000(system) ConnectivitySer expire 34 lines
05-08 18:24:37.072  3624  3624 V KeyguardDisplayManager: hide
05-08 18:24:37.084  1425  3530 I chatty  : uid=1000(system) NetworkPolicy expire 6 lines
05-08 18:24:37.085  1425  1527 I chatty  : uid=1000(system) android.fg expire 7 lines
05-08 18:24:37.230  1425  5526 I chatty  : uid=1000(system) Binder:1425_13 expire 2 lines
05-08 18:24:37.237  1425 10327 I chatty  : uid=1000(system) Binder:1425_15 expire 1 line
05-08 18:24:45.673   928  1090 E storaged: getDiskStats failed with result NOT_SUPPORTED and size 0
05-08 18:24:47.223  1425  2366 I chatty  : uid=1000(system) AlarmManager expire 12 lines
05-08 18:25:14.219  1425  3537 I chatty  : uid=1000(system) ConnectivitySer expire 35 lines
05-08 18:25:14.240  1425 10734 I chatty  : uid=1000(system) Binder:1425_17 expire 3 lines
05-08 18:25:14.730  1425  1425 I chatty  : uid=1000 system_server expire 16 lines
05-08 18:25:14.732  1425  2389 I chatty  : uid=1000(system) OIMC expire 8 lines
05-08 18:25:15.320  1425  1461 I chatty  : uid=1000(system) ActivityManager expire 1 line
05-08 18:25:15.362  1425  2380 I chatty  : uid=1000(system) InputReader expire 5 lines
05-08 18:25:15.362  1425  1531 I chatty  : uid=1000(system) PowerManagerSer expire 12 lines
05-08 18:25:15.435  1425  3551 I chatty  : uid=1000(system) ColorBalanceThr expire 10 lines
05-08 18:25:15.511  1425  1529 I chatty  : uid=1000(system) android.display expire 4 lines
05-08 18:25:15.532  1337  1371 D QMI_FW  : chen-screen on: is_screen_off = 0 
05-08 18:25:15.534  1318  1358 D QMI_FW  : chen-screen on: is_screen_off = 0 
05-08 18:25:15.770  1425 10327 I chatty  : uid=1000(system) Binder:1425_15 expire 3 lines
05-08 18:25:15.789  1425  1459 I chatty  : uid=1000(system) ActivityManager expire 34 lines
05-08 18:25:15.789  1425  1527 I chatty  : uid=1000(system) android.fg expire 15 lines
05-08 18:25:15.898  3624  3624 V KeyguardStatusView: refresh statusview showing:true
05-08 18:25:15.904  1425  2340 I chatty  : uid=1000(system) Binder:1425_3 expire 4 lines
05-08 18:25:15.913  3624  3624 V KeyguardDisplayManager: show
05-08 18:25:16.162 32031 32108 E ActivityThread: Failed to find provider info for com.facebook.katana.provider.AttributionIdProvider
05-08 18:25:16.451  1425  2366 I chatty  : uid=1000(system) AlarmManager expire 27 lines
05-08 18:25:16.949  1425 12092 I chatty  : uid=1000(system) Binder:1425_1B expire 5 lines
05-08 18:25:20.510  1425 32242 I chatty  : uid=1000 system_server expire 3 lines
05-08 18:25:24.680   930   930 I wificond: New station 00:15:00:e8:9a:a4 associated with hotspot
05-08 18:25:26.901  1425 32252 I chatty  : uid=1000 system_server expire 1 line
05-08 18:25:37.224  1425 32254 I chatty  : uid=1000 system_server expire 1 line
05-08 18:25:45.676   928  1090 E storaged: getDiskStats failed with result NOT_SUPPORTED and size 0
05-08 18:25:50.915  1425 32268 I chatty  : uid=1000 system_server expire 1 line
05-08 18:25:56.001  1425 32286 I chatty  : uid=1000 system_server expire 1 line
05-08 18:26:41.215  1425  2377 I chatty  : uid=1000(system) HwBinder:1425_3 expire 2 lines
05-08 18:26:41.218  1425  4842 I chatty  : uid=1000(system) Binder:1425_B expire 4 lines
05-08 18:26:41.218  1425  1460 I chatty  : uid=1000(system) android.ui expire 7 lines
05-08 18:26:41.221  1425  1425 I chatty  : uid=1000 system_server expire 41 lines
05-08 18:26:41.224  1425  1531 I chatty  : uid=1000(system) PowerManagerSer expire 26 lines
05-08 18:26:41.225  3624  3624 W FingerprintManager: Invalid acquired message: 6, 0
05-08 18:26:41.279  1337  1371 D QMI_FW  : chen-screen on: is_screen_off = 0 
05-08 18:26:41.286  1318  1358 D QMI_FW  : chen-screen on: is_screen_off = 0 
05-08 18:26:41.336  1425  1437 I chatty  : uid=1000(system) Binder:1425_2 expire 2 lines
05-08 18:26:41.380  1425  3738 I chatty  : uid=1000(system) Binder:1425_5 expire 2 lines
05-08 18:26:41.420  1425  3769 I chatty  : uid=1000(system) Binder:1425_7 expire 4 lines
05-08 18:26:41.432  1425  1459 I chatty  : uid=1000(system) ActivityManager expire 13 lines
05-08 18:26:41.432  3624  3624 V KeyguardDisplayManager: hide
05-08 18:26:41.708  1425  3530 I chatty  : uid=1000(system) NetworkPolicy expire 4 lines
05-08 18:26:45.678   928  1090 E storaged: getDiskStats failed with result NOT_SUPPORTED and size 0
05-08 18:26:51.833  1425  1456 I chatty  : uid=1000(system) android.bg expire 1 line
05-08 18:27:44.485  1425  3537 I chatty  : uid=1000(system) ConnectivitySer expire 1 line
05-08 18:27:44.496  1425  5139 I chatty  : uid=1000(system) Binder:1425_12 expire 1 line
05-08 18:27:44.510  1337  1371 D QMI_FW  : chen-screen on: is_screen_off = 0 
05-08 18:27:44.515  1318  1358 D QMI_FW  : chen-screen on: is_screen_off = 0 
05-08 18:27:44.542  1425  1425 I chatty  : uid=1000 system_server expire 11 lines
05-08 18:27:44.725  1425  1531 I chatty  : uid=1000(system) PowerManagerSer expire 10 lines
05-08 18:27:44.842  1425 19423 I chatty  : uid=1000(system) Binder:1425_1E expire 2 lines
05-08 18:27:44.864  1425  1459 I chatty  : uid=1000(system) ActivityManager expire 10 lines
05-08 18:27:45.681   928  1090 E storaged: getDiskStats failed with result NOT_SUPPORTED and size 0
05-08 18:27:49.341  1425  2366 I chatty  : uid=1000(system) AlarmManager expire 10 lines
05-08 18:27:49.363  1425 12092 I chatty  : uid=1000(system) Binder:1425_1B expire 4 lines
05-08 18:27:49.379  1425  1527 I chatty  : uid=1000(system) android.fg expire 10 lines
05-08 18:27:49.514  1425 32471 I chatty  : uid=1000 system_server expire 1 line
05-08 18:27:49.518  3624  3624 V KeyguardStatusView: refresh statusview showing:true
05-08 18:27:49.521  1425  3738 I chatty  : uid=1000(system) Binder:1425_5 expire 1 line
05-08 18:27:49.534  3624  3624 V KeyguardDisplayManager: show
05-08 18:27:54.917  1425  4842 I chatty  : uid=1000(system) Binder:1425_B expire 1 line
05-08 18:27:54.917  1425  2340 I chatty  : uid=1000(system) Binder:1425_3 expire 3 lines
05-08 18:27:54.918  1425  3537 I chatty  : uid=1000(system) ConnectivitySer expire 30 lines
05-08 18:27:57.952  1425  1461 I chatty  : uid=1000(system) ActivityManager expire 2 lines
05-08 18:27:59.925  1425 32508 I chatty  : uid=1000 system_server expire 1 line
05-08 18:28:45.683   928  1090 E storaged: getDiskStats failed with result NOT_SUPPORTED and size 0
05-08 18:29:45.686   928  1090 E storaged: getDiskStats failed with result NOT_SUPPORTED and size 0
05-08 18:29:54.627  1425  1464 I chatty  : uid=1000(system) batterystats-wo expire 1 line
05-08 18:30:35.784  1425 32583 I chatty  : uid=1000 system_server expire 2 lines
05-08 18:30:45.688   928  1090 E storaged: getDiskStats failed with result NOT_SUPPORTED and size 0
05-08 18:31:45.689   928  1090 E storaged: getDiskStats failed with result NOT_SUPPORTED and size 0
05-08 18:31:58.205  1425  2380 I chatty  : uid=1000(system) InputReader expire 7 lines
05-08 18:31:58.205  1425  1425 I chatty  : uid=1000 system_server expire 34 lines
05-08 18:31:58.212  1425  3551 I chatty  : uid=1000(system) ColorBalanceThr expire 11 lines
05-08 18:31:58.251  1425  1529 I chatty  : uid=1000(system) android.display expire 5 lines
05-08 18:31:58.284  1337  1371 D QMI_FW  : chen-screen on: is_screen_off = 0 
05-08 18:31:58.285  1318  1358 D QMI_FW  : chen-screen on: is_screen_off = 0 
05-08 18:31:58.294  1425 11050 I chatty  : uid=1000(system) Binder:1425_18 expire 6 lines
05-08 18:31:58.296  1425  1460 I chatty  : uid=1000(system) android.ui expire 11 lines
05-08 18:31:58.354  1425  1531 I chatty  : uid=1000(system) PowerManagerSer expire 14 lines
05-08 18:31:58.376  1425  2366 I chatty  : uid=1000(system) AlarmManager expire 14 lines
05-08 18:31:58.377  1425  5136 I chatty  : uid=1000(system) Binder:1425_11 expire 1 line
05-08 18:31:58.643  1425  3530 I chatty  : uid=1000(system) NetworkPolicy expire 2 lines
05-08 18:31:58.785  1425  1459 I chatty  : uid=1000(system) ActivityManager expire 10 lines
05-08 18:31:58.837  1425 19424 I chatty  : uid=1000(system) Binder:1425_1F expire 5 lines
05-08 18:31:58.899  1425  2376 I chatty  : uid=1000(system) HwBinder:1425_2 expire 2 lines
05-08 18:31:58.907  1425  5117 I chatty  : uid=1000(system) Binder:1425_E expire 2 lines
05-08 18:31:58.912  3624  3624 W FingerprintManager: Invalid acquired message: 6, 0
05-08 18:31:59.047  1425 10327 I chatty  : uid=1000(system) Binder:1425_15 expire 6 lines
05-08 18:31:59.419  1425  2389 I chatty  : uid=1000(system) OIMC expire 4 lines
05-08 18:31:59.444  3624  3624 V KeyguardDisplayManager: hide
05-08 18:31:59.446  1425  3537 I chatty  : uid=1000(system) ConnectivitySer expire 4 lines
05-08 18:31:59.471  1425  1527 I chatty  : uid=1000(system) android.fg expire 9 lines
05-08 18:32:09.633  1425  1456 I chatty  : uid=1000(system) android.bg expire 1 line
05-08 18:32:35.933  1337  1371 D QMI_FW  : chen-screen on: is_screen_off = 0 
05-08 18:32:35.935  1318  1358 D QMI_FW  : chen-screen on: is_screen_off = 0 
05-08 18:32:36.145  1425  1531 I chatty  : uid=1000(system) PowerManagerSer expire 10 lines
05-08 18:32:36.148  1425  1425 I chatty  : uid=1000 system_server expire 9 lines
05-08 18:32:36.203  1425  1459 I chatty  : uid=1000(system) ActivityManager expire 3 lines
05-08 18:32:36.308  3624  3624 V KeyguardStatusView: refresh statusview showing:true
05-08 18:32:36.317  3624  3624 V KeyguardDisplayManager: show
05-08 18:32:36.414  1425 18165 I chatty  : uid=1000(system) Binder:1425_1C expire 1 line
05-08 18:32:36.989  1425  2366 I chatty  : uid=1000(system) AlarmManager expire 1 line
05-08 18:32:45.690   928  1090 E storaged: getDiskStats failed with result NOT_SUPPORTED and size 0
05-08 18:32:47.365  1425   657 I chatty  : uid=1000 system_server expire 1 line
