05-08 18:50:35.632  1425  3537 I chatty  : uid=1000(system) ConnectivitySer expire 35 lines
05-08 18:50:36.110  1425  1425 I chatty  : uid=1000 system_server expire 18 lines
05-08 18:50:36.111  1425  2389 I chatty  : uid=1000(system) OIMC expire 10 lines
05-08 18:50:40.132  1425 19425 I chatty  : uid=1000(system) Binder:1425_20 expire 2 lines
05-08 18:50:41.370  1425  5112 I chatty  : uid=1000(system) Binder:1425_C expire 8 lines
05-08 18:50:41.904  1425  3738 I chatty  : uid=1000(system) Binder:1425_5 expire 38 lines
05-08 18:50:51.737  1425  3530 I chatty  : uid=1000(system) NetworkPolicy expire 2 lines
05-08 18:50:59.257   928  1090 E storaged: getDiskStats failed with result NOT_SUPPORTED and size 0
05-08 18:50:59.999  1425  2366 I chatty  : uid=1000(system) AlarmManager expire 4 lines
05-08 18:51:00.190  1425  1425 I chatty  : uid=1000 system_server expire 23 lines
05-08 18:51:02.803  1425  2378 I chatty  : uid=1000(system) InputDispatcher expire 1 line
05-08 18:51:03.113  1425  4032 I chatty  : uid=1000(system) Binder:1425_9 expire 1 line
05-08 18:51:03.685  1425  1531 I chatty  : uid=1000(system) PowerManagerSer expire 12 lines
05-08 18:51:03.759  1425  3551 I chatty  : uid=1000(system) ColorBalanceThr expire 3 lines
05-08 18:51:03.804  1425  1464 I chatty  : uid=1000(system) batterystats-wo expire 3 lines
05-08 18:51:03.847  1425  1529 I chatty  : uid=1000(system) android.display expire 1 line
05-08 18:51:03.859  1425  5526 I chatty  : uid=1000(system) Binder:1425_13 expire 4 lines
05-08 18:51:03.874  1337  1371 D QMI_FW  : chen-screen off: is_screen_off = 1 
05-08 18:51:04.076  1425  1425 I chatty  : uid=1000 system_server expire 10 lines
05-08 18:51:04.079  1425  5112 I chatty  : uid=1000(system) Binder:1425_C expire 5 lines
05-08 18:51:04.112  1425 18165 I chatty  : uid=1000(system) Binder:1425_1C expire 3 lines
05-08 18:51:04.114  1425  1459 I chatty  : uid=1000(system) ActivityManager expire 10 lines
05-08 18:51:04.114  1425  1527 I chatty  : uid=1000(system) android.fg expire 6 lines
05-08 18:51:04.230  3624  3624 V KeyguardStatusView: refresh statusview showing:true
05-08 18:51:04.251  3624  3624 V KeyguardDisplayManager: show
05-08 18:51:06.006  1425  2366 I chatty  : uid=1000(system) AlarmManager expire 10 lines
05-08 18:51:08.896  1425  5718 I chatty  : uid=1000 system_server expire 3 lines
05-08 18:51:15.232  1425  5720 I chatty  : uid=1000 system_server expire 1 line
05-08 18:51:22.857  1425  5738 I chatty  : uid=1000 system_server expire 1 line
05-08 18:51:27.936  1425  5759 I chatty  : uid=1000 system_server expire 2 lines
05-08 18:51:39.736  1425  5764 I chatty  : uid=1000 system_server expire 2 lines
05-08 18:51:51.612  1318  1358 D QMI_FW  : chen-screen off: is_screen_off = 1 
05-08 18:51:51.678  1425  1464 I chatty  : uid=1000(system) batterystats-wo expire 11 lines
05-08 18:52:05.169  1425  5772 I chatty  : uid=1000 system_server expire 3 lines
05-08 18:52:14.316  1425  5776 I chatty  : uid=1000 system_server expire 1 line
05-08 18:52:29.862  1425  5778 I chatty  : uid=1000 system_server expire 1 line
05-08 18:52:30.816   928  1090 E storaged: getDiskStats failed with result NOT_SUPPORTED and size 0
05-08 18:52:53.796  1425  1459 I chatty  : uid=1000(system) ActivityManager expire 15 lines
05-08 18:53:15.676  1425  5792 I chatty  : uid=1000 system_server expire 1 line
05-08 18:53:22.835  1425  2366 I chatty  : uid=1000(system) AlarmManager expire 13 lines
05-08 18:53:22.884  1425  5139 I chatty  : uid=1000(system) Binder:1425_12 expire 3 lines
05-08 18:53:22.925  1425  3530 I chatty  : uid=1000(system) NetworkPolicy expire 16 lines
05-08 18:53:22.959  1425  5114 I chatty  : uid=1000(system) Binder:1425_D expire 1 line
05-08 18:53:27.921  1425  5819 I chatty  : uid=1000 system_server expire 2 lines
05-08 18:53:33.574  1425  5824 I chatty  : uid=1000 system_server expire 1 line
05-08 18:53:52.240  1425  5849 I chatty  : uid=1000 system_server expire 1 line
05-08 18:54:01.825  1425  5856 I chatty  : uid=1000 system_server expire 2 lines
05-08 18:54:04.120  1425  1456 I chatty  : uid=1000(system) android.bg expire 3 lines
05-08 18:54:09.195  1425  5886 I chatty  : uid=1000 system_server expire 1 line
05-08 18:54:10.260   928  1090 E storaged: getDiskStats failed with result NOT_SUPPORTED and size 0
05-08 18:54:17.826  1425  3559 I chatty  : uid=1000(system) OPBackgroundThr expire 12 lines
05-08 18:54:20.407  1425  5892 I chatty  : uid=1000 system_server expire 1 line
05-08 18:54:25.838  1425  5898 I chatty  : uid=1000 system_server expire 1 line
05-08 18:54:30.820  1425  1459 I chatty  : uid=1000(system) ActivityManager expire 19 lines
05-08 18:55:13.309  1425  5902 I chatty  : uid=1000 system_server expire 1 line
05-08 18:55:23.230  1425  5923 I chatty  : uid=1000 system_server expire 1 line
05-08 18:55:29.744  1425  5948 I chatty  : uid=1000 system_server expire 1 line
05-08 18:55:38.593  1425  5953 I chatty  : uid=1000 system_server expire 1 line
05-08 18:55:48.373  1425  5957 I chatty  : uid=1000 system_server expire 1 line
05-08 18:55:53.472  1425  5973 I chatty  : uid=1000 system_server expire 1 line
05-08 18:56:14.986   928  1090 E storaged: getDiskStats failed with result NOT_SUPPORTED and size 0
05-08 18:56:17.017  1425  6009 I chatty  : uid=1000 system_server expire 1 line
05-08 18:56:29.499  1425  6018 I chatty  : uid=1000 system_server expire 1 line
05-08 18:56:41.234  1425  6049 I chatty  : uid=1000 system_server expire 2 lines
05-08 18:56:47.542  1425  6055 I chatty  : uid=1000 system_server expire 1 line
05-08 18:56:51.184  1425  2366 I chatty  : uid=1000(system) AlarmManager expire 23 lines
05-08 18:56:51.263  1425  1464 I chatty  : uid=1000(system) batterystats-wo expire 12 lines
05-08 18:56:58.598  1425  6059 I chatty  : uid=1000 system_server expire 1 line
05-08 18:57:09.990  1425  6075 I chatty  : uid=1000 system_server expire 1 line
05-08 18:59:43.783  1425  1425 I chatty  : uid=1000 system_server expire 15 lines
05-08 18:59:43.864  1425  4445 I chatty  : uid=1000(system) Binder:1425_A expire 1 line
05-08 18:59:43.867  1425 19424 I chatty  : uid=1000(system) Binder:1425_1F expire 4 lines
05-08 18:59:56.846  1425  6092 I chatty  : uid=1000 system_server expire 1 line
05-08 19:01:01.017   928  1090 E storaged: getDiskStats failed with result NOT_SUPPORTED and size 0
05-08 19:01:02.186  1425  6095 I chatty  : uid=1000 system_server expire 1 line
05-08 19:01:11.372  1425  1459 I chatty  : uid=1000(system) ActivityManager expire 11 lines
05-08 19:01:22.318  1425  6100 I chatty  : uid=1000 system_server expire 1 line
05-08 19:01:24.087  1425  4032 I chatty  : uid=1000(system) Binder:1425_9 expire 1 line
05-08 19:01:24.440  1425  1461 I chatty  : uid=1000(system) ActivityManager expire 1 line
05-08 19:01:29.101  1425  6188 I chatty  : uid=1000 system_server expire 1 line
05-08 19:01:39.682  1425  6192 I chatty  : uid=1000 system_server expire 1 line
05-08 19:02:17.694  1425 19425 I chatty  : uid=1000(system) Binder:1425_20 expire 2 lines
05-08 19:04:15.845  1425  6210 I chatty  : uid=1000 system_server expire 1 line
05-08 19:04:21.358  1425  6220 I chatty  : uid=1000 system_server expire 2 lines
05-08 19:04:44.943  1425  6234 I chatty  : uid=1000 system_server expire 1 line
05-08 19:04:50.399  1425  5112 I chatty  : uid=1000(system) Binder:1425_C expire 4 lines
05-08 19:04:50.488  1425  1425 I chatty  : uid=1000 system_server expire 10 lines
05-08 19:04:54.231  1425  1459 I chatty  : uid=1000(system) ActivityManager expire 13 lines
05-08 19:04:55.442  1425  5526 I chatty  : uid=1000(system) Binder:1425_13 expire 4 lines
05-08 19:04:56.209  1425  6248 I chatty  : uid=1000 system_server expire 2 lines
05-08 19:05:01.221  1425  3739 I chatty  : uid=1000(system) Binder:1425_6 expire 5 lines
05-08 19:05:01.223  1425  2366 I chatty  : uid=1000(system) AlarmManager expire 16 lines
05-08 19:05:01.542  1425 17708 I chatty  : uid=1000(system) HwBinder:1425_5 expire 2 lines
05-08 19:05:01.544  1425  1460 I chatty  : uid=1000(system) android.ui expire 7 lines
05-08 19:05:01.545  1425 18165 I chatty  : uid=1000(system) Binder:1425_1C expire 6 lines
05-08 19:05:01.546  1425  1531 I chatty  : uid=1000(system) PowerManagerSer expire 21 lines
05-08 19:05:01.546  3624  3624 W FingerprintManager: Invalid acquired message: 6, 0
05-08 19:05:01.546  1425  3551 I chatty  : uid=1000(system) ColorBalanceThr expire 7 lines
05-08 19:05:01.566  1425  1425 I chatty  : uid=1000 system_server expire 41 lines
05-08 19:05:01.570  1425  1529 I chatty  : uid=1000(system) android.display expire 3 lines
05-08 19:05:01.592  1337  1371 D QMI_FW  : chen-screen on: is_screen_off = 0 
05-08 19:05:01.602  1318  1358 D QMI_FW  : chen-screen on: is_screen_off = 0 
05-08 19:05:01.660  1425 19425 I chatty  : uid=1000(system) Binder:1425_20 expire 8 lines
05-08 19:05:01.717  3624  3624 V KeyguardDisplayManager: hide
05-08 19:05:01.723  1425  1527 I chatty  : uid=1000(system) android.fg expire 11 lines
05-08 19:05:01.727  1425  2389 I chatty  : uid=1000(system) OIMC expire 8 lines
05-08 19:05:01.781  1425  5117 I chatty  : uid=1000(system) Binder:1425_E expire 3 lines
05-08 19:05:01.819  1425  5139 I chatty  : uid=1000(system) Binder:1425_12 expire 2 lines
05-08 19:05:01.918  1425  3530 I chatty  : uid=1000(system) NetworkPolicy expire 6 lines
05-08 19:05:02.147  1425  1461 I chatty  : uid=1000(system) ActivityManager expire 3 lines
05-08 19:05:03.725  1425  9835 I chatty  : uid=1000(system) Binder:1425_14 expire 1 line
05-08 19:05:06.013   928  1090 E storaged: getDiskStats failed with result NOT_SUPPORTED and size 0
05-08 19:05:06.412  1425  1459 I chatty  : uid=1000(system) ActivityManager expire 12 lines
05-08 19:05:12.234  1425  1456 I chatty  : uid=1000(system) android.bg expire 3 lines
05-08 19:05:25.793  1425  2380 I chatty  : uid=1000(system) InputReader expire 7 lines
05-08 19:05:26.610  1425  2378 I chatty  : uid=1000(system) InputDispatcher expire 1 line
05-08 19:05:27.257  1425  1464 I chatty  : uid=1000(system) batterystats-wo expire 12 lines
05-08 19:05:27.320  1337  1371 D QMI_FW  : chen-screen off: is_screen_off = 1 
05-08 19:05:27.545  1425  1531 I chatty  : uid=1000(system) PowerManagerSer expire 3 lines
05-08 19:05:27.548  1425  1425 I chatty  : uid=1000 system_server expire 11 lines
05-08 19:05:27.556  1425  5114 I chatty  : uid=1000(system) Binder:1425_D expire 2 lines
05-08 19:05:27.687  3624  3624 V KeyguardStatusView: refresh statusview showing:true
05-08 19:05:27.688  1425  1527 I chatty  : uid=1000(system) android.fg expire 2 lines
05-08 19:05:27.706  3624  3624 V KeyguardDisplayManager: show
05-08 19:05:28.617  1425  1437 I chatty  : uid=1000(system) Binder:1425_2 expire 1 line
05-08 19:05:32.337  1425  6554 I chatty  : uid=1000 system_server expire 2 lines
05-08 19:05:38.723  1425  6564 I chatty  : uid=1000 system_server expire 2 lines
05-08 19:05:55.177  1318  1358 D QMI_FW  : chen-screen off: is_screen_off = 1 
05-08 19:06:25.777  1425  1530 I chatty  : uid=1000(system) CpuTracker expire 1 line
05-08 19:06:44.707  1425  6567 I chatty  : uid=1000 system_server expire 1 line
05-08 19:06:53.023  1425  6569 I chatty  : uid=1000 system_server expire 1 line
05-08 19:06:56.451   928  1090 E storaged: getDiskStats failed with result NOT_SUPPORTED and size 0
05-08 19:07:06.530  1425  1459 I chatty  : uid=1000(system) ActivityManager expire 9 lines
05-08 19:07:29.300  1425  6580 I chatty  : uid=1000 system_server expire 1 line
05-08 19:07:59.385  1425  6582 I chatty  : uid=1000 system_server expire 1 line
05-08 19:08:18.206  1425  6601 I chatty  : uid=1000 system_server expire 1 line
05-08 19:08:31.309  1425  3530 I chatty  : uid=1000(system) NetworkPolicy expire 2 lines
05-08 19:08:31.310  1425  1459 I chatty  : uid=1000(system) ActivityManager expire 169 lines
05-08 19:08:32.666  1425  6609 I chatty  : uid=1000 system_server expire 1 line
05-08 19:08:41.209  1425  1464 I chatty  : uid=1000(system) batterystats-wo expire 1 line
05-08 19:08:42.554  1425 19425 I chatty  : uid=1000(system) Binder:1425_20 expire 1 line
05-08 19:08:42.554  1425  1425 I chatty  : uid=1000 system_server expire 22 lines
05-08 19:08:42.572  1425  5114 I chatty  : uid=1000(system) Binder:1425_D expire 1 line
05-08 19:08:42.572  1425  5118 I chatty  : uid=1000(system) Binder:1425_F expire 1 line
05-08 19:08:42.573  1425  3537 I chatty  : uid=1000(system) ConnectivitySer expire 1 line
05-08 19:08:42.586  1425 10666 I chatty  : uid=1000(system) Binder:1425_16 expire 1 line
05-08 19:08:43.154  1425  3559 I chatty  : uid=1000(system) OPBackgroundThr expire 12 lines
05-08 19:08:44.140  1425  1456 I chatty  : uid=1000(system) android.bg expire 1 line
05-08 19:08:44.161  1425  1461 I chatty  : uid=1000(system) ActivityManager expire 3 lines
05-08 19:08:46.995  1425  1436 I chatty  : uid=1000(system) Binder:1425_1 expire 3 lines
05-08 19:08:47.286  1425 17708 I chatty  : uid=1000(system) HwBinder:1425_5 expire 2 lines
05-08 19:08:47.290  1425  1460 I chatty  : uid=1000(system) android.ui expire 7 lines
05-08 19:08:47.292  1425  5526 I chatty  : uid=1000(system) Binder:1425_13 expire 5 lines
05-08 19:08:47.294  3624  3624 W FingerprintManager: Invalid acquired message: 6, 0
05-08 19:08:47.294  1425  1531 I chatty  : uid=1000(system) PowerManagerSer expire 12 lines
05-08 19:08:47.294  1425  3551 I chatty  : uid=1000(system) ColorBalanceThr expire 4 lines
05-08 19:08:47.343  1425  1529 I chatty  : uid=1000(system) android.display expire 2 lines
05-08 19:08:47.368  1425  5117 I chatty  : uid=1000(system) Binder:1425_E expire 4 lines
05-08 19:08:47.373  1337  1371 D QMI_FW  : chen-screen on: is_screen_off = 0 
05-08 19:08:47.378  1318  1358 D QMI_FW  : chen-screen on: is_screen_off = 0 
05-08 19:08:47.469  1425 10327 I chatty  : uid=1000(system) Binder:1425_15 expire 1 line
05-08 19:08:47.479  1425  1459 I chatty  : uid=1000(system) ActivityManager expire 16 lines
05-08 19:08:47.480  1425  1527 I chatty  : uid=1000(system) android.fg expire 12 lines
05-08 19:08:47.481  1425  2389 I chatty  : uid=1000(system) OIMC expire 6 lines
05-08 19:08:47.495  3624  3624 V KeyguardDisplayManager: hide
05-08 19:08:47.573  1425  1461 I chatty  : uid=1000(system) ActivityManager expire 1 line
05-08 19:08:47.681  1425  3530 I chatty  : uid=1000(system) NetworkPolicy expire 6 lines
05-08 19:08:47.738  1425  5117 I chatty  : uid=1000(system) Binder:1425_E expire 3 lines
05-08 19:08:47.755  1425  2341 I chatty  : uid=1000(system) Binder:1425_4 expire 3 lines
05-08 19:08:47.930  1425  1425 I chatty  : uid=1000 system_server expire 19 lines
05-08 19:08:49.677  1425  1531 I chatty  : uid=1000(system) PowerManagerSer expire 10 lines
05-08 19:08:50.262  1425  2366 I chatty  : uid=1000(system) AlarmManager expire 12 lines
05-08 19:08:50.790  1425  1436 I chatty  : uid=1000(system) Binder:1425_1 expire 15 lines
05-08 19:08:55.930  1425  2380 I chatty  : uid=1000(system) InputReader expire 7 lines
05-08 19:08:58.085  1425  1456 I chatty  : uid=1000(system) android.bg expire 1 line
05-08 19:09:01.688   928  1090 E storaged: getDiskStats failed with result NOT_SUPPORTED and size 0
05-08 19:09:12.853  1425  5112 I chatty  : uid=1000(system) Binder:1425_C expire 2 lines
05-08 19:09:14.336  1425  1459 I chatty  : uid=1000(system) ActivityManager expire 8 lines
05-08 19:09:33.549  1425  1425 I chatty  : uid=1000 system_server expire 11 lines
05-08 19:09:43.588  1425  1531 I chatty  : uid=1000(system) PowerManagerSer expire 14 lines
05-08 19:09:43.656  1425  3551 I chatty  : uid=1000(system) ColorBalanceThr expire 7 lines
05-08 19:09:43.749  1425  1529 I chatty  : uid=1000(system) android.display expire 1 line
05-08 19:09:43.754  1425  3769 I chatty  : uid=1000(system) Binder:1425_7 expire 11 lines
05-08 19:09:43.774  1337  1371 D QMI_FW  : chen-screen off: is_screen_off = 1 
05-08 19:09:44.006  1425  1436 I chatty  : uid=1000(system) Binder:1425_1 expire 7 lines
05-08 19:09:44.027  1425  5114 I chatty  : uid=1000(system) Binder:1425_D expire 2 lines
05-08 19:09:44.139  3624  3624 V KeyguardStatusView: refresh statusview showing:true
05-08 19:09:44.140  1425  1527 I chatty  : uid=1000(system) android.fg expire 1 line
05-08 19:09:44.162  3624  3624 V KeyguardDisplayManager: show
05-08 19:09:44.167  1425  1425 I chatty  : uid=1000 system_server expire 65 lines
05-08 19:09:44.997  1425 11361 I chatty  : uid=1000(system) Binder:1425_19 expire 10 lines
05-08 19:09:48.786  1425  7047 I chatty  : uid=1000 system_server expire 1 line
05-08 19:09:56.428  1425  7055 I chatty  : uid=1000 system_server expire 1 line
05-08 19:10:02.612  1425  1464 I chatty  : uid=1000(system) batterystats-wo expire 1 line
05-08 19:10:03.131  1425  2348 I chatty  : uid=1000(system) HwBinder:1425_1 expire 1 line
05-08 19:10:03.135  1425  1460 I chatty  : uid=1000(system) android.ui expire 1 line
05-08 19:10:03.144  3624  3624 W FingerprintManager: Invalid acquired message: 6, 0
05-08 19:10:03.144  1425  1425 I chatty  : uid=1000 system_server expire 35 lines
05-08 19:10:03.166  1425  1531 I chatty  : uid=1000(system) PowerManagerSer expire 10 lines
05-08 19:10:03.179  1425  1529 I chatty  : uid=1000(system) android.display expire 2 lines
05-08 19:10:03.208  1425 11361 I chatty  : uid=1000(system) Binder:1425_19 expire 15 lines
05-08 19:10:03.208  1425  1460 I chatty  : uid=1000(system) android.ui expire 6 lines
05-08 19:10:03.215  1337  1371 D QMI_FW  : chen-screen on: is_screen_off = 0 
05-08 19:10:03.224  1318  1358 D QMI_FW  : chen-screen on: is_screen_off = 0 
05-08 19:10:03.252  1425  2348 I chatty  : uid=1000(system) HwBinder:1425_1 expire 1 line
05-08 19:10:03.273  1425  1459 I chatty  : uid=1000(system) ActivityManager expire 25 lines
05-08 19:10:03.288  1425  5114 I chatty  : uid=1000(system) Binder:1425_D expire 1 line
05-08 19:10:03.294  1425  2341 I chatty  : uid=1000(system) Binder:1425_4 expire 6 lines
05-08 19:10:03.297  1425  5112 I chatty  : uid=1000(system) Binder:1425_C expire 32 lines
05-08 19:10:03.300  1425  1527 I chatty  : uid=1000(system) android.fg expire 7 lines
05-08 19:10:03.300  1425  2389 I chatty  : uid=1000(system) OIMC expire 8 lines
05-08 19:10:03.314  3624  3624 V KeyguardDisplayManager: hide
05-08 19:10:03.435  1425  3530 I chatty  : uid=1000(system) NetworkPolicy expire 16 lines
05-08 19:10:03.767  1425  2380 I chatty  : uid=1000(system) InputReader expire 6 lines
05-08 19:10:03.852  1425  2378 I chatty  : uid=1000(system) InputDispatcher expire 1 line
05-08 19:10:04.331  1425  3769 I chatty  : uid=1000(system) Binder:1425_7 expire 2 lines
05-08 19:10:04.365  1425  3537 I chatty  : uid=1000(system) ConnectivitySer expire 33 lines
05-08 19:10:05.530   928  1090 E storaged: getDiskStats failed with result NOT_SUPPORTED and size 0
05-08 19:10:05.766  1425  2366 I chatty  : uid=1000(system) AlarmManager expire 21 lines
05-08 19:10:08.116  1425  3738 I chatty  : uid=1000(system) Binder:1425_5 expire 10 lines
05-08 19:10:08.297  1425 10327 I chatty  : uid=1000(system) Binder:1425_15 expire 7 lines
05-08 19:10:08.307  1425  1461 I chatty  : uid=1000(system) ActivityManager expire 8 lines
05-08 19:10:08.385  1425  1464 I chatty  : uid=1000(system) batterystats-wo expire 9 lines
05-08 19:10:13.696  1425  1456 I chatty  : uid=1000(system) android.bg expire 1 line
05-08 19:10:16.984  1425 18165 I chatty  : uid=1000(system) Binder:1425_1C expire 12 lines
05-08 19:10:22.259  1425  1436 I chatty  : uid=1000(system) Binder:1425_1 expire 5 lines
05-08 19:11:01.871  1425  2343 I chatty  : uid=1000(system) android.anim expire 2 lines
05-08 19:11:02.971  1425  7554 I chatty  : uid=1000 system_server expire 6 lines
05-08 19:11:04.113  1425  1459 I chatty  : uid=1000(system) ActivityManager expire 23 lines
05-08 19:11:05.533   928  1090 E storaged: getDiskStats failed with result NOT_SUPPORTED and size 0
05-08 19:11:06.018  1425  2380 I chatty  : uid=1000(system) InputReader expire 3 lines
05-08 19:11:06.019  1425  1425 I chatty  : uid=1000 system_server expire 19 lines
05-08 19:11:06.021  1425  1531 I chatty  : uid=1000(system) PowerManagerSer expire 12 lines
05-08 19:11:06.085  1425  3551 I chatty  : uid=1000(system) ColorBalanceThr expire 7 lines
05-08 19:11:06.094  1425  1529 I chatty  : uid=1000(system) android.display expire 4 lines
05-08 19:11:06.186  1337  1371 D QMI_FW  : chen-screen off: is_screen_off = 1 
05-08 19:11:06.187  1425 11480 I chatty  : uid=1000(system) Binder:1425_1A expire 1 line
05-08 19:11:06.411  1425  5112 I chatty  : uid=1000(system) Binder:1425_C expire 3 lines
05-08 19:11:06.467  1425  1527 I chatty  : uid=1000(system) android.fg expire 6 lines
05-08 19:11:06.548  3624  3624 V KeyguardStatusView: refresh statusview showing:true
05-08 19:11:06.552  1425  2341 I chatty  : uid=1000(system) Binder:1425_4 expire 3 lines
05-08 19:11:06.565  3624  3624 V KeyguardDisplayManager: show
05-08 19:11:07.537  1425 18165 I chatty  : uid=1000(system) Binder:1425_1C expire 3 lines
05-08 19:11:07.909  1425  1456 I chatty  : uid=1000(system) android.bg expire 4 lines
05-08 19:11:09.084  1425  2366 I chatty  : uid=1000(system) AlarmManager expire 11 lines
05-08 19:11:09.194  1425  4842 I chatty  : uid=1000(system) Binder:1425_B expire 4 lines
05-08 19:11:09.224  1425  1436 I chatty  : uid=1000(system) Binder:1425_1 expire 1 line
05-08 19:11:17.524  1425  1464 I chatty  : uid=1000(system) batterystats-wo expire 18 lines
05-08 19:11:17.592  1425  7636 I chatty  : uid=1000 system_server expire 3 lines
05-08 19:11:24.989  1425  7640 I chatty  : uid=1000 system_server expire 2 lines
05-08 19:11:42.508  1425  7648 I chatty  : uid=1000 system_server expire 1 line
05-08 19:11:54.081  1318  1358 D QMI_FW  : chen-screen off: is_screen_off = 1 
05-08 19:11:59.181  1425  7651 I chatty  : uid=1000 system_server expire 2 lines
05-08 19:12:02.763  1425  3530 I chatty  : uid=1000(system) NetworkPolicy expire 12 lines
05-08 19:12:02.869  1425  1425 I chatty  : uid=1000 system_server expire 12 lines
05-08 19:12:29.351  1425  7666 I chatty  : uid=1000 system_server expire 1 line
05-08 19:13:13.325   928  1090 E storaged: getDiskStats failed with result NOT_SUPPORTED and size 0
05-08 19:13:14.937  1425  7674 I chatty  : uid=1000 system_server expire 1 line
05-08 19:14:15.448  1425  7679 I chatty  : uid=1000 system_server expire 2 lines
05-08 19:14:28.766  1425  2366 I chatty  : uid=1000(system) AlarmManager expire 24 lines
05-08 19:14:38.320  1425  7688 I chatty  : uid=1000 system_server expire 1 line
05-08 19:15:16.837  1425  7695 I chatty  : uid=1000 system_server expire 1 line
05-08 19:15:16.984  1425 10327 I chatty  : uid=1000(system) Binder:1425_15 expire 3 lines
05-08 19:15:30.105  1425  7699 I chatty  : uid=1000 system_server expire 1 line
05-08 19:16:29.237  1425  5526 I chatty  : uid=1000(system) Binder:1425_13 expire 2 lines
05-08 19:16:58.506  1425  3559 I chatty  : uid=1000(system) OPBackgroundThr expire 12 lines
05-08 19:16:58.955  1425  7716 I chatty  : uid=1000 system_server expire 1 line
05-08 19:17:11.603   928  1090 E storaged: getDiskStats failed with result NOT_SUPPORTED and size 0
05-08 19:17:14.198  1425  7722 I chatty  : uid=1000 system_server expire 1 line
05-08 19:17:21.943  1425  1459 I chatty  : uid=1000(system) ActivityManager expire 2 lines
05-08 19:17:21.958  1425  1464 I chatty  : uid=1000(system) batterystats-wo expire 1 line
05-08 19:17:25.432  1425  2366 I chatty  : uid=1000(system) AlarmManager expire 5 lines
05-08 19:17:25.643  1425  1425 I chatty  : uid=1000 system_server expire 13 lines
05-08 19:18:05.891  1425  2348 I chatty  : uid=1000(system) HwBinder:1425_1 expire 2 lines
05-08 19:18:05.892  1425  1460 I chatty  : uid=1000(system) android.ui expire 7 lines
05-08 19:18:05.892  1425  3738 I chatty  : uid=1000(system) Binder:1425_5 expire 3 lines
05-08 19:18:05.893  3624  3624 W FingerprintManager: Invalid acquired message: 6, 0
05-08 19:18:05.893  1425  1425 I chatty  : uid=1000 system_server expire 10 lines
05-08 19:18:05.893  1425  1531 I chatty  : uid=1000(system) PowerManagerSer expire 21 lines
05-08 19:18:05.937  1337  1371 D QMI_FW  : chen-screen on: is_screen_off = 0 
05-08 19:18:05.939  1318  1358 D QMI_FW  : chen-screen on: is_screen_off = 0 
05-08 19:18:06.029  1425  1425 I chatty  : uid=1000 system_server expire 47 lines
05-08 19:18:06.030  1425  2341 I chatty  : uid=1000(system) Binder:1425_4 expire 3 lines
05-08 19:18:06.035  1425  1459 I chatty  : uid=1000(system) ActivityManager expire 15 lines
05-08 19:18:06.057  1425 10327 I chatty  : uid=1000(system) Binder:1425_15 expire 2 lines
05-08 19:18:06.105  1425 18165 I chatty  : uid=1000(system) Binder:1425_1C expire 9 lines
05-08 19:18:06.116  1425  3738 I chatty  : uid=1000(system) Binder:1425_5 expire 7 lines
05-08 19:18:06.117  3624  3624 V KeyguardDisplayManager: hide
05-08 19:18:06.118  1425  3530 I chatty  : uid=1000(system) NetworkPolicy expire 6 lines
05-08 19:18:06.120  1425  1527 I chatty  : uid=1000(system) android.fg expire 13 lines
05-08 19:18:06.120  1425  2389 I chatty  : uid=1000(system) OIMC expire 10 lines
05-08 19:18:06.161  1425 11480 I chatty  : uid=1000(system) Binder:1425_1A expire 2 lines
05-08 19:18:06.496  1425  5112 I chatty  : uid=1000(system) Binder:1425_C expire 4 lines
05-08 19:18:06.827  1425  2380 I chatty  : uid=1000(system) InputReader expire 11 lines
05-08 19:18:09.192  1425  5117 I chatty  : uid=1000(system) Binder:1425_E expire 7 lines
05-08 19:18:09.222  1425  1461 I chatty  : uid=1000(system) ActivityManager expire 1 line
05-08 19:18:09.331  7835  7835 D ActivityThread: Loading provider com.google.android.gmail.provider;com.android.mail.notifier;com.google.android.gm.email.provider;com.google.android.gm.tasks.provider;com.google.android.gm.email.notifier: com.android.email.provider.EmailProvider
05-08 19:18:09.668  7835  7835 D ActivityThread: Loading provider com.google.android.gm.sapi: com.google.android.gm.sapi.SapiUiProvider
05-08 19:18:09.933  1425  2366 I chatty  : uid=1000(system) AlarmManager expire 23 lines
05-08 19:18:10.327  1425  1464 I chatty  : uid=1000(system) batterystats-wo expire 5 lines
05-08 19:18:10.872  1425  3537 I chatty  : uid=1000(system) ConnectivitySer expire 66 lines
05-08 19:18:16.250  1425 11361 I chatty  : uid=1000(system) Binder:1425_19 expire 2 lines
05-08 19:18:16.585  1425  1456 I chatty  : uid=1000(system) android.bg expire 2 lines
05-08 19:18:30.574  1425  5526 I chatty  : uid=1000(system) Binder:1425_13 expire 10 lines
05-08 19:18:31.212  1425  2378 I chatty  : uid=1000(system) InputDispatcher expire 2 lines
05-08 19:18:34.338  1425  3551 I chatty  : uid=1000(system) ColorBalanceThr expire 3 lines
05-08 19:18:34.393  1425  1529 I chatty  : uid=1000(system) android.display expire 1 line
05-08 19:18:34.414  1337  1371 D QMI_FW  : chen-screen off: is_screen_off = 1 
05-08 19:18:34.641  1425  1531 I chatty  : uid=1000(system) PowerManagerSer expire 4 lines
05-08 19:18:34.643  1425  1425 I chatty  : uid=1000 system_server expire 13 lines
05-08 19:18:34.670  1425  1459 I chatty  : uid=1000(system) ActivityManager expire 10 lines
05-08 19:18:34.727  3624  3624 V KeyguardStatusView: refresh statusview showing:true
05-08 19:18:34.736  3624  3624 V KeyguardDisplayManager: show
05-08 19:18:34.772  1425  1527 I chatty  : uid=1000(system) android.fg expire 2 lines
05-08 19:18:35.319  1425  3769 I chatty  : uid=1000(system) Binder:1425_7 expire 1 line
05-08 19:18:35.655  1425  2366 I chatty  : uid=1000(system) AlarmManager expire 9 lines
05-08 19:18:39.439  1425  8147 I chatty  : uid=1000 system_server expire 2 lines
05-08 19:18:47.887  1318  1358 D QMI_FW  : chen-screen off: is_screen_off = 1 
05-08 19:18:52.449  1425  8152 I chatty  : uid=1000 system_server expire 1 line
05-08 19:19:15.271  1425  8169 I chatty  : uid=1000 system_server expire 1 line
05-08 19:19:17.216  1425  2348 I chatty  : uid=1000(system) HwBinder:1425_1 expire 1 line
05-08 19:19:17.220  1425  1460 I chatty  : uid=1000(system) android.ui expire 12 lines
05-08 19:19:17.223  1425  1531 I chatty  : uid=1000(system) PowerManagerSer expire 22 lines
05-08 19:19:17.223  1425  3551 I chatty  : uid=1000(system) ColorBalanceThr expire 11 lines
05-08 19:19:17.223  3624  3624 W FingerprintManager: Invalid acquired message: 6, 0
05-08 19:19:17.224  1425  1425 I chatty  : uid=1000 system_server expire 42 lines
05-08 19:19:17.268  1425  1529 I chatty  : uid=1000(system) android.display expire 5 lines
05-08 19:19:17.292  1337  1371 D QMI_FW  : chen-screen on: is_screen_off = 0 
05-08 19:19:17.294  1425  3769 I chatty  : uid=1000(system) Binder:1425_7 expire 9 lines
05-08 19:19:17.302  1318  1358 D QMI_FW  : chen-screen on: is_screen_off = 0 
05-08 19:19:17.330  1425  2348 I chatty  : uid=1000(system) HwBinder:1425_1 expire 1 line
05-08 19:19:17.354  1425  5117 I chatty  : uid=1000(system) Binder:1425_E expire 4 lines
05-08 19:19:17.388  1425 10327 I chatty  : uid=1000(system) Binder:1425_15 expire 5 lines
05-08 19:19:17.396  1425  1459 I chatty  : uid=1000(system) ActivityManager expire 16 lines
05-08 19:19:17.396  1425  1527 I chatty  : uid=1000(system) android.fg expire 7 lines
05-08 19:19:17.402  1425  2389 I chatty  : uid=1000(system) OIMC expire 8 lines
05-08 19:19:17.404  3624  3624 V KeyguardDisplayManager: hide
05-08 19:19:17.456  1425 18165 I chatty  : uid=1000(system) Binder:1425_1C expire 34 lines
05-08 19:19:17.481  1425 11480 I chatty  : uid=1000(system) Binder:1425_1A expire 2 lines
05-08 19:19:17.665  1425  3530 I chatty  : uid=1000(system) NetworkPolicy expire 4 lines
05-08 19:19:18.156   928  1090 E storaged: getDiskStats failed with result NOT_SUPPORTED and size 0
05-08 19:19:18.746  1425  2366 I chatty  : uid=1000(system) AlarmManager expire 9 lines
05-08 19:19:18.798  1425  2380 I chatty  : uid=1000(system) InputReader expire 6 lines
05-08 19:19:24.576  1425  1461 I chatty  : uid=1000(system) ActivityManager expire 1 line
05-08 19:19:27.863  1425 11361 I chatty  : uid=1000(system) Binder:1425_19 expire 28 lines
05-08 19:19:27.914  1425  1456 I chatty  : uid=1000(system) android.bg expire 1 line
05-08 19:19:30.011  1425  5526 I chatty  : uid=1000(system) Binder:1425_13 expire 4 lines
05-08 19:19:40.314  1425  3738 I chatty  : uid=1000(system) Binder:1425_5 expire 1 line
05-08 19:19:42.190  1337  1371 D QMI_FW  : chen-screen off: is_screen_off = 1 
05-08 19:19:42.409  1425  1531 I chatty  : uid=1000(system) PowerManagerSer expire 10 lines
05-08 19:19:46.535  1425  2343 I chatty  : uid=1000(system) android.anim expire 1 line
05-08 19:19:47.245  1425  8507 I chatty  : uid=1000 system_server expire 2 lines
05-08 19:19:54.751  1425  1425 I chatty  : uid=1000 system_server expire 5 lines
05-08 19:20:05.088  1425  8527 I chatty  : uid=1000 system_server expire 5 lines
05-08 19:20:08.463  1337  1371 D QMI_FW  : chen-screen on: is_screen_off = 0 
05-08 19:20:08.472  1318  1358 D QMI_FW  : chen-screen on: is_screen_off = 0 
05-08 19:20:09.268  1425  1460 I chatty  : uid=1000(system) android.ui expire 16 lines
05-08 19:20:09.418  1425  2343 I chatty  : uid=1000(system) android.anim expire 5 lines
05-08 19:20:09.852  1425  1531 I chatty  : uid=1000(system) PowerManagerSer expire 15 lines
05-08 19:20:11.103  1425  8557 I chatty  : uid=1000 system_server expire 4 lines
05-08 19:20:11.926  1425  1425 I chatty  : uid=1000 system_server expire 11 lines
05-08 19:20:11.927  1425  3551 I chatty  : uid=1000(system) ColorBalanceThr expire 10 lines
05-08 19:20:11.952  1425  1529 I chatty  : uid=1000(system) android.display expire 5 lines
05-08 19:20:11.971  1337  1371 D QMI_FW  : chen-screen off: is_screen_off = 1 
05-08 19:20:13.482  1425  2341 I chatty  : uid=1000(system) Binder:1425_4 expire 1 line
05-08 19:20:17.059  1425  8565 I chatty  : uid=1000 system_server expire 5 lines
05-08 19:20:18.157   928  1090 E storaged: getDiskStats failed with result NOT_SUPPORTED and size 0
05-08 19:20:31.094  1425  3530 I chatty  : uid=1000(system) NetworkPolicy expire 12 lines
05-08 19:20:31.095  1425  1459 I chatty  : uid=1000(system) ActivityManager expire 10 lines
05-08 19:20:34.793  1425  2366 I chatty  : uid=1000(system) AlarmManager expire 49 lines
05-08 19:20:36.124  1425  8582 I chatty  : uid=1000 system_server expire 4 lines
05-08 19:20:41.523  1425  8620 I chatty  : uid=1000 system_server expire 6 lines
05-08 19:20:49.729  1425  8635 I chatty  : uid=1000 system_server expire 5 lines
05-08 19:20:55.808  1425  8638 I chatty  : uid=1000 system_server expire 4 lines
05-08 19:21:05.086  1425  8668 I chatty  : uid=1000 system_server expire 5 lines
05-08 19:21:18.159   928  1090 E storaged: getDiskStats failed with result NOT_SUPPORTED and size 0
05-08 19:21:22.331  1425  1464 I chatty  : uid=1000(system) batterystats-wo expire 4 lines
05-08 19:21:22.519  1318  1358 D QMI_FW  : chen-screen off: is_screen_off = 1 
05-08 19:21:23.830  1425  2366 I chatty  : uid=1000(system) AlarmManager expire 10 lines
05-08 19:21:27.403  1425  8676 I chatty  : uid=1000 system_server expire 5 lines
05-08 19:21:31.628  1425  1531 I chatty  : uid=1000(system) PowerManagerSer expire 10 lines
05-08 19:21:36.143  1425  8679 I chatty  : uid=1000 system_server expire 5 lines
05-08 19:21:55.187  1425  8683 I chatty  : uid=1000 system_server expire 4 lines
05-08 19:22:05.083  1425  8712 I chatty  : uid=1000 system_server expire 4 lines
05-08 19:22:18.160   928  1090 E storaged: getDiskStats failed with result NOT_SUPPORTED and size 0
05-08 19:22:19.774  1425  8716 I chatty  : uid=1000 system_server expire 4 lines
05-08 19:22:21.843  1425  1459 I chatty  : uid=1000(system) ActivityManager expire 4 lines
05-08 19:22:26.803  1425  8718 I chatty  : uid=1000 system_server expire 5 lines
05-08 19:22:36.208  1425  8728 I chatty  : uid=1000 system_server expire 4 lines
05-08 19:22:52.641  1425  1460 I chatty  : uid=1000(system) android.ui expire 4 lines
05-08 19:22:56.055  1337  1371 D QMI_FW  : chen-screen on: is_screen_off = 0 
05-08 19:22:56.066  1318  1358 D QMI_FW  : chen-screen on: is_screen_off = 0 
05-08 19:22:56.111  1425  1531 I chatty  : uid=1000(system) PowerManagerSer expire 17 lines
05-08 19:22:59.519  1337  1371 D QMI_FW  : chen-screen off: is_screen_off = 1 
05-08 19:23:00.000  1425  2366 I chatty  : uid=1000(system) AlarmManager expire 3 lines
05-08 19:23:01.169  1425  5114 I chatty  : uid=1000(system) Binder:1425_D expire 1 line
05-08 19:23:04.568  1425  8786 I chatty  : uid=1000 system_server expire 5 lines
05-08 19:23:18.162   928  1090 E storaged: getDiskStats failed with result NOT_SUPPORTED and size 0
05-08 19:23:26.186  1425  2366 I chatty  : uid=1000(system) AlarmManager expire 14 lines
05-08 19:23:26.246  1425  1461 I chatty  : uid=1000(system) ActivityManager expire 3 lines
05-08 19:23:26.292  1425  3530 I chatty  : uid=1000(system) NetworkPolicy expire 14 lines
05-08 19:23:26.293  1425  1459 I chatty  : uid=1000(system) ActivityManager expire 15 lines
05-08 19:23:31.273  1425  8875 I chatty  : uid=1000 system_server expire 4 lines
05-08 19:23:38.831  1425  1531 I chatty  : uid=1000(system) PowerManagerSer expire 23 lines
05-08 19:23:39.466  1425  1425 I chatty  : uid=1000 system_server expire 11 lines
05-08 19:23:39.480  1425  3551 I chatty  : uid=1000(system) ColorBalanceThr expire 11 lines
05-08 19:23:39.511  1425  1464 I chatty  : uid=1000(system) batterystats-wo expire 5 lines
05-08 19:23:39.515  1425  1529 I chatty  : uid=1000(system) android.display expire 12 lines
05-08 19:23:39.549  1318  1358 D QMI_FW  : chen-screen on: is_screen_off = 0 
05-08 19:23:39.551  1337  1371 D QMI_FW  : chen-screen on: is_screen_off = 0 
05-08 19:23:41.309  1337  1371 D QMI_FW  : chen-screen off: is_screen_off = 1 
05-08 19:23:41.815  1425  1460 I chatty  : uid=1000(system) android.ui expire 12 lines
05-08 19:23:42.001  1425  2343 I chatty  : uid=1000(system) android.anim expire 9 lines
05-08 19:23:42.750  1425  5526 I chatty  : uid=1000(system) Binder:1425_13 expire 4 lines
05-08 19:23:46.368  1425  8902 I chatty  : uid=1000 system_server expire 5 lines
05-08 19:24:18.163   928  1090 E storaged: getDiskStats failed with result NOT_SUPPORTED and size 0
05-08 19:24:23.708  1425  1459 I chatty  : uid=1000(system) ActivityManager expire 10 lines
05-08 19:24:28.797  1425  8937 I chatty  : uid=1000 system_server expire 4 lines
05-08 19:24:36.167  1425  8966 I chatty  : uid=1000 system_server expire 5 lines
05-08 19:24:50.115  1318  1358 D QMI_FW  : chen-screen off: is_screen_off = 1 
05-08 19:24:55.084  1425  8987 I chatty  : uid=1000 system_server expire 5 lines
05-08 19:25:00.106  1425  5133 I chatty  : uid=1000(system) Binder:1425_10 expire 1 line
05-08 19:25:00.957  1425  1531 I chatty  : uid=1000(system) PowerManagerSer expire 10 lines
05-08 19:25:02.737  1337  1371 D QMI_FW  : chen-screen on: is_screen_off = 0 
05-08 19:25:02.741  1318  1358 D QMI_FW  : chen-screen on: is_screen_off = 0 
05-08 19:25:04.696  1425 10327 I chatty  : uid=1000(system) Binder:1425_15 expire 4 lines
05-08 19:25:15.184  1425  4842 I chatty  : uid=1000(system) Binder:1425_B expire 4 lines
05-08 19:25:15.191  1425 19423 I chatty  : uid=1000(system) Binder:1425_1E expire 2 lines
05-08 19:25:18.165   928  1090 E storaged: getDiskStats failed with result NOT_SUPPORTED and size 0
05-08 19:26:04.883  1425  9835 I chatty  : uid=1000(system) Binder:1425_14 expire 1 line
05-08 19:26:04.894  1425 19425 I chatty  : uid=1000(system) Binder:1425_20 expire 2 lines
05-08 19:26:06.526  1425  1460 I chatty  : uid=1000(system) android.ui expire 8 lines
05-08 19:26:07.842  1425  3739 I chatty  : uid=1000(system) Binder:1425_6 expire 3 lines
05-08 19:26:18.166   928  1090 E storaged: getDiskStats failed with result NOT_SUPPORTED and size 0
05-08 19:26:31.154  1425  3530 I chatty  : uid=1000(system) NetworkPolicy expire 2 lines
05-08 19:26:37.786  1425  9261 I chatty  : uid=1000 system_server expire 2 lines
05-08 19:26:43.359  1425  1531 I chatty  : uid=1000(system) PowerManagerSer expire 13 lines
05-08 19:26:43.666  1425  1425 I chatty  : uid=1000 system_server expire 3 lines
05-08 19:26:43.671  1425  3551 I chatty  : uid=1000(system) ColorBalanceThr expire 3 lines
05-08 19:26:43.712  1425  1529 I chatty  : uid=1000(system) android.display expire 10 lines
05-08 19:26:43.736  1337  1371 D QMI_FW  : chen-screen off: is_screen_off = 1 
05-08 19:26:48.765  1425  9290 I chatty  : uid=1000 system_server expire 2 lines
05-08 19:26:55.438  1425  9298 I chatty  : uid=1000 system_server expire 7 lines
05-08 19:27:00.000  1425  2366 I chatty  : uid=1000(system) AlarmManager expire 1 line
05-08 19:27:02.094  1318  1358 D QMI_FW  : chen-screen off: is_screen_off = 1 
05-08 19:27:04.048  1425  1459 I chatty  : uid=1000(system) ActivityManager expire 1 line
05-08 19:27:05.087  1425  9326 I chatty  : uid=1000 system_server expire 6 lines
05-08 19:27:10.203  1425  9330 I chatty  : uid=1000 system_server expire 5 lines
05-08 19:27:17.204  1425  9337 I chatty  : uid=1000 system_server expire 6 lines
05-08 19:27:18.167   928  1090 E storaged: getDiskStats failed with result NOT_SUPPORTED and size 0
05-08 19:27:19.910  1425  1459 I chatty  : uid=1000(system) ActivityManager expire 17 lines
05-08 19:27:19.933  1425  1464 I chatty  : uid=1000(system) batterystats-wo expire 1 line
05-08 19:27:24.984  1425  9341 I chatty  : uid=1000 system_server expire 4 lines
05-08 19:27:25.959  1425  1531 I chatty  : uid=1000(system) PowerManagerSer expire 10 lines
05-08 19:27:26.216  1425  2366 I chatty  : uid=1000(system) AlarmManager expire 11 lines
05-08 19:27:26.272  1425  3739 I chatty  : uid=1000(system) Binder:1425_6 expire 13 lines
05-08 19:27:26.324  1425  3530 I chatty  : uid=1000(system) NetworkPolicy expire 10 lines
05-08 19:27:28.492  1425  1425 I chatty  : uid=1000 system_server expire 6 lines
05-08 19:27:28.505  1425  3551 I chatty  : uid=1000(system) ColorBalanceThr expire 4 lines
05-08 19:27:28.553  1425  1529 I chatty  : uid=1000(system) android.display expire 1 line
05-08 19:27:28.578  1337  1371 D QMI_FW  : chen-screen on: is_screen_off = 0 
05-08 19:27:28.582  1318  1358 D QMI_FW  : chen-screen on: is_screen_off = 0 
05-08 19:27:29.030  1425  1460 I chatty  : uid=1000(system) android.ui expire 4 lines
05-08 19:27:29.177  1425  2343 I chatty  : uid=1000(system) android.anim expire 1 line
05-08 19:27:44.111  1425 10327 I chatty  : uid=1000(system) Binder:1425_15 expire 53 lines
05-08 19:27:44.119  1425  5117 I chatty  : uid=1000(system) Binder:1425_E expire 2 lines
05-08 19:28:18.168   928  1090 E storaged: getDiskStats failed with result NOT_SUPPORTED and size 0
05-08 19:28:33.791  1425  3738 I chatty  : uid=1000(system) Binder:1425_5 expire 6 lines
05-08 19:28:35.974  1425 18165 I chatty  : uid=1000(system) Binder:1425_1C expire 50 lines
05-08 19:29:02.459  1425  5526 I chatty  : uid=1000(system) Binder:1425_13 expire 3 lines
05-08 19:29:03.267  1425  2380 I chatty  : uid=1000(system) InputReader expire 2 lines
05-08 19:29:18.169   928  1090 E storaged: getDiskStats failed with result NOT_SUPPORTED and size 0
05-08 19:29:26.348  1425  3530 I chatty  : uid=1000(system) NetworkPolicy expire 4 lines
05-08 19:29:26.349  1425  1459 I chatty  : uid=1000(system) ActivityManager expire 2 lines
05-08 19:29:29.124  1425  5136 I chatty  : uid=1000(system) Binder:1425_11 expire 54 lines
05-08 19:29:42.614  1425 18165 I chatty  : uid=1000(system) Binder:1425_1C expire 26 lines
05-08 19:29:45.208  1425 10327 I chatty  : uid=1000(system) Binder:1425_15 expire 25 lines
05-08 19:29:48.649  1425  2380 I chatty  : uid=1000(system) InputReader expire 11 lines
05-08 19:29:48.892  1425  1459 I chatty  : uid=1000(system) ActivityManager expire 10 lines
05-08 19:29:49.407  1425  2378 I chatty  : uid=1000(system) InputDispatcher expire 1 line
05-08 19:29:49.923  1425  1425 I chatty  : uid=1000 system_server expire 14 lines
05-08 19:29:49.924  1425  2389 I chatty  : uid=1000(system) OIMC expire 4 lines
05-08 19:29:50.286  1425  5526 I chatty  : uid=1000(system) Binder:1425_13 expire 3 lines
05-08 19:29:51.370  1425  1461 I chatty  : uid=1000(system) ActivityManager expire 4 lines
05-08 19:29:51.390  9742  9742 E LoadedApk: Unable to instantiate appComponentFactory
05-08 19:29:51.390  9742  9742 E LoadedApk: java.lang.ClassNotFoundException: Didn't find class "android.support.v4.app.CoreComponentFactory" on path: DexPathList[[zip file "/system/framework/org.apache.http.legacy.boot.jar", zip file "/data/app/com.mobike.mobikeapp-hLTDWbiWnmYWmHdgP7KUKQ==/base.apk"],nativeLibraryDirectories=[/data/app/com.mobike.mobikeapp-hLTDWbiWnmYWmHdgP7KUKQ==/lib/arm, /data/app/com.mobike.mobikeapp-hLTDWbiWnmYWmHdgP7KUKQ==/base.apk!/lib/armeabi, /system/lib]]
05-08 19:29:51.390  9742  9742 E LoadedApk: 	at dalvik.system.BaseDexClassLoader.findClass(BaseDexClassLoader.java:169)
05-08 19:29:51.390  9742  9742 E LoadedApk: 	at java.lang.ClassLoader.loadClass(ClassLoader.java:379)
05-08 19:29:51.390  9742  9742 E LoadedApk: 	at java.lang.ClassLoader.loadClass(ClassLoader.java:312)
05-08 19:29:51.390  9742  9742 E LoadedApk: 	at android.app.LoadedApk.createAppFactory(LoadedApk.java:226)
05-08 19:29:51.390  9742  9742 E LoadedApk: 	at android.app.LoadedApk.createOrUpdateClassLoaderLocked(LoadedApk.java:739)
05-08 19:29:51.390  9742  9742 E LoadedApk: 	at android.app.LoadedApk.getClassLoader(LoadedApk.java:818)
05-08 19:29:51.390  9742  9742 E LoadedApk: 	at android.app.LoadedApk.getResources(LoadedApk.java:1041)
05-08 19:29:51.390  9742  9742 E LoadedApk: 	at android.app.ContextImpl.createAppContext(ContextImpl.java:2394)
05-08 19:29:51.390  9742  9742 E LoadedApk: 	at android.app.ActivityThread.handleBindApplication(ActivityThread.java:5913)
05-08 19:29:51.390  9742  9742 E LoadedApk: 	at android.app.ActivityThread.access$1300(ActivityThread.java:207)
05-08 19:29:51.390  9742  9742 E LoadedApk: 	at android.app.ActivityThread$H.handleMessage(ActivityThread.java:1748)
05-08 19:29:51.390  9742  9742 E LoadedApk: 	at android.os.Handler.dispatchMessage(Handler.java:106)
05-08 19:29:51.390  9742  9742 E LoadedApk: 	at android.os.Looper.loop(Looper.java:193)
05-08 19:29:51.390  9742  9742 E LoadedApk: 	at android.app.ActivityThread.main(ActivityThread.java:6863)
05-08 19:29:51.390  9742  9742 E LoadedApk: 	at java.lang.reflect.Method.invoke(Native Method)
05-08 19:29:51.390  9742  9742 E LoadedApk: 	at com.android.internal.os.RuntimeInit$MethodAndArgsCaller.run(RuntimeInit.java:537)
05-08 19:29:51.390  9742  9742 E LoadedApk: 	at com.android.internal.os.ZygoteInit.main(ZygoteInit.java:858)
05-08 19:29:56.227  1425  3739 I chatty  : uid=1000(system) Binder:1425_6 expire 3 lines
05-08 19:29:56.240  1425  3738 I chatty  : uid=1000(system) Binder:1425_5 expire 8 lines
05-08 19:29:56.242  1425  3537 I chatty  : uid=1000(system) ConnectivitySer expire 102 lines
05-08 19:29:56.797  1425  5136 I chatty  : uid=1000(system) Binder:1425_11 expire 3 lines
05-08 19:29:58.016  1425  2366 I chatty  : uid=1000(system) AlarmManager expire 19 lines
05-08 19:29:58.401  7214  7214 E SchedPolicy: set_timerslack_ns write failed: Operation not permitted
05-08 19:29:58.524  1425  5133 I chatty  : uid=1000(system) Binder:1425_10 expire 1 line
05-08 19:30:00.616  7214  7214 E SchedPolicy: set_timerslack_ns write failed: Operation not permitted
05-08 19:30:01.078  1425 18165 I chatty  : uid=1000(system) Binder:1425_1C expire 4 lines
05-08 19:30:01.410  7214  7214 E SchedPolicy: set_timerslack_ns write failed: Operation not permitted
05-08 19:30:01.524  1425  1459 I chatty  : uid=1000(system) ActivityManager expire 17 lines
05-08 19:30:03.071  1425  1425 I chatty  : uid=1000 system_server expire 16 lines
05-08 19:30:03.131  1425 10299 I chatty  : uid=1000 system_server expire 6 lines
05-08 19:30:03.239  7214  7214 E SchedPolicy: set_timerslack_ns write failed: Operation not permitted
05-08 19:30:04.773  1425  1531 I chatty  : uid=1000(system) PowerManagerSer expire 12 lines
05-08 19:30:04.837  1425  3551 I chatty  : uid=1000(system) ColorBalanceThr expire 7 lines
05-08 19:30:04.925  1425  1529 I chatty  : uid=1000(system) android.display expire 1 line
05-08 19:30:04.936  1425 11480 I chatty  : uid=1000(system) Binder:1425_1A expire 1 line
05-08 19:30:04.942  1337  1371 D QMI_FW  : chen-screen off: is_screen_off = 1 
05-08 19:30:05.215  1425  1527 I chatty  : uid=1000(system) android.fg expire 6 lines
05-08 19:30:05.244  7214  7214 E SchedPolicy: set_timerslack_ns write failed: Operation not permitted
05-08 19:30:05.315  3624  3624 V KeyguardStatusView: refresh statusview showing:true
05-08 19:30:05.333  3624  3624 V KeyguardDisplayManager: show
05-08 19:30:09.880  1425  1464 I chatty  : uid=1000(system) batterystats-wo expire 2 lines
05-08 19:30:09.943  1425 10404 I chatty  : uid=1000 system_server expire 3 lines
05-08 19:30:15.066  1425 10429 I chatty  : uid=1000 system_server expire 2 lines
05-08 19:30:18.170   928  1090 E storaged: getDiskStats failed with result NOT_SUPPORTED and size 0
05-08 19:30:20.585  1425 10463 I chatty  : uid=1000 system_server expire 2 lines
05-08 19:30:26.545  1425  3530 I chatty  : uid=1000(system) NetworkPolicy expire 4 lines
05-08 19:30:29.261  1425 10483 I chatty  : uid=1000 system_server expire 2 lines
05-08 19:30:37.015  1425 10493 I chatty  : uid=1000 system_server expire 4 lines
05-08 19:30:43.604  1425 10501 I chatty  : uid=1000 system_server expire 2 lines
05-08 19:30:50.323  1425 10510 I chatty  : uid=1000 system_server expire 3 lines
05-08 19:30:54.599  1425  1425 I chatty  : uid=1000 system_server expire 7 lines
05-08 19:30:55.038  1425  2376 I chatty  : uid=1000(system) HwBinder:1425_2 expire 1 line
05-08 19:30:55.039  1425  1460 I chatty  : uid=1000(system) android.ui expire 1 line
05-08 19:30:55.044  1425  1531 I chatty  : uid=1000(system) PowerManagerSer expire 26 lines
05-08 19:30:55.046  3624  3624 W FingerprintManager: Invalid acquired message: 6, 0
05-08 19:30:55.065  1425  1529 I chatty  : uid=1000(system) android.display expire 5 lines
05-08 19:30:55.067  1425  1425 I chatty  : uid=1000 system_server expire 34 lines
05-08 19:30:55.094  1337  1371 D QMI_FW  : chen-screen on: is_screen_off = 0 
05-08 19:30:55.095  1425  3739 I chatty  : uid=1000(system) Binder:1425_6 expire 4 lines
05-08 19:30:55.095  1425  1460 I chatty  : uid=1000(system) android.ui expire 13 lines
05-08 19:30:55.100  1318  1358 D QMI_FW  : chen-screen on: is_screen_off = 0 
05-08 19:30:55.137  1425  2376 I chatty  : uid=1000(system) HwBinder:1425_2 expire 1 line
05-08 19:30:55.163  1425 18165 I chatty  : uid=1000(system) Binder:1425_1C expire 6 lines
05-08 19:30:55.171  1425  3738 I chatty  : uid=1000(system) Binder:1425_5 expire 2 lines
05-08 19:30:55.175  1425  1459 I chatty  : uid=1000(system) ActivityManager expire 19 lines
05-08 19:30:55.233  1425  1527 I chatty  : uid=1000(system) android.fg expire 13 lines
05-08 19:30:55.236  1425  2389 I chatty  : uid=1000(system) OIMC expire 8 lines
05-08 19:30:55.236  3624  3624 V KeyguardDisplayManager: hide
05-08 19:30:55.277  1425  5136 I chatty  : uid=1000(system) Binder:1425_11 expire 5 lines
05-08 19:30:55.312  1425  5117 I chatty  : uid=1000(system) Binder:1425_E expire 9 lines
05-08 19:30:55.362  1425  3530 I chatty  : uid=1000(system) NetworkPolicy expire 4 lines
05-08 19:30:55.376  7214  7214 E SchedPolicy: set_timerslack_ns write failed: Operation not permitted
05-08 19:30:57.363  1425  2366 I chatty  : uid=1000(system) AlarmManager expire 6 lines
05-08 19:30:59.940  1425  2380 I chatty  : uid=1000(system) InputReader expire 5 lines
05-08 19:31:00.010  1425  3551 I chatty  : uid=1000(system) ColorBalanceThr expire 7 lines
05-08 19:31:00.100  1337  1371 D QMI_FW  : chen-screen off: is_screen_off = 1 
05-08 19:31:00.334  1425 11480 I chatty  : uid=1000(system) Binder:1425_1A expire 2 lines
05-08 19:31:00.366  7214  7214 E SchedPolicy: set_timerslack_ns write failed: Operation not permitted
05-08 19:31:00.411  3624  3624 V KeyguardStatusView: refresh statusview showing:true
05-08 19:31:00.423  3624  3624 V KeyguardDisplayManager: show
