05-08 18:32:56.600  1425  9835 I chatty  : uid=1000(system) Binder:1425_14 expire 1 line
05-08 18:32:56.614  1337  1371 D QMI_FW  : chen-screen on: is_screen_off = 0 
05-08 18:32:56.618  1318  1358 D QMI_FW  : chen-screen on: is_screen_off = 0 
05-08 18:32:56.663  1425  1531 I chatty  : uid=1000(system) PowerManagerSer expire 14 lines
05-08 18:32:56.676  1425  5136 I chatty  : uid=1000(system) Binder:1425_11 expire 4 lines
05-08 18:32:56.679  1425  1425 I chatty  : uid=1000 system_server expire 30 lines
05-08 18:32:56.854  1425  3530 I chatty  : uid=1000(system) NetworkPolicy expire 2 lines
05-08 18:32:56.903  1425 11050 I chatty  : uid=1000(system) Binder:1425_18 expire 4 lines
05-08 18:32:57.325  1425  3606 I chatty  : uid=1000(system) HwBinder:1425_4 expire 2 lines
05-08 18:32:57.328  1425  1436 I chatty  : uid=1000(system) Binder:1425_1 expire 4 lines
05-08 18:32:57.328  1425  1460 I chatty  : uid=1000(system) android.ui expire 3 lines
05-08 18:32:57.329  3624  3624 W FingerprintManager: Invalid acquired message: 6, 0
05-08 18:32:57.770  1425  1459 I chatty  : uid=1000(system) ActivityManager expire 10 lines
05-08 18:32:57.796  1425  3537 I chatty  : uid=1000(system) ConnectivitySer expire 33 lines
05-08 18:32:57.812  1425  9835 I chatty  : uid=1000(system) Binder:1425_14 expire 1 line
05-08 18:32:57.824  1425  1527 I chatty  : uid=1000(system) android.fg expire 12 lines
05-08 18:32:57.825  1425  2389 I chatty  : uid=1000(system) OIMC expire 4 lines
05-08 18:32:57.838  3624  3624 V KeyguardDisplayManager: hide
05-08 18:32:57.894  1425 10327 I chatty  : uid=1000(system) Binder:1425_15 expire 6 lines
05-08 18:32:58.956  1425  2366 I chatty  : uid=1000(system) AlarmManager expire 20 lines
05-08 18:33:08.241  1425  1456 I chatty  : uid=1000(system) android.bg expire 2 lines
05-08 18:33:11.126  1425  2380 I chatty  : uid=1000(system) InputReader expire 3 lines
05-08 18:33:11.197  1425  3551 I chatty  : uid=1000(system) ColorBalanceThr expire 3 lines
05-08 18:33:11.303  1425  1529 I chatty  : uid=1000(system) android.display expire 1 line
05-08 18:33:11.328  1318  1358 D QMI_FW  : chen-screen on: is_screen_off = 0 
05-08 18:33:11.329  1337  1371 D QMI_FW  : chen-screen on: is_screen_off = 0 
05-08 18:33:11.564  1425  1531 I chatty  : uid=1000(system) PowerManagerSer expire 3 lines
05-08 18:33:11.567  1425  1425 I chatty  : uid=1000 system_server expire 7 lines
05-08 18:33:11.583  1425 10734 I chatty  : uid=1000(system) Binder:1425_17 expire 2 lines
05-08 18:33:11.739  3624  3624 V KeyguardStatusView: refresh statusview showing:true
05-08 18:33:11.760  3624  3624 V KeyguardDisplayManager: show
05-08 18:33:11.774  1425  1527 I chatty  : uid=1000(system) android.fg expire 1 line
05-08 18:33:11.850  1425  2340 I chatty  : uid=1000(system) Binder:1425_3 expire 1 line
05-08 18:33:11.969  1425  1459 I chatty  : uid=1000(system) ActivityManager expire 90 lines
05-08 18:33:16.329  1425  1232 I chatty  : uid=1000 system_server expire 3 lines
05-08 18:33:21.596  1425  1235 I chatty  : uid=1000 system_server expire 1 line
05-08 18:33:26.807  1425  1461 I chatty  : uid=1000(system) ActivityManager expire 1 line
05-08 18:33:27.565  1425  1296 I chatty  : uid=1000 system_server expire 1 line
05-08 18:33:28.099  1425 19424 I chatty  : uid=1000(system) Binder:1425_1F expire 1 line
05-08 18:33:28.100  1425  3537 I chatty  : uid=1000(system) ConnectivitySer expire 32 lines
05-08 18:33:32.624  1425  1472 I chatty  : uid=1000 system_server expire 1 line
05-08 18:33:45.693   928  1090 E storaged: getDiskStats failed with result NOT_SUPPORTED and size 0
05-08 18:33:58.101  1425  2366 I chatty  : uid=1000(system) AlarmManager expire 7 lines
05-08 18:34:02.585  1425  1645 I chatty  : uid=1000 system_server expire 2 lines
05-08 18:34:45.695   928  1090 E storaged: getDiskStats failed with result NOT_SUPPORTED and size 0
05-08 18:34:52.864  1425  1744 I chatty  : uid=1000 system_server expire 1 line
05-08 18:35:27.254  1425  1459 I chatty  : uid=1000(system) ActivityManager expire 105 lines
05-08 18:35:27.413  1425  2340 I chatty  : uid=1000(system) Binder:1425_3 expire 1 line
05-08 18:35:27.414  1425  1425 I chatty  : uid=1000 system_server expire 11 lines
05-08 18:35:27.434  1425  3770 I chatty  : uid=1000(system) Binder:1425_8 expire 2 lines
05-08 18:35:28.403  1425  1461 I chatty  : uid=1000(system) ActivityManager expire 6 lines
05-08 18:35:45.696   928  1090 E storaged: getDiskStats failed with result NOT_SUPPORTED and size 0
05-08 18:35:48.442  1425  1459 I chatty  : uid=1000(system) ActivityManager expire 10 lines
05-08 18:36:01.242  1425  1917 I chatty  : uid=1000 system_server expire 2 lines
05-08 18:36:15.911   930   930 I wificond: Station 00:15:00:e8:9a:a4 disassociated from hotspot
05-08 18:36:34.987  1425  2366 I chatty  : uid=1000(system) AlarmManager expire 9 lines
05-08 18:36:34.990  1425  1456 I chatty  : uid=1000(system) android.bg expire 2 lines
05-08 18:36:40.447  1425  1935 I chatty  : uid=1000 system_server expire 1 line
05-08 18:36:45.468  1425  3559 I chatty  : uid=1000(system) OPBackgroundThr expire 12 lines
05-08 18:36:46.081   928  1090 E storaged: getDiskStats failed with result NOT_SUPPORTED and size 0
05-08 18:37:26.036  1425  1464 I chatty  : uid=1000(system) batterystats-wo expire 2 lines
05-08 18:37:48.516  1425  1951 I chatty  : uid=1000 system_server expire 1 line
05-08 18:38:13.712   928  1090 E storaged: getDiskStats failed with result NOT_SUPPORTED and size 0
05-08 18:38:19.042  1425  2380 I chatty  : uid=1000(system) InputReader expire 2 lines
05-08 18:38:19.045  1425  1531 I chatty  : uid=1000(system) PowerManagerSer expire 12 lines
05-08 18:38:19.045  1425  3551 I chatty  : uid=1000(system) ColorBalanceThr expire 4 lines
05-08 18:38:19.090  1425  1529 I chatty  : uid=1000(system) android.display expire 2 lines
05-08 18:38:19.111  1425  1460 I chatty  : uid=1000(system) android.ui expire 7 lines
05-08 18:38:19.124  1337  1371 D QMI_FW  : chen-screen on: is_screen_off = 0 
05-08 18:38:19.127  1318  1358 D QMI_FW  : chen-screen on: is_screen_off = 0 
05-08 18:38:19.151  1425  1425 I chatty  : uid=1000 system_server expire 23 lines
05-08 18:38:19.194  1425  5117 I chatty  : uid=1000(system) Binder:1425_E expire 11 lines
05-08 18:38:19.336  1425  3530 I chatty  : uid=1000(system) NetworkPolicy expire 2 lines
05-08 18:38:19.375  1425  3739 I chatty  : uid=1000(system) Binder:1425_6 expire 1 line
05-08 18:38:21.573  1425  3606 I chatty  : uid=1000(system) HwBinder:1425_4 expire 2 lines
05-08 18:38:21.576  3624  3624 W FingerprintManager: Invalid acquired message: 6, 0
05-08 18:38:22.033  1425  1459 I chatty  : uid=1000(system) ActivityManager expire 11 lines
05-08 18:38:22.072  1425  3537 I chatty  : uid=1000(system) ConnectivitySer expire 35 lines
05-08 18:38:22.077  1425  4445 I chatty  : uid=1000(system) Binder:1425_A expire 7 lines
05-08 18:38:22.083  1425  2389 I chatty  : uid=1000(system) OIMC expire 4 lines
05-08 18:38:22.083  1425  1527 I chatty  : uid=1000(system) android.fg expire 7 lines
05-08 18:38:22.092  3624  3624 V KeyguardDisplayManager: hide
05-08 18:38:22.295  1425  5114 I chatty  : uid=1000(system) Binder:1425_D expire 22 lines
05-08 18:38:25.226  1425  1425 I chatty  : uid=1000 system_server expire 18 lines
05-08 18:38:25.229  1425  2389 I chatty  : uid=1000(system) OIMC expire 6 lines
05-08 18:38:26.030  1425  3530 I chatty  : uid=1000(system) NetworkPolicy expire 4 lines
05-08 18:38:26.031  1425  1459 I chatty  : uid=1000(system) ActivityManager expire 14 lines
05-08 18:38:26.062  1425  4445 I chatty  : uid=1000(system) Binder:1425_A expire 11 lines
05-08 18:38:26.063  1425  3537 I chatty  : uid=1000(system) ConnectivitySer expire 34 lines
05-08 18:38:26.550  1425  2366 I chatty  : uid=1000(system) AlarmManager expire 15 lines
05-08 18:38:29.275  1425  3770 I chatty  : uid=1000(system) Binder:1425_8 expire 10 lines
05-08 18:38:30.853  1425  9835 I chatty  : uid=1000(system) Binder:1425_14 expire 10 lines
05-08 18:38:32.466  1425  5117 I chatty  : uid=1000(system) Binder:1425_E expire 3 lines
05-08 18:38:32.729  1425  5139 I chatty  : uid=1000(system) Binder:1425_12 expire 17 lines
05-08 18:38:32.822  1425  1456 I chatty  : uid=1000(system) android.bg expire 1 line
05-08 18:38:33.260  1425  1437 I chatty  : uid=1000(system) Binder:1425_2 expire 10 lines
05-08 18:38:34.686  1425 19424 I chatty  : uid=1000(system) Binder:1425_1F expire 3 lines
05-08 18:38:34.860  1425  3769 I chatty  : uid=1000(system) Binder:1425_7 expire 4 lines
05-08 18:38:42.046  1425  2380 I chatty  : uid=1000(system) InputReader expire 3 lines
05-08 18:38:42.047  1425  1531 I chatty  : uid=1000(system) PowerManagerSer expire 19 lines
05-08 18:38:42.117  1425  3551 I chatty  : uid=1000(system) ColorBalanceThr expire 7 lines
05-08 18:38:42.121  1425  1529 I chatty  : uid=1000(system) android.display expire 4 lines
05-08 18:38:42.219  1337  1371 D QMI_FW  : chen-screen on: is_screen_off = 0 
05-08 18:38:42.224  1318  1358 D QMI_FW  : chen-screen on: is_screen_off = 0 
05-08 18:38:42.245  1425  1425 I chatty  : uid=1000 system_server expire 10 lines
05-08 18:38:42.444  1425  5526 I chatty  : uid=1000(system) Binder:1425_13 expire 1 line
05-08 18:38:42.496  1425  1527 I chatty  : uid=1000(system) android.fg expire 10 lines
05-08 18:38:42.595  3624  3624 V KeyguardStatusView: refresh statusview showing:true
05-08 18:38:42.604  3624  3624 V KeyguardDisplayManager: show
05-08 18:38:47.222  1425  2345 I chatty  : uid=1000 system_server expire 1 line
05-08 18:38:53.677  1425  2356 I chatty  : uid=1000 system_server expire 1 line
05-08 18:39:02.237  1425  2369 I chatty  : uid=1000 system_server expire 3 lines
05-08 18:39:06.760  1425  1460 I chatty  : uid=1000(system) android.ui expire 11 lines
05-08 18:39:06.857  1337  1371 D QMI_FW  : chen-screen on: is_screen_off = 0 
05-08 18:39:06.862  1318  1358 D QMI_FW  : chen-screen on: is_screen_off = 0 
05-08 18:39:06.875  1425  2377 I chatty  : uid=1000(system) HwBinder:1425_3 expire 2 lines
05-08 18:39:06.895  1425  5114 I chatty  : uid=1000(system) Binder:1425_D expire 5 lines
05-08 18:39:06.895  3624  3624 W FingerprintManager: Invalid acquired message: 6, 0
05-08 18:39:06.902  1425  1425 I chatty  : uid=1000 system_server expire 17 lines
05-08 18:39:06.971  1425  1531 I chatty  : uid=1000(system) PowerManagerSer expire 6 lines
05-08 18:39:07.240  1425  5139 I chatty  : uid=1000(system) Binder:1425_12 expire 1 line
05-08 18:39:07.310  1425  1437 I chatty  : uid=1000(system) Binder:1425_2 expire 1 line
05-08 18:39:07.325  3624  3624 V KeyguardDisplayManager: hide
05-08 18:39:07.370  1425  1527 I chatty  : uid=1000(system) android.fg expire 3 lines
05-08 18:39:08.717  1425 19423 I chatty  : uid=1000(system) Binder:1425_1E expire 10 lines
05-08 18:39:09.697  1425 19424 I chatty  : uid=1000(system) Binder:1425_1F expire 11 lines
05-08 18:39:10.222  1425  2366 I chatty  : uid=1000(system) AlarmManager expire 20 lines
05-08 18:39:10.581  1425 11361 I chatty  : uid=1000(system) Binder:1425_19 expire 8 lines
05-08 18:39:14.238   928  1090 E storaged: getDiskStats failed with result NOT_SUPPORTED and size 0
05-08 18:39:17.316  1425  2380 I chatty  : uid=1000(system) InputReader expire 9 lines
05-08 18:39:17.436  1425  5139 I chatty  : uid=1000(system) Binder:1425_12 expire 1 line
05-08 18:39:17.462  1425  2378 I chatty  : uid=1000(system) InputDispatcher expire 1 line
05-08 18:39:17.473  1425  1425 I chatty  : uid=1000 system_server expire 26 lines
05-08 18:39:17.488  1425  1456 I chatty  : uid=1000(system) android.bg expire 2 lines
05-08 18:39:17.572  1425  2343 I chatty  : uid=1000(system) android.anim expire 1 line
05-08 18:39:17.970  1425  2389 I chatty  : uid=1000(system) OIMC expire 8 lines
05-08 18:39:18.644  1425  1531 I chatty  : uid=1000(system) PowerManagerSer expire 19 lines
05-08 18:39:18.710  1425  3551 I chatty  : uid=1000(system) ColorBalanceThr expire 7 lines
05-08 18:39:18.784  1425  1529 I chatty  : uid=1000(system) android.display expire 3 lines
05-08 18:39:18.802  1425  5112 I chatty  : uid=1000(system) Binder:1425_C expire 10 lines
05-08 18:39:18.806  1337  1371 D QMI_FW  : chen-screen on: is_screen_off = 0 
05-08 18:39:18.809  1318  1358 D QMI_FW  : chen-screen on: is_screen_off = 0 
05-08 18:39:19.077  1425  1459 I chatty  : uid=1000(system) ActivityManager expire 17 lines
05-08 18:39:19.077  1425  1527 I chatty  : uid=1000(system) android.fg expire 10 lines
05-08 18:39:19.192  1425  3770 I chatty  : uid=1000(system) Binder:1425_8 expire 3 lines
05-08 18:39:19.200  3624  3624 V KeyguardStatusView: refresh statusview showing:true
05-08 18:39:19.208  3624  3624 V KeyguardDisplayManager: show
05-08 18:39:23.800  1425  2519 I chatty  : uid=1000 system_server expire 2 lines
05-08 18:39:57.798  1425  2541 I chatty  : uid=1000 system_server expire 1 line
05-08 18:40:15.504  1425  1464 I chatty  : uid=1000(system) batterystats-wo expire 2 lines
05-08 18:40:28.664  1425  2543 I chatty  : uid=1000 system_server expire 1 line
05-08 18:40:38.851  1425 19425 I chatty  : uid=1000(system) Binder:1425_20 expire 7 lines
05-08 18:40:38.852  1425  1460 I chatty  : uid=1000(system) android.ui expire 7 lines
05-08 18:40:38.859  1337  1371 D QMI_FW  : chen-screen on: is_screen_off = 0 
05-08 18:40:38.861  1318  1358 D QMI_FW  : chen-screen on: is_screen_off = 0 
05-08 18:40:38.907  1425  1425 I chatty  : uid=1000 system_server expire 33 lines
05-08 18:40:38.927  1425  1531 I chatty  : uid=1000(system) PowerManagerSer expire 7 lines
05-08 18:40:39.064  1425  3530 I chatty  : uid=1000(system) NetworkPolicy expire 6 lines
05-08 18:40:40.405  1425  2376 I chatty  : uid=1000(system) HwBinder:1425_2 expire 2 lines
05-08 18:40:40.410  3624  3624 W FingerprintManager: Invalid acquired message: 6, 0
05-08 18:40:40.903  1425 19424 I chatty  : uid=1000(system) Binder:1425_1F expire 4 lines
05-08 18:40:40.918  3624  3624 V KeyguardDisplayManager: hide
05-08 18:40:40.961  1425  1527 I chatty  : uid=1000(system) android.fg expire 3 lines
05-08 18:40:41.525  1425  4445 I chatty  : uid=1000(system) Binder:1425_A expire 1 line
05-08 18:40:41.526  1425  3537 I chatty  : uid=1000(system) ConnectivitySer expire 36 lines
05-08 18:40:43.222   928  1090 E storaged: getDiskStats failed with result NOT_SUPPORTED and size 0
05-08 18:40:46.567  1425  5112 I chatty  : uid=1000(system) Binder:1425_C expire 5 lines
05-08 18:40:46.727  1425  1461 I chatty  : uid=1000(system) ActivityManager expire 4 lines
05-08 18:40:47.554  1425 19423 I chatty  : uid=1000(system) Binder:1425_1E expire 1 line
05-08 18:40:48.904  1425  1459 I chatty  : uid=1000(system) ActivityManager expire 2 lines
05-08 18:40:51.073  1425  9835 I chatty  : uid=1000(system) Binder:1425_14 expire 2 lines
05-08 18:41:05.756  1425  2366 I chatty  : uid=1000(system) AlarmManager expire 9 lines
05-08 18:41:08.033  1425  3530 I chatty  : uid=1000(system) NetworkPolicy expire 10 lines
05-08 18:41:08.034  1425  1459 I chatty  : uid=1000(system) ActivityManager expire 10 lines
05-08 18:41:08.327  1425  5139 I chatty  : uid=1000(system) Binder:1425_12 expire 13 lines
05-08 18:41:09.539  1425  3769 I chatty  : uid=1000(system) Binder:1425_7 expire 2 lines
05-08 18:41:12.919  1425  3770 I chatty  : uid=1000(system) Binder:1425_8 expire 14 lines
05-08 18:41:13.243  1425  5112 I chatty  : uid=1000(system) Binder:1425_C expire 3 lines
05-08 18:41:14.011  1425 19425 I chatty  : uid=1000(system) Binder:1425_20 expire 9 lines
05-08 18:41:15.929  1425  1425 I chatty  : uid=1000 system_server expire 48 lines
05-08 18:41:15.929  1425  3533 I chatty  : uid=1000(system) WifiService expire 2 lines
05-08 18:41:15.992   765   765 E android.hardware.wifi@1.0-service: Failed to open directory: Permission denied
05-08 18:41:15.992   765   765 E android.hardware.wifi@1.0-service: Error occurred while deleting old tombstone files
05-08 18:41:15.992   765   765 E android.hardware.wifi@1.0-service: Error writing files to flash
05-08 18:41:15.993   765 27433 I android.hardware.wifi@1.0-service: Legacy HAL stop complete callback received
05-08 18:41:16.194   765   765 I android.hardware.wifi@1.0-service: Wifi HAL stopped
05-08 18:41:16.198  1425  1464 I chatty  : uid=1000(system) batterystats-wo expire 10 lines
05-08 18:41:16.199   930   930 I wificond: Unregister interface event callback
05-08 18:41:16.214   765   765 E android.hardware.wifi@1.0-service: mac address is valid:94652DA4454B: Permission denied
05-08 18:41:16.214   765   765 E android.hardware.wifi@1.0-service: mac address is valid:94652DA44549: Permission denied
05-08 18:41:16.214   765   765 E android.hardware.wifi@1.0-service: sta mac is valid: Permission denied
05-08 18:41:16.214   765   765 E android.hardware.wifi@1.0-service: get_mac_from_nv: the time of re-try to read mac:0: Permission denied
05-08 18:41:16.216   765   765 E android.hardware.wifi@1.0-service: not in ftm_at or ftm_rf mode install wlan.ko: No such file or directory
05-08 18:41:16.216   765   765 I android.hardware.wifi@1.0-service: Wifi HAL started
05-08 18:41:16.513   765   765 I android.hardware.wifi@1.0-service: Adding interface handle for p2p0
05-08 18:41:16.513   765   765 I android.hardware.wifi@1.0-service: Adding interface handle for wlan0
05-08 18:41:16.513   765   765 I android.hardware.wifi@1.0-service: Configured chip in mode 0
05-08 18:41:16.522   930   930 I wificond: create scanner for interface with index: 26
05-08 18:41:16.522   930   930 I wificond: subscribe scan result for interface with index: 26
05-08 18:41:16.523   930   930 E wificond: No Offload Service available
05-08 18:41:16.523   930   930 I wificond: Offload HAL not supported 
05-08 18:41:17.042  1425  1528 I chatty  : uid=1000(system) android.io expire 1 line
05-08 18:41:17.048  1425  3537 I chatty  : uid=1000(system) ConnectivitySer expire 2 lines
05-08 18:41:17.705  1425  2380 I chatty  : uid=1000(system) InputReader expire 5 lines
05-08 18:41:17.788  1425  2378 I chatty  : uid=1000(system) InputDispatcher expire 1 line
05-08 18:41:17.836  1425  5117 I chatty  : uid=1000(system) Binder:1425_E expire 4 lines
05-08 18:41:18.341  1425  2389 I chatty  : uid=1000(system) OIMC expire 6 lines
05-08 18:41:18.554  1425  1531 I chatty  : uid=1000(system) PowerManagerSer expire 24 lines
05-08 18:41:18.616  1425  3551 I chatty  : uid=1000(system) ColorBalanceThr expire 7 lines
05-08 18:41:18.679  1425  1529 I chatty  : uid=1000(system) android.display expire 3 lines
05-08 18:41:18.688  1425  4445 I chatty  : uid=1000(system) Binder:1425_A expire 4 lines
05-08 18:41:18.699  1337  1371 D QMI_FW  : chen-screen off: is_screen_off = 1 
05-08 18:41:18.957  1425  1527 I chatty  : uid=1000(system) android.fg expire 13 lines
05-08 18:41:19.092  3624  3624 V KeyguardStatusView: refresh statusview showing:true
05-08 18:41:19.106  3624  3624 V KeyguardDisplayManager: show
05-08 18:41:20.935  1425  3606 I chatty  : uid=1000(system) HwBinder:1425_4 expire 2 lines
05-08 18:41:20.941  1425  1460 I chatty  : uid=1000(system) android.ui expire 7 lines
05-08 18:41:20.944  3624  3624 W FingerprintManager: Invalid acquired message: 6, 0
05-08 18:41:21.014  1337  1371 D QMI_FW  : chen-screen on: is_screen_off = 0 
05-08 18:41:21.017  1318  1358 D QMI_FW  : chen-screen on: is_screen_off = 0 
05-08 18:41:21.148  3624  3624 V KeyguardDisplayManager: hide
05-08 18:41:21.163  1425  1459 I chatty  : uid=1000(system) ActivityManager expire 38 lines
05-08 18:41:21.260  1425  3530 I chatty  : uid=1000(system) NetworkPolicy expire 2 lines
05-08 18:41:22.774  1425 10734 I chatty  : uid=1000(system) Binder:1425_17 expire 10 lines
05-08 18:41:24.890  1425 19424 I chatty  : uid=1000(system) Binder:1425_1F expire 25 lines
05-08 18:41:27.133  1425  1459 I chatty  : uid=1000(system) ActivityManager expire 10 lines
05-08 18:41:27.372  1425 10734 I chatty  : uid=1000(system) Binder:1425_17 expire 10 lines
05-08 18:41:30.710  1425  2380 I chatty  : uid=1000(system) InputReader expire 11 lines
05-08 18:41:31.179  1425  2378 I chatty  : uid=1000(system) InputDispatcher expire 2 lines
05-08 18:41:31.229  1425  3769 I chatty  : uid=1000(system) Binder:1425_7 expire 2 lines
05-08 18:41:31.248  1425  1456 I chatty  : uid=1000(system) android.bg expire 1 line
05-08 18:41:31.251  1425  1425 I chatty  : uid=1000 system_server expire 37 lines
05-08 18:41:31.686  1425  2389 I chatty  : uid=1000(system) OIMC expire 12 lines
05-08 18:41:32.369  1425  1531 I chatty  : uid=1000(system) PowerManagerSer expire 12 lines
05-08 18:41:32.446  1425  3551 I chatty  : uid=1000(system) ColorBalanceThr expire 7 lines
05-08 18:41:32.518  1425  1529 I chatty  : uid=1000(system) android.display expire 3 lines
05-08 18:41:32.535  1425  5117 I chatty  : uid=1000(system) Binder:1425_E expire 1 line
05-08 18:41:32.541  1337  1371 D QMI_FW  : chen-screen off: is_screen_off = 1 
05-08 18:41:32.754  1425  3770 I chatty  : uid=1000(system) Binder:1425_8 expire 3 lines
05-08 18:41:32.786  1425  1527 I chatty  : uid=1000(system) android.fg expire 10 lines
05-08 18:41:32.788  1425  2366 I chatty  : uid=1000(system) AlarmManager expire 8 lines
05-08 18:41:32.917  3624  3624 V KeyguardStatusView: refresh statusview showing:true
05-08 18:41:32.922  1425  5114 I chatty  : uid=1000(system) Binder:1425_D expire 3 lines
05-08 18:41:32.934  3624  3624 V KeyguardDisplayManager: show
05-08 18:41:34.740  1425 19423 I chatty  : uid=1000(system) Binder:1425_1E expire 2 lines
05-08 18:41:34.755  1425  5139 I chatty  : uid=1000(system) Binder:1425_12 expire 2 lines
05-08 18:41:37.565  1425  2969 I chatty  : uid=1000 system_server expire 2 lines
05-08 18:41:43.224   928  1090 E storaged: getDiskStats failed with result NOT_SUPPORTED and size 0
05-08 18:41:51.026  1425  2980 I chatty  : uid=1000 system_server expire 2 lines
05-08 18:42:06.133  1318  1358 D QMI_FW  : chen-screen off: is_screen_off = 1 
05-08 18:42:13.437  1425  3606 I chatty  : uid=1000(system) HwBinder:1425_4 expire 2 lines
05-08 18:42:13.437  1425  2341 I chatty  : uid=1000(system) Binder:1425_4 expire 5 lines
05-08 18:42:13.437  1425  1460 I chatty  : uid=1000(system) android.ui expire 7 lines
05-08 18:42:13.438  1425  1437 I chatty  : uid=1000(system) Binder:1425_2 expire 2 lines
05-08 18:42:13.438  1425  1425 I chatty  : uid=1000 system_server expire 39 lines
05-08 18:42:13.438  3624  3624 W FingerprintManager: Invalid acquired message: 6, 0
05-08 18:42:13.439  1425  1531 I chatty  : uid=1000(system) PowerManagerSer expire 12 lines
05-08 18:42:13.490  1337  1371 D QMI_FW  : chen-screen on: is_screen_off = 0 
05-08 18:42:13.493  1318  1358 D QMI_FW  : chen-screen on: is_screen_off = 0 
05-08 18:42:13.554  1425 10734 I chatty  : uid=1000(system) Binder:1425_17 expire 6 lines
05-08 18:42:13.570  1425 11361 I chatty  : uid=1000(system) Binder:1425_19 expire 2 lines
05-08 18:42:13.581  1425  5136 I chatty  : uid=1000(system) Binder:1425_11 expire 5 lines
05-08 18:42:13.590  3624  3624 V KeyguardDisplayManager: hide
05-08 18:42:13.618  1425  1459 I chatty  : uid=1000(system) ActivityManager expire 12 lines
05-08 18:42:13.683  1425  1527 I chatty  : uid=1000(system) android.fg expire 3 lines
05-08 18:42:13.729  1425  3530 I chatty  : uid=1000(system) NetworkPolicy expire 2 lines
05-08 18:42:14.386  1425  3739 I chatty  : uid=1000(system) Binder:1425_6 expire 1 line
05-08 18:42:14.386  1425  3537 I chatty  : uid=1000(system) ConnectivitySer expire 35 lines
05-08 18:42:17.451  1425  1461 I chatty  : uid=1000(system) ActivityManager expire 1 line
05-08 18:42:17.822  1425  1425 I chatty  : uid=1000 system_server expire 17 lines
05-08 18:42:18.915  1425  2366 I chatty  : uid=1000(system) AlarmManager expire 10 lines
05-08 18:42:22.311  1425  2380 I chatty  : uid=1000(system) InputReader expire 3 lines
05-08 18:42:22.312  1425  1531 I chatty  : uid=1000(system) PowerManagerSer expire 12 lines
05-08 18:42:22.376  1425  3551 I chatty  : uid=1000(system) ColorBalanceThr expire 10 lines
05-08 18:42:22.460  1425  1529 I chatty  : uid=1000(system) android.display expire 6 lines
05-08 18:42:22.469  1425  3738 I chatty  : uid=1000(system) Binder:1425_5 expire 1 line
05-08 18:42:22.483  1337  1371 D QMI_FW  : chen-screen off: is_screen_off = 1 
05-08 18:42:22.694  1425 10734 I chatty  : uid=1000(system) Binder:1425_17 expire 2 lines
05-08 18:42:22.727  1425  3739 I chatty  : uid=1000(system) Binder:1425_6 expire 3 lines
05-08 18:42:22.733  1425  1459 I chatty  : uid=1000(system) ActivityManager expire 14 lines
05-08 18:42:22.733  1425  1527 I chatty  : uid=1000(system) android.fg expire 10 lines
05-08 18:42:22.811  3624  3624 V KeyguardStatusView: refresh statusview showing:true
05-08 18:42:22.833  3624  3624 V KeyguardDisplayManager: show
05-08 18:42:23.116  1425  2341 I chatty  : uid=1000(system) Binder:1425_4 expire 7 lines
05-08 18:42:23.708  1425 19425 I chatty  : uid=1000(system) Binder:1425_20 expire 2 lines
05-08 18:42:24.042  1425  1456 I chatty  : uid=1000(system) android.bg expire 1 line
05-08 18:42:27.481  1425  3245 I chatty  : uid=1000 system_server expire 5 lines
05-08 18:42:33.186  1425  3250 I chatty  : uid=1000 system_server expire 1 line
05-08 18:42:38.314  1425  2377 I chatty  : uid=1000(system) HwBinder:1425_3 expire 4 lines
05-08 18:42:38.315  1425  5136 I chatty  : uid=1000(system) Binder:1425_11 expire 2 lines
05-08 18:42:38.316  1425  1460 I chatty  : uid=1000(system) android.ui expire 14 lines
05-08 18:42:38.318  3624  3624 W FingerprintManager: Invalid acquired message: 6, 0
05-08 18:42:38.318  1425  1531 I chatty  : uid=1000(system) PowerManagerSer expire 29 lines
05-08 18:42:38.354  1425  1425 I chatty  : uid=1000 system_server expire 42 lines
05-08 18:42:38.382  1337  1371 D QMI_FW  : chen-screen on: is_screen_off = 0 
05-08 18:42:38.385  1318  1358 D QMI_FW  : chen-screen on: is_screen_off = 0 
05-08 18:42:38.571  1425  3530 I chatty  : uid=1000(system) NetworkPolicy expire 9 lines
05-08 18:42:38.630  1425  5139 I chatty  : uid=1000(system) Binder:1425_12 expire 4 lines
05-08 18:42:38.702  1425  5112 I chatty  : uid=1000(system) Binder:1425_C expire 2 lines
05-08 18:42:38.750  1337  1371 D QMI_FW  : chen-screen off: is_screen_off = 1 
05-08 18:42:39.692  1425 11361 I chatty  : uid=1000(system) Binder:1425_19 expire 4 lines
05-08 18:42:39.695  3624  3624 W FingerprintManager: Invalid acquired message: 6, 0
05-08 18:42:39.697  1425  3551 I chatty  : uid=1000(system) ColorBalanceThr expire 4 lines
05-08 18:42:39.751  1337  1371 D QMI_FW  : chen-screen on: is_screen_off = 0 
05-08 18:42:39.755  1318  1358 D QMI_FW  : chen-screen on: is_screen_off = 0 
05-08 18:42:39.815  1425  3769 I chatty  : uid=1000(system) Binder:1425_7 expire 6 lines
05-08 18:42:39.859  1425  2389 I chatty  : uid=1000(system) OIMC expire 4 lines
05-08 18:42:39.863  3624  3624 V KeyguardDisplayManager: hide
05-08 18:42:39.959  1425  1527 I chatty  : uid=1000(system) android.fg expire 3 lines
05-08 18:42:46.056  1425  2366 I chatty  : uid=1000(system) AlarmManager expire 2 lines
05-08 18:42:48.657  1425  9835 I chatty  : uid=1000(system) Binder:1425_14 expire 2 lines
05-08 18:42:48.692   930   930 I wificond: Unsubscribe scan result for interface with index: 26
05-08 18:42:48.820   765   765 I android.hardware.wifi@1.0-service: Reconfiguring chip from mode 0 to mode 1
05-08 18:42:48.820   765  2790 I android.hardware.wifi@1.0-service: Legacy HAL stop complete callback received
05-08 18:42:48.845   765   765 I android.hardware.wifi@1.0-service: Adding interface handle for p2p0
05-08 18:42:48.845   765   765 I android.hardware.wifi@1.0-service: Adding interface handle for wlan0
05-08 18:42:48.845   765   765 I android.hardware.wifi@1.0-service: Configured chip in mode 1
05-08 18:42:48.855  1425  1425 I chatty  : uid=1000 system_server expire 5 lines
05-08 18:42:48.855  1425  1459 I chatty  : uid=1000(system) ActivityManager expire 4 lines
05-08 18:42:49.096   930   930 I wificond: New interface event callback registered
05-08 18:42:49.123  1425  3533 I chatty  : uid=1000(system) WifiService expire 1 line
05-08 18:42:49.128  1425  1528 I chatty  : uid=1000(system) android.io expire 2 lines
05-08 18:42:49.130  1425  3537 I chatty  : uid=1000(system) ConnectivitySer expire 54 lines
05-08 18:42:49.237 20836 20836 W ContextImpl: Calling a method in the system process without a qualified user: android.app.ContextImpl.startService:1549 android.content.ContextWrapper.startService:664 com.oneplus.opbackup.service.BackupService.a:44 com.oneplus.opbackup.receiver.CheckUpdateReceiver.a:197 com.oneplus.opbackup.receiver.NetworkListenerService$a.onReceive:46 
05-08 18:42:49.249 20836 20836 I chatty  : uid=1000(system) com.oneplus.opbackup identical 1 line
05-08 18:42:49.258 20836 20836 W ContextImpl: Calling a method in the system process without a qualified user: android.app.ContextImpl.startService:1549 android.content.ContextWrapper.startService:664 com.oneplus.opbackup.service.BackupService.a:44 com.oneplus.opbackup.receiver.CheckUpdateReceiver.a:197 com.oneplus.opbackup.receiver.NetworkListenerService$a.onReceive:46 
05-08 18:42:49.299  1425  3530 I chatty  : uid=1000(system) NetworkPolicy expire 11 lines
05-08 18:42:49.308  1425  1459 I chatty  : uid=1000(system) ActivityManager expire 10 lines
05-08 18:42:49.330  1425  5526 I chatty  : uid=1000(system) Binder:1425_13 expire 8 lines
05-08 18:42:49.363  1425  1425 I chatty  : uid=1000 system_server expire 25 lines
05-08 18:42:49.405  1425  1456 I chatty  : uid=1000(system) android.bg expire 1 line
05-08 18:42:50.250  7196  7256 W ContextImpl: Calling a method in the system process without a qualified user: android.app.ContextImpl.startService:1549 android.content.ContextWrapper.startService:664 com.oneplus.security.firewall.NetworkRestrictService.a:154 com.oneplus.security.receiver.a.e:127 com.oneplus.security.SecureService$a.handleMessage:82 
05-08 18:42:50.262  1425  3738 I chatty  : uid=1000(system) Binder:1425_5 expire 1 line
05-08 18:42:52.239  1425 19423 I chatty  : uid=1000(system) Binder:1425_1E expire 6 lines
05-08 18:42:54.162  1425  2366 I chatty  : uid=1000(system) AlarmManager expire 11 lines
05-08 18:42:54.447   928  1090 E storaged: getDiskStats failed with result NOT_SUPPORTED and size 0
05-08 18:42:55.946   930   930 I wificond: New station 00:15:00:e8:9a:a4 associated with hotspot
05-08 18:43:29.535   930   930 I wificond: Station 00:15:00:e8:9a:a4 disassociated from hotspot
05-08 18:43:37.343  1425  5114 I chatty  : uid=1000(system) Binder:1425_D expire 12 lines
05-08 18:43:38.291  1425  9835 I chatty  : uid=1000(system) Binder:1425_14 expire 3 lines
05-08 18:43:38.823  1425  2389 I chatty  : uid=1000(system) OIMC expire 10 lines
05-08 18:43:41.182  1425  1437 I chatty  : uid=1000(system) Binder:1425_2 expire 6 lines
05-08 18:43:43.854  1425  2380 I chatty  : uid=1000(system) InputReader expire 5 lines
05-08 18:43:43.950  1425  2378 I chatty  : uid=1000(system) InputDispatcher expire 1 line
05-08 18:43:44.033  1425  2343 I chatty  : uid=1000(system) android.anim expire 1 line
05-08 18:43:44.237  1425 19424 I chatty  : uid=1000(system) Binder:1425_1F expire 1 line
05-08 18:43:44.492  1425  1531 I chatty  : uid=1000(system) PowerManagerSer expire 19 lines
05-08 18:43:44.548  1425  3551 I chatty  : uid=1000(system) ColorBalanceThr expire 7 lines
05-08 18:43:44.596  1425  1529 I chatty  : uid=1000(system) android.display expire 3 lines
05-08 18:43:44.603  1425  3770 I chatty  : uid=1000(system) Binder:1425_8 expire 2 lines
05-08 18:43:44.620  1318  1358 D QMI_FW  : chen-screen on: is_screen_off = 0 
05-08 18:43:44.626  1337  1371 D QMI_FW  : chen-screen on: is_screen_off = 0 
05-08 18:43:44.645  1425  1425 I chatty  : uid=1000 system_server expire 10 lines
05-08 18:43:44.858  1425  4032 I chatty  : uid=1000(system) Binder:1425_9 expire 11 lines
05-08 18:43:44.919  1425  1527 I chatty  : uid=1000(system) android.fg expire 13 lines
05-08 18:43:45.020  3624  3624 V KeyguardStatusView: refresh statusview showing:true
05-08 18:43:45.026  1425  5139 I chatty  : uid=1000(system) Binder:1425_12 expire 3 lines
05-08 18:43:45.040  3624  3624 V KeyguardDisplayManager: show
05-08 18:43:45.320  1425  1459 I chatty  : uid=1000(system) ActivityManager expire 13 lines
05-08 18:43:49.644  1425  3582 I chatty  : uid=1000 system_server expire 2 lines
05-08 18:43:54.449   928  1090 E storaged: getDiskStats failed with result NOT_SUPPORTED and size 0
05-08 18:43:55.345  1425  3588 I chatty  : uid=1000 system_server expire 1 line
05-08 18:43:58.959  1425  2366 I chatty  : uid=1000(system) AlarmManager expire 2 lines
05-08 18:44:00.946  1425  3595 I chatty  : uid=1000 system_server expire 3 lines
05-08 18:44:01.603  1425  1460 I chatty  : uid=1000(system) android.ui expire 11 lines
05-08 18:44:01.628  1425  5117 I chatty  : uid=1000(system) Binder:1425_E expire 1 line
05-08 18:44:01.666  1318  1358 D QMI_FW  : chen-screen on: is_screen_off = 0 
05-08 18:44:01.673  1337  1371 D QMI_FW  : chen-screen on: is_screen_off = 0 
05-08 18:44:01.695  1425  1425 I chatty  : uid=1000 system_server expire 22 lines
05-08 18:44:01.723  1425  1531 I chatty  : uid=1000(system) PowerManagerSer expire 5 lines
05-08 18:44:01.742  1425  5112 I chatty  : uid=1000(system) Binder:1425_C expire 7 lines
05-08 18:44:01.921  1425 19425 I chatty  : uid=1000(system) Binder:1425_20 expire 1 line
05-08 18:44:03.713  1425 17708 I chatty  : uid=1000(system) HwBinder:1425_5 expire 3 lines
05-08 18:44:03.843  3624  3624 W FingerprintManager: Invalid acquired message: 6, 0
05-08 18:44:04.329  3624  3624 V KeyguardDisplayManager: hide
05-08 18:44:04.436  1425 10734 I chatty  : uid=1000(system) Binder:1425_17 expire 1 line
05-08 18:44:08.667  1425  4445 I chatty  : uid=1000(system) Binder:1425_A expire 17 lines
05-08 18:44:09.519  1425  4032 I chatty  : uid=1000(system) Binder:1425_9 expire 9 lines
05-08 18:44:10.075  1425  5139 I chatty  : uid=1000(system) Binder:1425_12 expire 38 lines
05-08 18:44:14.648  1425  1425 I chatty  : uid=1000 system_server expire 24 lines
05-08 18:44:14.732  1425 10734 I chatty  : uid=1000(system) Binder:1425_17 expire 22 lines
05-08 18:44:14.770  1425  1456 I chatty  : uid=1000(system) android.bg expire 1 line
05-08 18:44:15.293  1425 19425 I chatty  : uid=1000(system) Binder:1425_20 expire 7 lines
05-08 18:44:21.540  1425  2380 I chatty  : uid=1000(system) InputReader expire 15 lines
05-08 18:44:21.804  1425  1459 I chatty  : uid=1000(system) ActivityManager expire 9 lines
05-08 18:44:22.332  1425  2389 I chatty  : uid=1000(system) OIMC expire 6 lines
05-08 18:44:23.750  1425  2366 I chatty  : uid=1000(system) AlarmManager expire 8 lines
05-08 18:44:24.671  1425  3770 I chatty  : uid=1000(system) Binder:1425_8 expire 2 lines
05-08 18:44:29.091  1425  2378 I chatty  : uid=1000(system) InputDispatcher expire 1 line
05-08 18:44:29.814  1425  1531 I chatty  : uid=1000(system) PowerManagerSer expire 12 lines
05-08 18:44:29.883  1425  3551 I chatty  : uid=1000(system) ColorBalanceThr expire 7 lines
05-08 18:44:29.979  1425  1529 I chatty  : uid=1000(system) android.display expire 3 lines
05-08 18:44:29.996  1425  5112 I chatty  : uid=1000(system) Binder:1425_C expire 3 lines
05-08 18:44:30.008  1337  1371 D QMI_FW  : chen-screen on: is_screen_off = 0 
05-08 18:44:30.021  1318  1358 D QMI_FW  : chen-screen on: is_screen_off = 0 
05-08 18:44:30.220  1425  1425 I chatty  : uid=1000 system_server expire 11 lines
05-08 18:44:30.269  1425 10734 I chatty  : uid=1000(system) Binder:1425_17 expire 2 lines
05-08 18:44:30.272  1425  1527 I chatty  : uid=1000(system) android.fg expire 10 lines
05-08 18:44:30.394  3624  3624 V KeyguardStatusView: refresh statusview showing:true
05-08 18:44:30.402  3624  3624 V KeyguardDisplayManager: show
05-08 18:44:35.005  1425  3970 I chatty  : uid=1000(system) SharedPreferenc expire 4 lines
05-08 18:44:42.685  1425  3972 I chatty  : uid=1000 system_server expire 1 line
05-08 18:44:49.744  1425  3982 I chatty  : uid=1000 system_server expire 4 lines
05-08 18:44:57.286   928  1090 E storaged: getDiskStats failed with result NOT_SUPPORTED and size 0
05-08 18:45:01.578  1425  1460 I chatty  : uid=1000(system) android.ui expire 11 lines
05-08 18:45:01.584  1425  1531 I chatty  : uid=1000(system) PowerManagerSer expire 12 lines
05-08 18:45:01.644  1425  4445 I chatty  : uid=1000(system) Binder:1425_A expire 7 lines
05-08 18:45:01.659  1337  1371 D QMI_FW  : chen-screen on: is_screen_off = 0 
05-08 18:45:01.663  1318  1358 D QMI_FW  : chen-screen on: is_screen_off = 0 
05-08 18:45:01.759  1425  3530 I chatty  : uid=1000(system) NetworkPolicy expire 2 lines
05-08 18:45:02.812  1425  1437 I chatty  : uid=1000(system) Binder:1425_2 expire 2 lines
05-08 18:45:07.577  1425 17708 I chatty  : uid=1000(system) HwBinder:1425_5 expire 2 lines
05-08 18:45:07.579  3624  3624 W FingerprintManager: Invalid acquired message: 6, 0
05-08 18:45:07.714  1425  1425 I chatty  : uid=1000 system_server expire 47 lines
05-08 18:45:08.091  3624  3624 V KeyguardDisplayManager: hide
05-08 18:45:08.122  1425  1459 I chatty  : uid=1000(system) ActivityManager expire 14 lines
05-08 18:45:08.140  1425 19425 I chatty  : uid=1000(system) Binder:1425_20 expire 30 lines
05-08 18:45:08.167  1425 10734 I chatty  : uid=1000(system) Binder:1425_17 expire 7 lines
05-08 18:45:08.195  1425  1527 I chatty  : uid=1000(system) android.fg expire 3 lines
05-08 18:45:08.552  1425  2389 I chatty  : uid=1000(system) OIMC expire 12 lines
05-08 18:45:08.855  1425 19423 I chatty  : uid=1000(system) Binder:1425_1E expire 10 lines
05-08 18:45:08.896  1425  3537 I chatty  : uid=1000(system) ConnectivitySer expire 73 lines
05-08 18:45:09.749  1425  2380 I chatty  : uid=1000(system) InputReader expire 8 lines
05-08 18:45:09.777  1425  3530 I chatty  : uid=1000(system) NetworkPolicy expire 8 lines
05-08 18:45:09.873  1425  2378 I chatty  : uid=1000(system) InputDispatcher expire 2 lines
05-08 18:45:09.908  1425  4445 I chatty  : uid=1000(system) Binder:1425_A expire 2 lines
05-08 18:45:12.300  1425  2366 I chatty  : uid=1000(system) AlarmManager expire 18 lines
05-08 18:45:15.580  1425  5117 I chatty  : uid=1000(system) Binder:1425_E expire 2 lines
05-08 18:45:18.231  1425  1437 I chatty  : uid=1000(system) Binder:1425_2 expire 29 lines
05-08 18:45:18.339  1425  4032 I chatty  : uid=1000(system) Binder:1425_9 expire 2 lines
05-08 18:45:18.566  1425  5112 I chatty  : uid=1000(system) Binder:1425_C expire 12 lines
05-08 18:45:18.566  1425  1456 I chatty  : uid=1000(system) android.bg expire 1 line
05-08 18:45:34.006  1425  1461 I chatty  : uid=1000(system) ActivityManager expire 4 lines
05-08 18:45:57.288   928  1090 E storaged: getDiskStats failed with result NOT_SUPPORTED and size 0
05-08 18:45:59.283  1425  2366 I chatty  : uid=1000(system) AlarmManager expire 6 lines
05-08 18:46:00.173  1425  1425 I chatty  : uid=1000 system_server expire 9 lines
05-08 18:46:09.831  1425  1459 I chatty  : uid=1000(system) ActivityManager expire 10 lines
05-08 18:46:16.456  1425  1464 I chatty  : uid=1000(system) batterystats-wo expire 7 lines
05-08 18:46:32.713  1425  1531 I chatty  : uid=1000(system) PowerManagerSer expire 11 lines
05-08 18:46:39.800  1425  3551 I chatty  : uid=1000(system) ColorBalanceThr expire 7 lines
05-08 18:46:39.834  1425  1464 I chatty  : uid=1000(system) batterystats-wo expire 10 lines
05-08 18:46:39.879  1425  1531 I chatty  : uid=1000(system) PowerManagerSer expire 13 lines
05-08 18:46:39.881  1425  1529 I chatty  : uid=1000(system) android.display expire 3 lines
05-08 18:46:39.896  1425  4032 I chatty  : uid=1000(system) Binder:1425_9 expire 6 lines
05-08 18:46:39.907  1425  3537 I chatty  : uid=1000(system) ConnectivitySer expire 17 lines
05-08 18:46:39.912  1337  1371 D QMI_FW  : chen-screen on: is_screen_off = 0 
05-08 18:46:39.913  1318  1358 D QMI_FW  : chen-screen on: is_screen_off = 0 
05-08 18:46:39.948  1425  1425 I chatty  : uid=1000 system_server expire 17 lines
05-08 18:46:40.175  1425 19425 I chatty  : uid=1000(system) Binder:1425_20 expire 1 line
05-08 18:46:40.194  1425  1459 I chatty  : uid=1000(system) ActivityManager expire 12 lines
05-08 18:46:43.968  1425  2366 I chatty  : uid=1000(system) AlarmManager expire 10 lines
05-08 18:46:44.762  1425 10734 I chatty  : uid=1000(system) Binder:1425_17 expire 8 lines
05-08 18:46:44.774  1425  1527 I chatty  : uid=1000(system) android.fg expire 10 lines
05-08 18:46:44.907  3624  3624 V KeyguardStatusView: refresh statusview showing:true
05-08 18:46:44.915  3624  3624 V KeyguardDisplayManager: show
05-08 18:46:44.921  1425  4526 I chatty  : uid=1000 system_server expire 2 lines
05-08 18:46:57.299  1425  4535 I chatty  : uid=1000 system_server expire 1 line
05-08 18:46:58.441  1425  1461 I chatty  : uid=1000(system) ActivityManager expire 1 line
05-08 18:46:58.481  1425  3530 I chatty  : uid=1000(system) NetworkPolicy expire 10 lines
05-08 18:46:58.591  4540  4540 D ActivityThread: Loading provider com.google.android.gmail.provider;com.android.mail.notifier;com.google.android.gm.email.provider;com.google.android.gm.tasks.provider;com.google.android.gm.email.notifier: com.android.email.provider.EmailProvider
05-08 18:46:58.844  4540  4540 D ActivityThread: Loading provider com.google.android.gm.sapi: com.google.android.gm.sapi.SapiUiProvider
05-08 18:46:59.191  1425  2341 I chatty  : uid=1000(system) Binder:1425_4 expire 5 lines
05-08 18:47:00.848  1425  1459 I chatty  : uid=1000(system) ActivityManager expire 15 lines
05-08 18:47:03.445  1425  4690 I chatty  : uid=1000 system_server expire 2 lines
05-08 18:47:04.558   928  1090 E storaged: getDiskStats failed with result NOT_SUPPORTED and size 0
05-08 18:47:12.682  1425  4699 I chatty  : uid=1000 system_server expire 1 line
05-08 18:47:19.733  1425  4702 I chatty  : uid=1000 system_server expire 1 line
05-08 18:47:27.024  1425  5526 I chatty  : uid=1000(system) Binder:1425_13 expire 4 lines
05-08 18:47:50.263  1425  2366 I chatty  : uid=1000(system) AlarmManager expire 11 lines
05-08 18:48:07.116  1425  4709 I chatty  : uid=1000 system_server expire 1 line
05-08 18:48:29.408   928  1090 E storaged: getDiskStats failed with result NOT_SUPPORTED and size 0
05-08 18:48:29.585  1425  3533 I chatty  : uid=1000(system) WifiService expire 2 lines
05-08 18:48:29.650   765   765 E android.hardware.wifi@1.0-service: Failed to open directory: Permission denied
05-08 18:48:29.650   765   765 E android.hardware.wifi@1.0-service: Error occurred while deleting old tombstone files
05-08 18:48:29.650   765   765 E android.hardware.wifi@1.0-service: Error writing files to flash
05-08 18:48:29.651   765  3351 I android.hardware.wifi@1.0-service: Legacy HAL stop complete callback received
05-08 18:48:29.714  1337  1371 D QMI_FW  : chen-screen off: is_screen_off = 1 
05-08 18:48:29.854   765   765 I android.hardware.wifi@1.0-service: Wifi HAL stopped
05-08 18:48:29.860   930   930 I wificond: Unregister interface event callback
05-08 18:48:29.868   765   765 E android.hardware.wifi@1.0-service: mac address is valid:94652DA4454B: Permission denied
05-08 18:48:29.868   765   765 E android.hardware.wifi@1.0-service: mac address is valid:94652DA44549: Permission denied
05-08 18:48:29.868   765   765 E android.hardware.wifi@1.0-service: sta mac is valid: Permission denied
05-08 18:48:29.868   765   765 E android.hardware.wifi@1.0-service: get_mac_from_nv: the time of re-try to read mac:0: Permission denied
05-08 18:48:29.869   765   765 E android.hardware.wifi@1.0-service: not in ftm_at or ftm_rf mode install wlan.ko: No such file or directory
05-08 18:48:29.869   765   765 I android.hardware.wifi@1.0-service: Wifi HAL started
05-08 18:48:30.197   765   765 I android.hardware.wifi@1.0-service: Adding interface handle for p2p0
05-08 18:48:30.197   765   765 I android.hardware.wifi@1.0-service: Adding interface handle for wlan0
05-08 18:48:30.197   765   765 I android.hardware.wifi@1.0-service: Configured chip in mode 0
05-08 18:48:30.206   930   930 I wificond: create scanner for interface with index: 26
05-08 18:48:30.206   930   930 I wificond: subscribe scan result for interface with index: 26
05-08 18:48:30.208   930   930 E wificond: No Offload Service available
05-08 18:48:30.208   930   930 I wificond: Offload HAL not supported 
05-08 18:48:30.707  1425  1528 I chatty  : uid=1000(system) android.io expire 1 line
05-08 18:48:39.562  1318  1358 D QMI_FW  : chen-screen off: is_screen_off = 1 
05-08 18:48:42.983  1425  4776 I chatty  : uid=1000 system_server expire 1 line
05-08 18:48:51.215  1425  4799 I chatty  : uid=1000 system_server expire 2 lines
05-08 18:49:05.143  1425  4801 I chatty  : uid=1000 system_server expire 1 line
05-08 18:49:06.289  1425 19423 I chatty  : uid=1000(system) Binder:1425_1E expire 3 lines
05-08 18:49:11.231  1425  4848 I chatty  : uid=1000 system_server expire 1 line
05-08 18:49:16.429  1425  4880 I chatty  : uid=1000 system_server expire 1 line
05-08 18:49:36.477  1425  1460 I chatty  : uid=1000(system) android.ui expire 11 lines
05-08 18:49:36.553  1337  1371 D QMI_FW  : chen-screen on: is_screen_off = 0 
05-08 18:49:36.563  1318  1358 D QMI_FW  : chen-screen on: is_screen_off = 0 
05-08 18:49:36.586  1425  1425 I chatty  : uid=1000 system_server expire 24 lines
05-08 18:49:36.590  1425  1531 I chatty  : uid=1000(system) PowerManagerSer expire 5 lines
05-08 18:49:36.652  1425  1459 I chatty  : uid=1000(system) ActivityManager expire 12 lines
05-08 18:49:36.734  1425  3530 I chatty  : uid=1000(system) NetworkPolicy expire 2 lines
05-08 18:49:37.663  1425 18165 I chatty  : uid=1000(system) Binder:1425_1C expire 7 lines
05-08 18:49:38.286  1425 17708 I chatty  : uid=1000(system) HwBinder:1425_5 expire 2 lines
05-08 18:49:38.288  3624  3624 W FingerprintManager: Invalid acquired message: 6, 0
05-08 18:49:38.823  1425  2389 I chatty  : uid=1000(system) OIMC expire 6 lines
05-08 18:49:38.843  3624  3624 V KeyguardDisplayManager: hide
05-08 18:49:38.843  1425  3537 I chatty  : uid=1000(system) ConnectivitySer expire 20 lines
05-08 18:49:38.880  1425  1527 I chatty  : uid=1000(system) android.fg expire 3 lines
05-08 18:49:41.271  1425  5114 I chatty  : uid=1000(system) Binder:1425_D expire 2 lines
05-08 18:49:43.457  1425  2380 I chatty  : uid=1000(system) InputReader expire 9 lines
05-08 18:49:44.100  1425  1425 I chatty  : uid=1000 system_server expire 41 lines
05-08 18:49:44.104  1425  2389 I chatty  : uid=1000(system) OIMC expire 8 lines
05-08 18:49:44.160  1425  2366 I chatty  : uid=1000(system) AlarmManager expire 10 lines
05-08 18:49:45.287  1425  4445 I chatty  : uid=1000(system) Binder:1425_A expire 9 lines
05-08 18:49:45.310  1425  1459 I chatty  : uid=1000(system) ActivityManager expire 18 lines
05-08 18:49:48.042  1425  5526 I chatty  : uid=1000(system) Binder:1425_13 expire 1 line
05-08 18:49:48.967  1425 10734 I chatty  : uid=1000(system) Binder:1425_17 expire 1 line
05-08 18:49:49.308  1425  1456 I chatty  : uid=1000(system) android.bg expire 2 lines
05-08 18:49:52.020  1425  1531 I chatty  : uid=1000(system) PowerManagerSer expire 24 lines
05-08 18:49:52.085  1425  3551 I chatty  : uid=1000(system) ColorBalanceThr expire 7 lines
05-08 18:49:52.178  1425  1529 I chatty  : uid=1000(system) android.display expire 3 lines
05-08 18:49:52.204  1425  5114 I chatty  : uid=1000(system) Binder:1425_D expire 6 lines
05-08 18:49:52.210  1337  1371 D QMI_FW  : chen-screen off: is_screen_off = 1 
05-08 18:49:52.234  1425  3530 I chatty  : uid=1000(system) NetworkPolicy expire 6 lines
05-08 18:49:52.457  1425 19423 I chatty  : uid=1000(system) Binder:1425_1E expire 7 lines
05-08 18:49:52.466  1425  1527 I chatty  : uid=1000(system) android.fg expire 13 lines
05-08 18:49:52.548  3624  3624 V KeyguardStatusView: refresh statusview showing:true
05-08 18:49:52.556  3624  3624 V KeyguardDisplayManager: show
05-08 18:49:54.541  1425 17708 I chatty  : uid=1000(system) HwBinder:1425_5 expire 2 lines
05-08 18:49:54.543  1425  1460 I chatty  : uid=1000(system) android.ui expire 7 lines
05-08 18:49:54.545  3624  3624 W FingerprintManager: Invalid acquired message: 6, 0
05-08 18:49:54.576  1425  1425 I chatty  : uid=1000 system_server expire 32 lines
05-08 18:49:54.591  1425  9835 I chatty  : uid=1000(system) Binder:1425_14 expire 3 lines
05-08 18:49:54.603  1337  1371 D QMI_FW  : chen-screen on: is_screen_off = 0 
05-08 18:49:54.607  1318  1358 D QMI_FW  : chen-screen on: is_screen_off = 0 
05-08 18:49:54.694  1425  5117 I chatty  : uid=1000(system) Binder:1425_E expire 3 lines
05-08 18:49:54.710  3624  3624 V KeyguardDisplayManager: hide
05-08 18:49:54.762  1425 18165 I chatty  : uid=1000(system) Binder:1425_1C expire 2 lines
05-08 18:49:55.513  1425  2378 I chatty  : uid=1000(system) InputDispatcher expire 1 line
05-08 18:49:56.020  1425  3537 I chatty  : uid=1000(system) ConnectivitySer expire 35 lines
05-08 18:49:59.256   928  1090 E storaged: getDiskStats failed with result NOT_SUPPORTED and size 0
05-08 18:50:00.000  1425  2366 I chatty  : uid=1000(system) AlarmManager expire 13 lines
05-08 18:50:07.355  1425  1459 I chatty  : uid=1000(system) ActivityManager expire 3 lines
05-08 18:50:23.927  1425  5112 I chatty  : uid=1000(system) Binder:1425_C expire 2 lines
05-08 18:50:25.089  1425  3738 I chatty  : uid=1000(system) Binder:1425_5 expire 5 lines
05-08 18:50:29.850  1425 19425 I chatty  : uid=1000(system) Binder:1425_20 expire 6 lines
05-08 18:50:29.894  1425  3739 I chatty  : uid=1000(system) Binder:1425_6 expire 10 lines
05-08 18:50:32.620  1425  2366 I chatty  : uid=1000(system) AlarmManager expire 15 lines
05-08 18:50:34.169  1425  2380 I chatty  : uid=1000(system) InputReader expire 15 lines
05-08 18:50:35.260  1425  4032 I chatty  : uid=1000(system) Binder:1425_9 expire 45 lines
05-08 18:50:35.609  1425  1459 I chatty  : uid=1000(system) ActivityManager expire 4 lines
05-08 18:50:35.631  1425  9835 I chatty  : uid=1000(system) Binder:1425_14 expire 46 lines
