05-08 20:10:38.430  1425  3770 I chatty  : uid=1000(system) Binder:1425_8 expire 1 line
05-08 20:10:50.201  1425 19137 I chatty  : uid=1000 system_server expire 1 line
05-08 20:11:02.947  1425 19139 I chatty  : uid=1000 system_server expire 1 line
05-08 20:11:05.893  1318  1358 D QMI_FW  : chen-screen off: is_screen_off = 1 
05-08 20:11:13.658  1425  1459 I chatty  : uid=1000(system) ActivityManager expire 7 lines
05-08 20:11:14.490   928  1090 E storaged: getDiskStats failed with result NOT_SUPPORTED and size 0
05-08 20:11:16.600  1425 19146 I chatty  : uid=1000 system_server expire 1 line
05-08 20:11:44.346  1425  3559 I chatty  : uid=1000(system) OPBackgroundThr expire 12 lines
05-08 20:12:09.946  1425  5114 I chatty  : uid=1000(system) Binder:1425_D expire 1 line
05-08 20:12:24.384  1425 19204 I chatty  : uid=1000(system) net.oneplus.launcher expire 3 lines
05-08 20:12:27.493   928  1090 E storaged: getDiskStats failed with result NOT_SUPPORTED and size 0
05-08 20:12:29.091  1425  1464 I chatty  : uid=1000(system) batterystats-wo expire 1 line
05-08 20:12:33.186  1425  2366 I chatty  : uid=1000(system) AlarmManager expire 2 lines
05-08 20:12:33.360  1425  1425 I chatty  : uid=1000 system_server expire 5 lines
05-08 20:12:33.667  1425 19424 I chatty  : uid=1000(system) Binder:1425_1F expire 2 lines
05-08 20:12:34.157  1425 19210 I chatty  : uid=1000(system) Signal Catcher expire 2 lines
05-08 20:12:53.760  1425  1425 I chatty  : uid=1000 system_server expire 14 lines
05-08 20:12:53.781  1425  4842 I chatty  : uid=1000(system) Binder:1425_B expire 4 lines
05-08 20:12:54.121  1425  1459 I chatty  : uid=1000(system) ActivityManager expire 17 lines
05-08 20:12:54.140  1425  1464 I chatty  : uid=1000(system) batterystats-wo expire 3 lines
05-08 20:12:57.250  1425 19424 I chatty  : uid=1000(system) Binder:1425_1F expire 3 lines
05-08 20:13:00.001  1425  2366 I chatty  : uid=1000(system) AlarmManager expire 13 lines
05-08 20:13:00.503  1425  3919 I chatty  : uid=1000(system) uteStateMachine expire 12 lines
05-08 20:13:00.504  1425  3918 I chatty  : uid=1000(system) BluetoothRouteM expire 1 line
05-08 20:13:00.561  1425 19232 I chatty  : uid=1000(system) launcher-catego expire 2 lines
05-08 20:13:09.521  1425 10666 I chatty  : uid=1000(system) Binder:1425_16 expire 6 lines
05-08 20:13:10.101 31655 19296 E ActivityThread: Failed to find provider info for com.facebook.katana.provider.AttributionIdProvider
05-08 20:13:11.732  1425 19380 I chatty  : uid=1000 system_server expire 1 line
05-08 20:13:14.922  1425  3606 I chatty  : uid=1000(system) HwBinder:1425_4 expire 2 lines
05-08 20:13:14.928  1425  3738 I chatty  : uid=1000(system) Binder:1425_5 expire 4 lines
05-08 20:13:14.928  1425  1460 I chatty  : uid=1000(system) android.ui expire 7 lines
05-08 20:13:14.932  1425  1425 I chatty  : uid=1000 system_server expire 32 lines
05-08 20:13:14.945  1425  1531 I chatty  : uid=1000(system) PowerManagerSer expire 12 lines
05-08 20:13:14.946  1425  3551 I chatty  : uid=1000(system) ColorBalanceThr expire 4 lines
05-08 20:13:14.946  3624  3624 W FingerprintManager: Invalid acquired message: 6, 0
05-08 20:13:14.978  1425  1529 I chatty  : uid=1000(system) android.display expire 2 lines
05-08 20:13:14.986  1425  2340 I chatty  : uid=1000(system) Binder:1425_3 expire 1 line
05-08 20:13:15.008  1337  1371 D QMI_FW  : chen-screen on: is_screen_off = 0 
05-08 20:13:15.009  1318  1358 D QMI_FW  : chen-screen on: is_screen_off = 0 
05-08 20:13:15.096  1425  5526 I chatty  : uid=1000(system) Binder:1425_13 expire 7 lines
05-08 20:13:15.135  1425 11361 I chatty  : uid=1000(system) Binder:1425_19 expire 11 lines
05-08 20:13:15.153  1425  2389 I chatty  : uid=1000(system) OIMC expire 11 lines
05-08 20:13:15.154  1425  1527 I chatty  : uid=1000(system) android.fg expire 9 lines
05-08 20:13:15.161  3624  3624 V KeyguardDisplayManager: hide
05-08 20:13:15.165  1425  3530 I chatty  : uid=1000(system) NetworkPolicy expire 6 lines
05-08 20:13:15.257  1425  1461 I chatty  : uid=1000(system) ActivityManager expire 3 lines
05-08 20:13:15.547  1425  4032 I chatty  : uid=1000(system) Binder:1425_9 expire 2 lines
05-08 20:13:25.660  1425  1456 I chatty  : uid=1000(system) android.bg expire 1 line
05-08 20:13:27.002  1425  3583 I chatty  : uid=1000(system) SyncManager expire 1 line
05-08 20:13:33.660   928  1090 E storaged: getDiskStats failed with result NOT_SUPPORTED and size 0
05-08 20:13:42.415  1425  1425 I chatty  : uid=1000 system_server expire 26 lines
05-08 20:13:47.392  1425  1459 I chatty  : uid=1000(system) ActivityManager expire 12 lines
05-08 20:14:08.096  1425  1531 I chatty  : uid=1000(system) PowerManagerSer expire 8 lines
05-08 20:14:17.837  1425 11050 I chatty  : uid=1000(system) Binder:1425_18 expire 1 line
05-08 20:14:32.351  1425  2380 I chatty  : uid=1000(system) InputReader expire 8 lines
05-08 20:14:33.662   928  1090 E storaged: getDiskStats failed with result NOT_SUPPORTED and size 0
05-08 20:14:37.072  1425  2378 I chatty  : uid=1000(system) InputDispatcher expire 1 line
05-08 20:14:52.082  1425  2366 I chatty  : uid=1000(system) AlarmManager expire 3 lines
05-08 20:14:58.669  1425  5139 I chatty  : uid=1000(system) Binder:1425_12 expire 2 lines
05-08 20:14:59.153  1425 11361 I chatty  : uid=1000(system) Binder:1425_19 expire 3 lines
05-08 20:15:01.637  1425  2389 I chatty  : uid=1000(system) OIMC expire 7 lines
05-08 20:15:01.639  1425  1425 I chatty  : uid=1000 system_server expire 16 lines
05-08 20:15:01.711  1425  2378 I chatty  : uid=1000(system) InputDispatcher expire 1 line
05-08 20:15:01.715  1425  1459 I chatty  : uid=1000(system) ActivityManager expire 15 lines
05-08 20:15:11.162  1425  2366 I chatty  : uid=1000(system) AlarmManager expire 14 lines
05-08 20:15:33.175  1425  1464 I chatty  : uid=1000(system) batterystats-wo expire 10 lines
05-08 20:15:33.668   928  1090 E storaged: getDiskStats failed with result NOT_SUPPORTED and size 0
05-08 20:15:47.416  1425  3530 I chatty  : uid=1000(system) NetworkPolicy expire 8 lines
05-08 20:15:54.714  1425  1531 I chatty  : uid=1000(system) PowerManagerSer expire 17 lines
05-08 20:16:01.786  1425  3551 I chatty  : uid=1000(system) ColorBalanceThr expire 7 lines
05-08 20:16:01.862  1425  1529 I chatty  : uid=1000(system) android.display expire 3 lines
05-08 20:16:01.884  1425  4842 I chatty  : uid=1000(system) Binder:1425_B expire 1 line
05-08 20:16:01.891  1337  1371 D QMI_FW  : chen-screen off: is_screen_off = 1 
05-08 20:16:02.112  1425  1425 I chatty  : uid=1000 system_server expire 10 lines
05-08 20:16:02.252  1425 10734 I chatty  : uid=1000(system) Binder:1425_17 expire 4 lines
05-08 20:16:04.292  1318  1358 D QMI_FW  : chen-screen off: is_screen_off = 1 
05-08 20:16:06.748  1425  9835 I chatty  : uid=1000(system) Binder:1425_14 expire 2 lines
05-08 20:16:06.758  1425  1527 I chatty  : uid=1000(system) android.fg expire 10 lines
05-08 20:16:06.896  3624  3624 V KeyguardStatusView: refresh statusview showing:true
05-08 20:16:06.899  1425 19844 I chatty  : uid=1000 system_server expire 2 lines
05-08 20:16:06.915  3624  3624 V KeyguardDisplayManager: show
05-08 20:16:33.671   928  1090 E storaged: getDiskStats failed with result NOT_SUPPORTED and size 0
05-08 20:16:35.228  1425  1459 I chatty  : uid=1000(system) ActivityManager expire 10 lines
05-08 20:16:54.588  1425 11050 I chatty  : uid=1000(system) Binder:1425_18 expire 2 lines
05-08 20:17:28.846  1425 19423 I chatty  : uid=1000(system) Binder:1425_1E expire 4 lines
05-08 20:17:28.847  1425  3537 I chatty  : uid=1000(system) ConnectivitySer expire 1 line
05-08 20:17:33.674   928  1090 E storaged: getDiskStats failed with result NOT_SUPPORTED and size 0
05-08 20:18:11.426  1425 19927 I chatty  : uid=1000 system_server expire 2 lines
05-08 20:18:33.675   928  1090 E storaged: getDiskStats failed with result NOT_SUPPORTED and size 0
05-08 20:18:39.348  1425  1459 I chatty  : uid=1000(system) ActivityManager expire 15 lines
05-08 20:18:46.839  1425  3606 I chatty  : uid=1000(system) HwBinder:1425_4 expire 2 lines
05-08 20:18:46.844  1425 10327 I chatty  : uid=1000(system) Binder:1425_15 expire 8 lines
05-08 20:18:46.844  1425  1460 I chatty  : uid=1000(system) android.ui expire 7 lines
05-08 20:18:46.847  1425  1531 I chatty  : uid=1000(system) PowerManagerSer expire 12 lines
05-08 20:18:46.847  3624  3624 W FingerprintManager: Invalid acquired message: 6, 0
05-08 20:18:46.918  1337  1371 D QMI_FW  : chen-screen on: is_screen_off = 0 
05-08 20:18:46.924  1318  1358 D QMI_FW  : chen-screen on: is_screen_off = 0 
05-08 20:18:46.973  1425  1425 I chatty  : uid=1000 system_server expire 27 lines
05-08 20:18:46.998  1425  2341 I chatty  : uid=1000(system) Binder:1425_4 expire 2 lines
05-08 20:18:47.021  1425  5136 I chatty  : uid=1000(system) Binder:1425_11 expire 1 line
05-08 20:18:47.030  1425  2366 I chatty  : uid=1000(system) AlarmManager expire 10 lines
05-08 20:18:47.056  3624  3624 V KeyguardDisplayManager: hide
05-08 20:18:47.090  1425 10666 I chatty  : uid=1000(system) Binder:1425_16 expire 1 line
05-08 20:18:47.090  1425 18165 I chatty  : uid=1000(system) Binder:1425_1C expire 1 line
05-08 20:18:47.199  1425  1527 I chatty  : uid=1000(system) android.fg expire 3 lines
05-08 20:18:57.177  1425  5112 I chatty  : uid=1000(system) Binder:1425_C expire 1 line
05-08 20:18:57.495  1425  1456 I chatty  : uid=1000(system) android.bg expire 1 line
05-08 20:19:33.677   928  1090 E storaged: getDiskStats failed with result NOT_SUPPORTED and size 0
05-08 20:19:39.995  1425  1531 I chatty  : uid=1000(system) PowerManagerSer expire 8 lines
05-08 20:19:47.549  1425  1459 I chatty  : uid=1000(system) ActivityManager expire 3 lines
05-08 20:19:51.331  1425  1464 I chatty  : uid=1000(system) batterystats-wo expire 1 line
05-08 20:19:51.510  1425  1425 I chatty  : uid=1000 system_server expire 3 lines
05-08 20:19:54.705  1425  2366 I chatty  : uid=1000(system) AlarmManager expire 29 lines
05-08 20:20:12.286  1425  1459 I chatty  : uid=1000(system) ActivityManager expire 178 lines
05-08 20:20:12.309  1425  1464 I chatty  : uid=1000(system) batterystats-wo expire 8 lines
05-08 20:20:12.590  1425  1425 I chatty  : uid=1000 system_server expire 12 lines
05-08 20:20:26.236  1425  1530 I chatty  : uid=1000(system) CpuTracker expire 3 lines
05-08 20:20:33.679   928  1090 E storaged: getDiskStats failed with result NOT_SUPPORTED and size 0
05-08 20:20:35.999  1425  1528 I chatty  : uid=1000(system) android.io expire 3 lines
05-08 20:20:37.305  1425  1531 I chatty  : uid=1000(system) PowerManagerSer expire 8 lines
05-08 20:20:47.625  1425  3530 I chatty  : uid=1000(system) NetworkPolicy expire 2 lines
05-08 20:21:15.968  1425  3738 I chatty  : uid=1000(system) Binder:1425_5 expire 1 line
05-08 20:21:15.998  1425 19424 I chatty  : uid=1000(system) Binder:1425_1F expire 1 line
05-08 20:21:16.964  1425  1461 I chatty  : uid=1000(system) ActivityManager expire 2 lines
05-08 20:21:27.106  1425  1456 I chatty  : uid=1000(system) android.bg expire 1 line
05-08 20:21:33.779   928  1090 E storaged: getDiskStats failed with result NOT_SUPPORTED and size 0
05-08 20:21:34.027  1425 20312 I chatty  : uid=1000 system_server expire 2 lines
05-08 20:21:34.034  1425  1459 I chatty  : uid=1000(system) ActivityManager expire 23 lines
05-08 20:21:34.266  1425  2370 I chatty  : uid=1000(system) UEventObserver expire 4 lines
05-08 20:21:34.272  1425  4032 I chatty  : uid=1000(system) Binder:1425_9 expire 2 lines
05-08 20:21:34.273  1425  1527 I chatty  : uid=1000(system) android.fg expire 4 lines
05-08 20:21:34.357  1425  1425 I chatty  : uid=1000 system_server expire 12 lines
05-08 20:21:36.962  1425  1461 I chatty  : uid=1000(system) ActivityManager expire 6 lines
05-08 20:21:37.118  1425  5112 I chatty  : uid=1000(system) Binder:1425_C expire 1 line
05-08 20:21:40.181  1425  2366 I chatty  : uid=1000(system) AlarmManager expire 14 lines
05-08 20:21:47.185  1425 19424 I chatty  : uid=1000(system) Binder:1425_1F expire 10 lines
05-08 20:21:47.542  1425  1456 I chatty  : uid=1000(system) android.bg expire 3 lines
05-08 20:21:47.573  1425  3530 I chatty  : uid=1000(system) NetworkPolicy expire 6 lines
05-08 20:21:55.311  1425  1464 I chatty  : uid=1000(system) batterystats-wo expire 2 lines
05-08 20:22:27.102  1425  1531 I chatty  : uid=1000(system) PowerManagerSer expire 21 lines
05-08 20:22:33.781   928  1090 E storaged: getDiskStats failed with result NOT_SUPPORTED and size 0
05-08 20:22:34.060  1425  1459 I chatty  : uid=1000(system) ActivityManager expire 45 lines
05-08 20:22:34.099  1425  1425 I chatty  : uid=1000 system_server expire 51 lines
05-08 20:22:34.149  1425  3551 I chatty  : uid=1000(system) ColorBalanceThr expire 7 lines
05-08 20:22:34.208  1425  1529 I chatty  : uid=1000(system) android.display expire 4 lines
05-08 20:22:34.236  1337  1371 D QMI_FW  : chen-screen off: is_screen_off = 1 
05-08 20:22:37.698  1425  3606 I chatty  : uid=1000(system) HwBinder:1425_4 expire 2 lines
05-08 20:22:37.700  1425 19423 I chatty  : uid=1000(system) Binder:1425_1E expire 3 lines
05-08 20:22:37.701  1425  1460 I chatty  : uid=1000(system) android.ui expire 7 lines
05-08 20:22:37.706  3624  3624 W FingerprintManager: Invalid acquired message: 6, 0
05-08 20:22:37.746  1425  1531 I chatty  : uid=1000(system) PowerManagerSer expire 8 lines
05-08 20:22:37.796  1337  1371 D QMI_FW  : chen-screen on: is_screen_off = 0 
05-08 20:22:37.807  1318  1358 D QMI_FW  : chen-screen on: is_screen_off = 0 
05-08 20:22:37.831  1425 10327 I chatty  : uid=1000(system) Binder:1425_15 expire 2 lines
05-08 20:22:37.901  1425 12092 I chatty  : uid=1000(system) Binder:1425_1B expire 3 lines
05-08 20:22:38.209  1425  2389 I chatty  : uid=1000(system) OIMC expire 6 lines
05-08 20:22:45.986  1425  4445 I chatty  : uid=1000(system) Binder:1425_A expire 1 line
05-08 20:22:46.363  1425  1437 I chatty  : uid=1000(system) Binder:1425_2 expire 1 line
05-08 20:22:48.115  1425 10734 I chatty  : uid=1000(system) Binder:1425_17 expire 2 lines
05-08 20:22:48.509  1425  1536 I chatty  : uid=1000(system) PackageManager expire 14 lines
05-08 20:22:49.164  1425  3739 I chatty  : uid=1000(system) Binder:1425_6 expire 1 line
05-08 20:22:49.265  1425 18165 I chatty  : uid=1000(system) Binder:1425_1C expire 1 line
05-08 20:22:49.274  1425 18980 I chatty  : uid=1000(system) Binder:1425_1D expire 3 lines
05-08 20:22:49.698  1425  1425 I chatty  : uid=1000 system_server expire 21 lines
05-08 20:22:49.724  1425  1437 I chatty  : uid=1000(system) Binder:1425_2 expire 2 lines
05-08 20:22:50.862  1425  2380 I chatty  : uid=1000(system) InputReader expire 4 lines
05-08 20:22:51.160  1425  2370 I chatty  : uid=1000(system) UEventObserver expire 5 lines
05-08 20:22:51.288  1425  1527 I chatty  : uid=1000(system) android.fg expire 3 lines
05-08 20:22:51.531  1425  2389 I chatty  : uid=1000(system) OIMC expire 12 lines
05-08 20:22:51.750  1425  1459 I chatty  : uid=1000(system) ActivityManager expire 12 lines
05-08 20:22:51.909  1425  2366 I chatty  : uid=1000(system) AlarmManager expire 15 lines
05-08 20:22:52.107  1425  5045 I chatty  : uid=1000(system) backup expire 3 lines
05-08 20:23:10.915  1425  9835 I chatty  : uid=1000(system) Binder:1425_14 expire 1 line
05-08 20:23:10.969  1425 18165 I chatty  : uid=1000(system) Binder:1425_1C expire 2 lines
05-08 20:23:10.973  1425  3537 I chatty  : uid=1000(system) ConnectivitySer expire 32 lines
05-08 20:23:11.057  1425  1461 I chatty  : uid=1000(system) ActivityManager expire 6 lines
05-08 20:23:28.602 21018 21018 D ActivityThread: Loading provider com.google.android.gmail.provider;com.android.mail.notifier;com.google.android.gm.email.provider;com.google.android.gm.tasks.provider;com.google.android.gm.email.notifier: com.android.email.provider.EmailProvider
05-08 20:23:28.857 21018 21018 D ActivityThread: Loading provider com.google.android.gm.sapi: com.google.android.gm.sapi.SapiUiProvider
05-08 20:23:29.050  1425  2366 I chatty  : uid=1000(system) AlarmManager expire 25 lines
05-08 20:23:33.783   928  1090 E storaged: getDiskStats failed with result NOT_SUPPORTED and size 0
05-08 20:23:47.664  1425  3530 I chatty  : uid=1000(system) NetworkPolicy expire 12 lines
05-08 20:24:00.210  1425  1425 I chatty  : uid=1000 system_server expire 10 lines
05-08 20:24:12.491  1425  5136 I chatty  : uid=1000(system) Binder:1425_11 expire 4 lines
05-08 20:24:12.554  1425  1529 I chatty  : uid=1000(system) android.display expire 1 line
05-08 20:24:12.784  1425 11050 I chatty  : uid=1000(system) Binder:1425_18 expire 4 lines
05-08 20:24:12.808  1425  3537 I chatty  : uid=1000(system) ConnectivitySer expire 1 line
05-08 20:24:13.050  1425  3769 I chatty  : uid=1000(system) Binder:1425_7 expire 2 lines
05-08 20:24:33.785   928  1090 E storaged: getDiskStats failed with result NOT_SUPPORTED and size 0
05-08 20:24:34.082  1425  1459 I chatty  : uid=1000(system) ActivityManager expire 16 lines
05-08 20:24:34.805  1425  2366 I chatty  : uid=1000(system) AlarmManager expire 11 lines
05-08 20:24:47.654  1425  3530 I chatty  : uid=1000(system) NetworkPolicy expire 8 lines
05-08 20:25:33.786   928  1090 E storaged: getDiskStats failed with result NOT_SUPPORTED and size 0
05-08 20:25:44.111  1425  1531 I chatty  : uid=1000(system) PowerManagerSer expire 8 lines
05-08 20:25:49.899  1425  2366 I chatty  : uid=1000(system) AlarmManager expire 10 lines
05-08 20:25:49.925  1425  1436 I chatty  : uid=1000(system) Binder:1425_1 expire 3 lines
05-08 20:25:49.933  1425  4445 I chatty  : uid=1000(system) Binder:1425_A expire 3 lines
05-08 20:25:54.212  1425  1464 I chatty  : uid=1000(system) batterystats-wo expire 1 line
05-08 20:25:54.565  1425  1425 I chatty  : uid=1000 system_server expire 17 lines
05-08 20:26:33.789   928  1090 E storaged: getDiskStats failed with result NOT_SUPPORTED and size 0
05-08 20:26:34.063  1425  1459 I chatty  : uid=1000(system) ActivityManager expire 11 lines
05-08 20:26:55.163  1425 10734 I chatty  : uid=1000(system) Binder:1425_17 expire 4 lines
05-08 20:26:55.233  1425 19424 I chatty  : uid=1000(system) Binder:1425_1F expire 1 line
05-08 20:26:55.458  1425  5112 I chatty  : uid=1000(system) Binder:1425_C expire 2 lines
05-08 20:27:33.791   928  1090 E storaged: getDiskStats failed with result NOT_SUPPORTED and size 0
05-08 20:27:59.564  1425  1425 I chatty  : uid=1000 system_server expire 5 lines
05-08 20:27:59.566  1425  2389 I chatty  : uid=1000(system) OIMC expire 4 lines
05-08 20:27:59.569  1425  1425 I chatty  : uid=1000 system_server expire 18 lines
05-08 20:28:00.000  1425  2366 I chatty  : uid=1000(system) AlarmManager expire 6 lines
05-08 20:28:01.436  1425  1459 I chatty  : uid=1000(system) ActivityManager expire 6 lines
05-08 20:28:33.796   928  1090 E storaged: getDiskStats failed with result NOT_SUPPORTED and size 0
05-08 20:28:39.275  1425  1464 I chatty  : uid=1000(system) batterystats-wo expire 1 line
05-08 20:28:39.307  1425  1461 I chatty  : uid=1000(system) ActivityManager expire 16 lines
05-08 20:28:39.312  1425 21915 I chatty  : uid=1000 system_server expire 3 lines
05-08 20:28:39.386  1425  5045 I chatty  : uid=1000(system) backup expire 163 lines
05-08 20:28:39.411  1425  3769 I chatty  : uid=1000(system) Binder:1425_7 expire 2 lines
05-08 20:28:40.304  1425 10734 I chatty  : uid=1000(system) Binder:1425_17 expire 2 lines
05-08 20:28:43.083  1425 19424 I chatty  : uid=1000(system) Binder:1425_1F expire 3 lines
05-08 20:28:46.099  1425  3530 I chatty  : uid=1000(system) NetworkPolicy expire 4 lines
05-08 20:28:49.498  1425  5112 I chatty  : uid=1000(system) Binder:1425_C expire 7 lines
05-08 20:28:50.688  1425  1436 I chatty  : uid=1000(system) Binder:1425_1 expire 5 lines
05-08 20:28:51.012  1425 19423 I chatty  : uid=1000(system) Binder:1425_1E expire 1 line
05-08 20:28:53.746  1425  1531 I chatty  : uid=1000(system) PowerManagerSer expire 8 lines
05-08 20:28:53.887  1425 10327 I chatty  : uid=1000(system) Binder:1425_15 expire 2 lines
05-08 20:28:56.980  1425  4445 I chatty  : uid=1000(system) Binder:1425_A expire 3 lines
05-08 20:28:57.980  1425 11361 I chatty  : uid=1000(system) Binder:1425_19 expire 3 lines
05-08 20:29:03.905  1425  3537 I chatty  : uid=1000(system) ConnectivitySer expire 31 lines
05-08 20:29:04.019  1425  1461 I chatty  : uid=1000(system) ActivityManager expire 11 lines
05-08 20:29:04.048  1425  5139 I chatty  : uid=1000(system) Binder:1425_12 expire 5 lines
05-08 20:29:04.244  1425  5045 I chatty  : uid=1000(system) backup expire 59 lines
05-08 20:29:04.452  1425  3583 I chatty  : uid=1000(system) SyncManager expire 2 lines
05-08 20:29:04.489  1425  1529 I chatty  : uid=1000(system) android.display expire 4 lines
05-08 20:29:05.010  1425  5136 I chatty  : uid=1000(system) Binder:1425_11 expire 4 lines
05-08 20:29:05.520  1425  5114 I chatty  : uid=1000(system) Binder:1425_D expire 2 lines
05-08 20:29:06.004  1425 11480 I chatty  : uid=1000(system) Binder:1425_1A expire 1 line
05-08 20:29:06.820  1425 18165 I chatty  : uid=1000(system) Binder:1425_1C expire 5 lines
05-08 20:29:07.260  1425  3770 I chatty  : uid=1000(system) Binder:1425_8 expire 1 line
05-08 20:29:09.592  1425 10327 I chatty  : uid=1000(system) Binder:1425_15 expire 3 lines
05-08 20:29:10.221  1425  4842 I chatty  : uid=1000(system) Binder:1425_B expire 4 lines
05-08 20:29:13.744  1425  1459 I chatty  : uid=1000(system) ActivityManager expire 22 lines
05-08 20:29:18.637  1425 10666 I chatty  : uid=1000(system) Binder:1425_16 expire 1 line
05-08 20:29:33.798   928  1090 E storaged: getDiskStats failed with result NOT_SUPPORTED and size 0
05-08 20:29:47.827  1425  3530 I chatty  : uid=1000(system) NetworkPolicy expire 4 lines
05-08 20:30:00.001  1425  2366 I chatty  : uid=1000(system) AlarmManager expire 12 lines
05-08 20:30:00.195  1425  1425 I chatty  : uid=1000 system_server expire 16 lines
05-08 20:30:33.799   928  1090 E storaged: getDiskStats failed with result NOT_SUPPORTED and size 0
05-08 20:30:36.652  1425  1531 I chatty  : uid=1000(system) PowerManagerSer expire 25 lines
05-08 20:30:57.951  1425  1437 I chatty  : uid=1000(system) Binder:1425_2 expire 1 line
05-08 20:31:07.586  1425  5118 I chatty  : uid=1000(system) Binder:1425_F expire 7 lines
05-08 20:31:18.090  1425  1464 I chatty  : uid=1000(system) batterystats-wo expire 6 lines
05-08 20:31:33.803   928  1090 E storaged: getDiskStats failed with result NOT_SUPPORTED and size 0
05-08 20:31:34.063  1425  1459 I chatty  : uid=1000(system) ActivityManager expire 12 lines
05-08 20:31:41.134  1425  3551 I chatty  : uid=1000(system) ColorBalanceThr expire 7 lines
05-08 20:31:46.105  1425  1436 I chatty  : uid=1000(system) Binder:1425_1 expire 2 lines
05-08 20:31:46.217  3624  3624 V KeyguardStatusView: refresh statusview showing:true
05-08 20:31:46.231  3624  3624 V KeyguardDisplayManager: show
05-08 20:32:16.192  1425  3738 I chatty  : uid=1000(system) Binder:1425_5 expire 6 lines
05-08 20:32:16.352  1425  1425 I chatty  : uid=1000 system_server expire 10 lines
05-08 20:32:25.137  1425  5117 I chatty  : uid=1000(system) Binder:1425_E expire 1 line
05-08 20:32:33.805   928  1090 E storaged: getDiskStats failed with result NOT_SUPPORTED and size 0
05-08 20:33:00.001  1425  2366 I chatty  : uid=1000(system) AlarmManager expire 3 lines
05-08 20:33:33.807   928  1090 E storaged: getDiskStats failed with result NOT_SUPPORTED and size 0
05-08 20:33:34.063  1425  1459 I chatty  : uid=1000(system) ActivityManager expire 4 lines
05-08 20:33:46.648  1425 11050 I chatty  : uid=1000(system) Binder:1425_18 expire 2 lines
05-08 20:34:09.262  1425  1461 I chatty  : uid=1000(system) ActivityManager expire 1 line
05-08 20:34:09.678  1425  3606 I chatty  : uid=1000(system) HwBinder:1425_4 expire 1 line
05-08 20:34:09.682  1425  1460 I chatty  : uid=1000(system) android.ui expire 1 line
05-08 20:34:09.711  1425  1531 I chatty  : uid=1000(system) PowerManagerSer expire 12 lines
05-08 20:34:09.712  3624  3624 W FingerprintManager: Invalid acquired message: 6, 0
05-08 20:34:09.749  1425  1460 I chatty  : uid=1000(system) android.ui expire 6 lines
05-08 20:34:09.764  1425 23566 I chatty  : uid=1000 system_server expire 4 lines
05-08 20:34:09.788  1425  1529 I chatty  : uid=1000(system) android.display expire 1 line
05-08 20:34:09.829  1425  3606 I chatty  : uid=1000(system) HwBinder:1425_4 expire 1 line
05-08 20:34:09.833  1425  1425 I chatty  : uid=1000 system_server expire 19 lines
05-08 20:34:09.841  1425 10327 I chatty  : uid=1000(system) Binder:1425_15 expire 5 lines
05-08 20:34:09.848  1425  5112 I chatty  : uid=1000(system) Binder:1425_C expire 5 lines
05-08 20:34:09.852  1425  1459 I chatty  : uid=1000(system) ActivityManager expire 12 lines
05-08 20:34:09.884  1425  3738 I chatty  : uid=1000(system) Binder:1425_5 expire 4 lines
05-08 20:34:09.893  3624  3624 V KeyguardDisplayManager: hide
05-08 20:34:09.894  1425  2389 I chatty  : uid=1000(system) OIMC expire 10 lines
05-08 20:34:09.966  1425  1461 I chatty  : uid=1000(system) ActivityManager expire 8 lines
05-08 20:34:10.172  1425  3530 I chatty  : uid=1000(system) NetworkPolicy expire 10 lines
05-08 20:34:10.187  1425 18165 I chatty  : uid=1000(system) Binder:1425_1C expire 1 line
05-08 20:34:10.198  1425  4032 I chatty  : uid=1000(system) Binder:1425_9 expire 2 lines
05-08 20:34:10.269  1425  1437 I chatty  : uid=1000(system) Binder:1425_2 expire 4 lines
05-08 20:34:15.081  1425  2366 I chatty  : uid=1000(system) AlarmManager expire 11 lines
05-08 20:34:20.531  1425  1456 I chatty  : uid=1000(system) android.bg expire 2 lines
05-08 20:34:33.808   928  1090 E storaged: getDiskStats failed with result NOT_SUPPORTED and size 0
05-08 20:34:34.077  1425  1459 I chatty  : uid=1000(system) ActivityManager expire 19 lines
05-08 20:35:00.219  1425  1425 I chatty  : uid=1000 system_server expire 16 lines
05-08 20:35:02.843  1425  1531 I chatty  : uid=1000(system) PowerManagerSer expire 16 lines
05-08 20:35:28.615  1425  1464 I chatty  : uid=1000(system) batterystats-wo expire 6 lines
05-08 20:35:33.810   928  1090 E storaged: getDiskStats failed with result NOT_SUPPORTED and size 0
05-08 20:36:00.001  1425  2366 I chatty  : uid=1000(system) AlarmManager expire 12 lines
05-08 20:36:16.481  1425  5136 I chatty  : uid=1000(system) Binder:1425_11 expire 2 lines
05-08 20:36:21.817  1425  2380 I chatty  : uid=1000(system) InputReader expire 6 lines
05-08 20:36:22.010  1425  2378 I chatty  : uid=1000(system) InputDispatcher expire 2 lines
05-08 20:36:24.620  1425 10734 I chatty  : uid=1000(system) Binder:1425_17 expire 4 lines
05-08 20:36:33.811   928  1090 E storaged: getDiskStats failed with result NOT_SUPPORTED and size 0
05-08 20:36:34.063  1425  1459 I chatty  : uid=1000(system) ActivityManager expire 11 lines
05-08 20:36:54.458  1425 11050 I chatty  : uid=1000(system) Binder:1425_18 expire 4 lines
05-08 20:36:56.768  1425  1425 I chatty  : uid=1000 system_server expire 13 lines
05-08 20:37:33.813   928  1090 E storaged: getDiskStats failed with result NOT_SUPPORTED and size 0
05-08 20:37:49.260  1425  1531 I chatty  : uid=1000(system) PowerManagerSer expire 14 lines
05-08 20:38:33.818   928  1090 E storaged: getDiskStats failed with result NOT_SUPPORTED and size 0
05-08 20:38:34.069  1425  1459 I chatty  : uid=1000(system) ActivityManager expire 9 lines
05-08 20:38:40.027  1425  3537 I chatty  : uid=1000(system) ConnectivitySer expire 32 lines
05-08 20:38:41.697 24130 24473 E ActivityThread: Failed to find provider info for com.facebook.katana.provider.AttributionIdProvider
05-08 20:38:46.740  1425  5133 I chatty  : uid=1000(system) Binder:1425_10 expire 2 lines
05-08 20:38:46.886  1425  2366 I chatty  : uid=1000(system) AlarmManager expire 2 lines
05-08 20:38:47.958  1425  3530 I chatty  : uid=1000(system) NetworkPolicy expire 2 lines
05-08 20:38:49.360  1425 10666 I chatty  : uid=1000(system) Binder:1425_16 expire 30 lines
05-08 20:38:52.738  1425  1425 I chatty  : uid=1000 system_server expire 36 lines
05-08 20:38:52.815  1425  1531 I chatty  : uid=1000(system) PowerManagerSer expire 23 lines
05-08 20:38:52.816  1425  3551 I chatty  : uid=1000(system) ColorBalanceThr expire 7 lines
05-08 20:38:52.890  1425  1529 I chatty  : uid=1000(system) android.display expire 3 lines
05-08 20:38:52.897  1425  5139 I chatty  : uid=1000(system) Binder:1425_12 expire 1 line
05-08 20:38:52.945  1425  1456 I chatty  : uid=1000(system) android.bg expire 3 lines
05-08 20:38:53.378  1425  1459 I chatty  : uid=1000(system) ActivityManager expire 12 lines
05-08 20:38:53.394  1425  5133 I chatty  : uid=1000(system) Binder:1425_10 expire 1 line
05-08 20:38:56.734  1425  2366 I chatty  : uid=1000(system) AlarmManager expire 11 lines
05-08 20:38:57.759  1425 11480 I chatty  : uid=1000(system) Binder:1425_1A expire 2 lines
05-08 20:38:57.769  1425  4032 I chatty  : uid=1000(system) Binder:1425_9 expire 6 lines
05-08 20:38:57.886  3624  3624 V KeyguardStatusView: refresh statusview showing:true
05-08 20:38:57.890  1425 19424 I chatty  : uid=1000(system) Binder:1425_1F expire 25 lines
05-08 20:38:57.899  3624  3624 V KeyguardDisplayManager: show
05-08 20:39:00.879  1425  3606 I chatty  : uid=1000(system) HwBinder:1425_4 expire 3 lines
05-08 20:39:00.882  1425  3770 I chatty  : uid=1000(system) Binder:1425_8 expire 4 lines
05-08 20:39:01.158  1425  1460 I chatty  : uid=1000(system) android.ui expire 7 lines
05-08 20:39:01.167  3624  3624 W FingerprintManager: Invalid acquired message: 6, 0
05-08 20:39:01.292  1425  5117 I chatty  : uid=1000(system) Binder:1425_E expire 23 lines
05-08 20:39:01.328  1425  2389 I chatty  : uid=1000(system) OIMC expire 10 lines
05-08 20:39:01.334  3624  3624 V KeyguardDisplayManager: hide
05-08 20:39:01.528  1425  3530 I chatty  : uid=1000(system) NetworkPolicy expire 4 lines
05-08 20:39:01.629  1425  9835 I chatty  : uid=1000(system) Binder:1425_14 expire 3 lines
05-08 20:39:18.920  1425  2343 I chatty  : uid=1000(system) android.anim expire 1 line
05-08 20:39:25.023  1425  1437 I chatty  : uid=1000(system) Binder:1425_2 expire 2 lines
05-08 20:39:33.787  1425  2380 I chatty  : uid=1000(system) InputReader expire 6 lines
05-08 20:39:33.821   928  1090 E storaged: getDiskStats failed with result NOT_SUPPORTED and size 0
05-08 20:39:34.011  1425  1459 I chatty  : uid=1000(system) ActivityManager expire 5 lines
05-08 20:39:34.515  1425  1425 I chatty  : uid=1000 system_server expire 17 lines
05-08 20:39:34.991  1425  2378 I chatty  : uid=1000(system) InputDispatcher expire 1 line
05-08 20:39:49.007  1425  2366 I chatty  : uid=1000(system) AlarmManager expire 4 lines
05-08 20:40:27.989  1425  1531 I chatty  : uid=1000(system) PowerManagerSer expire 17 lines
05-08 20:40:33.824   928  1090 E storaged: getDiskStats failed with result NOT_SUPPORTED and size 0
05-08 20:40:34.991  1425  1425 I chatty  : uid=1000 system_server expire 13 lines
05-08 20:40:35.061  1425  3551 I chatty  : uid=1000(system) ColorBalanceThr expire 3 lines
05-08 20:40:35.111  1425  1529 I chatty  : uid=1000(system) android.display expire 1 line
05-08 20:40:35.124  1425 19424 I chatty  : uid=1000(system) Binder:1425_1F expire 4 lines
05-08 20:40:35.488  1425  9835 I chatty  : uid=1000(system) Binder:1425_14 expire 3 lines
05-08 20:40:35.695  1425  1459 I chatty  : uid=1000(system) ActivityManager expire 189 lines
05-08 20:40:40.006  1425  2366 I chatty  : uid=1000(system) AlarmManager expire 3 lines
05-08 20:40:40.172  3624  3624 V KeyguardStatusView: refresh statusview showing:true
05-08 20:40:40.195  3624  3624 V KeyguardDisplayManager: show
05-08 20:40:52.050  1425 11361 I chatty  : uid=1000(system) Binder:1425_19 expire 1 line
05-08 20:40:55.144  1425  1461 I chatty  : uid=1000(system) ActivityManager expire 10 lines
05-08 20:41:04.327  1425 25155 I chatty  : uid=1000(system) FinalizerDaemon expire 3 lines
05-08 20:41:16.293  1425  4032 I chatty  : uid=1000(system) Binder:1425_9 expire 1 line
05-08 20:41:16.335  1425 10666 I chatty  : uid=1000(system) Binder:1425_16 expire 1 line
05-08 20:41:16.338  1425  3537 I chatty  : uid=1000(system) ConnectivitySer expire 2 lines
05-08 20:41:16.354  1425  2340 I chatty  : uid=1000(system) Binder:1425_3 expire 1 line
05-08 20:41:16.354  1425  3739 I chatty  : uid=1000(system) Binder:1425_6 expire 1 line
05-08 20:41:16.385  1425  5136 I chatty  : uid=1000(system) Binder:1425_11 expire 1 line
05-08 20:41:27.260  1425  1456 I chatty  : uid=1000(system) android.bg expire 1 line
05-08 20:41:30.190  1425  1464 I chatty  : uid=1000(system) batterystats-wo expire 1 line
05-08 20:41:33.828   928  1090 E storaged: getDiskStats failed with result NOT_SUPPORTED and size 0
05-08 20:41:34.127  1425  1436 I chatty  : uid=1000(system) Binder:1425_1 expire 1 line
05-08 20:41:34.322  1425  1459 I chatty  : uid=1000(system) ActivityManager expire 5 lines
05-08 20:41:34.797  1425  1425 I chatty  : uid=1000 system_server expire 17 lines
05-08 20:41:38.628  1425  2366 I chatty  : uid=1000(system) AlarmManager expire 11 lines
05-08 20:41:48.872  1425  1459 I chatty  : uid=1000(system) ActivityManager expire 10 lines
05-08 20:41:48.892  1425  1464 I chatty  : uid=1000(system) batterystats-wo expire 9 lines
05-08 20:42:18.533  1425  1460 I chatty  : uid=1000(system) android.ui expire 16 lines
05-08 20:42:18.541  1425  1531 I chatty  : uid=1000(system) PowerManagerSer expire 29 lines
05-08 20:42:18.541  1425  3551 I chatty  : uid=1000(system) ColorBalanceThr expire 14 lines
05-08 20:42:18.567  1425  1529 I chatty  : uid=1000(system) android.display expire 6 lines
05-08 20:42:18.590  1425  1436 I chatty  : uid=1000(system) Binder:1425_1 expire 4 lines
05-08 20:42:18.662  1425  1437 I chatty  : uid=1000(system) Binder:1425_2 expire 1 line
05-08 20:42:18.767  1425  3530 I chatty  : uid=1000(system) NetworkPolicy expire 6 lines
05-08 20:42:29.382  1425  9835 I chatty  : uid=1000(system) Binder:1425_14 expire 1 line
05-08 20:42:29.701  1425  5112 I chatty  : uid=1000(system) Binder:1425_C expire 1 line
05-08 20:42:29.852  1425  1461 I chatty  : uid=1000(system) ActivityManager expire 4 lines
05-08 20:42:33.831   928  1090 E storaged: getDiskStats failed with result NOT_SUPPORTED and size 0
05-08 20:42:40.041  1425  4032 I chatty  : uid=1000(system) Binder:1425_9 expire 3 lines
05-08 20:42:40.181  1425  1425 I chatty  : uid=1000 system_server expire 31 lines
05-08 20:42:40.369  1425  1456 I chatty  : uid=1000(system) android.bg expire 2 lines
05-08 20:43:33.834   928  1090 E storaged: getDiskStats failed with result NOT_SUPPORTED and size 0
05-08 20:43:34.073  1425  1459 I chatty  : uid=1000(system) ActivityManager expire 10 lines
05-08 20:43:44.674  1425  2366 I chatty  : uid=1000(system) AlarmManager expire 11 lines
05-08 20:44:33.837   928  1090 E storaged: getDiskStats failed with result NOT_SUPPORTED and size 0
05-08 20:45:00.900  1425  1531 I chatty  : uid=1000(system) PowerManagerSer expire 26 lines
05-08 20:45:01.035  1425  5114 I chatty  : uid=1000(system) Binder:1425_D expire 1 line
05-08 20:45:01.226  1425  2340 I chatty  : uid=1000(system) Binder:1425_3 expire 2 lines
05-08 20:45:07.892  1425 12092 I chatty  : uid=1000(system) Binder:1425_1B expire 1 line
05-08 20:45:08.496  1425  2380 I chatty  : uid=1000(system) InputReader expire 3 lines
05-08 20:45:08.590  1425  5526 I chatty  : uid=1000(system) Binder:1425_13 expire 1 line
05-08 20:45:33.840   928  1090 E storaged: getDiskStats failed with result NOT_SUPPORTED and size 0
05-08 20:45:34.072  1425  1459 I chatty  : uid=1000(system) ActivityManager expire 11 lines
05-08 20:45:35.353  1425  2366 I chatty  : uid=1000(system) AlarmManager expire 12 lines
05-08 20:46:08.584  1425  1425 I chatty  : uid=1000 system_server expire 9 lines
05-08 20:46:33.842   928  1090 E storaged: getDiskStats failed with result NOT_SUPPORTED and size 0
05-08 20:46:34.077  1425  1459 I chatty  : uid=1000(system) ActivityManager expire 3 lines
05-08 20:46:46.133  1425  4445 I chatty  : uid=1000(system) Binder:1425_A expire 1 line
05-08 20:47:02.332  1425 11480 I chatty  : uid=1000(system) Binder:1425_1A expire 1 line
05-08 20:47:33.844   928  1090 E storaged: getDiskStats failed with result NOT_SUPPORTED and size 0
05-08 20:47:34.233  1425  1459 I chatty  : uid=1000(system) ActivityManager expire 11 lines
05-08 20:47:34.253  1425  1464 I chatty  : uid=1000(system) batterystats-wo expire 11 lines
05-08 20:47:34.477  1425  1425 I chatty  : uid=1000 system_server expire 12 lines
05-08 20:47:55.258  1425  2366 I chatty  : uid=1000(system) AlarmManager expire 13 lines
05-08 20:48:22.324  1425 25902 I chatty  : uid=1000 system_server expire 2 lines
05-08 20:48:33.846   928  1090 E storaged: getDiskStats failed with result NOT_SUPPORTED and size 0
05-08 20:49:33.848   928  1090 E storaged: getDiskStats failed with result NOT_SUPPORTED and size 0
05-08 20:49:34.083  1425  1459 I chatty  : uid=1000(system) ActivityManager expire 17 lines
05-08 20:49:53.330  1425  1425 I chatty  : uid=1000 system_server expire 16 lines
05-08 20:50:33.850   928  1090 E storaged: getDiskStats failed with result NOT_SUPPORTED and size 0
05-08 20:51:02.656  1425 11361 I chatty  : uid=1000(system) Binder:1425_19 expire 3 lines
05-08 20:51:33.853   928  1090 E storaged: getDiskStats failed with result NOT_SUPPORTED and size 0
05-08 20:51:34.085  1425  1459 I chatty  : uid=1000(system) ActivityManager expire 18 lines
05-08 20:51:53.274  1425  1425 I chatty  : uid=1000 system_server expire 11 lines
05-08 20:51:57.202  1425  2366 I chatty  : uid=1000(system) AlarmManager expire 13 lines
05-08 20:52:07.809  1425  1464 I chatty  : uid=1000(system) batterystats-wo expire 4 lines
05-08 20:52:33.856   928  1090 E storaged: getDiskStats failed with result NOT_SUPPORTED and size 0
05-08 20:52:48.647  1425  1460 I chatty  : uid=1000(system) android.ui expire 11 lines
05-08 20:52:48.655  1425  1531 I chatty  : uid=1000(system) PowerManagerSer expire 12 lines
05-08 20:52:48.655  1425  3551 I chatty  : uid=1000(system) ColorBalanceThr expire 4 lines
05-08 20:52:48.683  1425  1529 I chatty  : uid=1000(system) android.display expire 2 lines
05-08 20:52:48.708  1425  9835 I chatty  : uid=1000(system) Binder:1425_14 expire 1 line
05-08 20:52:48.785  1425  1436 I chatty  : uid=1000(system) Binder:1425_1 expire 3 lines
05-08 20:52:48.934  1425  3530 I chatty  : uid=1000(system) NetworkPolicy expire 4 lines
05-08 20:52:50.371  1425  3606 I chatty  : uid=1000(system) HwBinder:1425_4 expire 2 lines
05-08 20:52:50.385  3624  3624 W FingerprintManager: Invalid acquired message: 6, 0
05-08 20:52:50.488  1425  1425 I chatty  : uid=1000 system_server expire 35 lines
05-08 20:52:50.505  1425  5139 I chatty  : uid=1000(system) Binder:1425_12 expire 6 lines
05-08 20:52:50.810  1425  5114 I chatty  : uid=1000(system) Binder:1425_D expire 6 lines
05-08 20:52:50.872  3624  3624 V KeyguardDisplayManager: hide
05-08 20:52:50.884  1425  2389 I chatty  : uid=1000(system) OIMC expire 8 lines
05-08 20:52:50.895  1425  5133 I chatty  : uid=1000(system) Binder:1425_10 expire 1 line
05-08 20:52:50.956  1425  5112 I chatty  : uid=1000(system) Binder:1425_C expire 1 line
05-08 20:53:01.302  1425  1456 I chatty  : uid=1000(system) android.bg expire 1 line
05-08 20:53:22.768  1425  2380 I chatty  : uid=1000(system) InputReader expire 4 lines
05-08 20:53:24.241  1425  2378 I chatty  : uid=1000(system) InputDispatcher expire 1 line
05-08 20:53:25.713  1425  5526 I chatty  : uid=1000(system) Binder:1425_13 expire 3 lines
05-08 20:53:27.028  1425  1461 I chatty  : uid=1000(system) ActivityManager expire 1 line
05-08 20:53:27.186 26274 26274 D ActivityThread: Loading provider com.google.android.gmail.provider;com.android.mail.notifier;com.google.android.gm.email.provider;com.google.android.gm.tasks.provider;com.google.android.gm.email.notifier: com.android.email.provider.EmailProvider
05-08 20:53:27.373 26274 26274 D ActivityThread: Loading provider com.google.android.gm.sapi: com.google.android.gm.sapi.SapiUiProvider
05-08 20:53:27.679  1425  2366 I chatty  : uid=1000(system) AlarmManager expire 5 lines
05-08 20:53:28.255  1425  1425 I chatty  : uid=1000 system_server expire 3 lines
05-08 20:53:33.858   928  1090 E storaged: getDiskStats failed with result NOT_SUPPORTED and size 0
05-08 20:53:34.075  1425  1459 I chatty  : uid=1000(system) ActivityManager expire 6 lines
05-08 20:54:21.543  1425  1531 I chatty  : uid=1000(system) PowerManagerSer expire 17 lines
05-08 20:54:27.459  1425  2366 I chatty  : uid=1000(system) AlarmManager expire 11 lines
05-08 20:54:28.542  1425  1425 I chatty  : uid=1000 system_server expire 17 lines
05-08 20:54:28.628  1425  3551 I chatty  : uid=1000(system) ColorBalanceThr expire 3 lines
05-08 20:54:28.690  1425  1529 I chatty  : uid=1000(system) android.display expire 1 line
05-08 20:54:28.712  1425  9835 I chatty  : uid=1000(system) Binder:1425_14 expire 2 lines
05-08 20:54:29.194  1425  1459 I chatty  : uid=1000(system) ActivityManager expire 11 lines
05-08 20:54:33.565  1425  1436 I chatty  : uid=1000(system) Binder:1425_1 expire 2 lines
05-08 20:54:33.578  1425  5526 I chatty  : uid=1000(system) Binder:1425_13 expire 3 lines
05-08 20:54:33.725  3624  3624 V KeyguardStatusView: refresh statusview showing:true
05-08 20:54:33.735  3624  3624 V KeyguardDisplayManager: show
05-08 20:54:33.859   928  1090 E storaged: getDiskStats failed with result NOT_SUPPORTED and size 0
05-08 20:54:37.918  1425  1456 I chatty  : uid=1000(system) android.bg expire 4 lines
05-08 20:54:39.509  1425  1464 I chatty  : uid=1000(system) batterystats-wo expire 10 lines
05-08 20:55:33.863   928  1090 E storaged: getDiskStats failed with result NOT_SUPPORTED and size 0
05-08 20:55:34.085  1425  1459 I chatty  : uid=1000(system) ActivityManager expire 11 lines
05-08 20:55:46.256  1425  1425 I chatty  : uid=1000 system_server expire 13 lines
05-08 20:55:59.268  1425 11361 I chatty  : uid=1000(system) Binder:1425_19 expire 1 line
05-08 20:55:59.308  1425 26566 I chatty  : uid=1000 system_server expire 2 lines
05-08 20:56:33.868   928  1090 E storaged: getDiskStats failed with result NOT_SUPPORTED and size 0
05-08 20:56:34.087  1425  1459 I chatty  : uid=1000(system) ActivityManager expire 15 lines
05-08 20:57:33.872   928  1090 E storaged: getDiskStats failed with result NOT_SUPPORTED and size 0
05-08 20:57:39.259  1425  1425 I chatty  : uid=1000 system_server expire 15 lines
05-08 20:57:49.333  1425  1464 I chatty  : uid=1000(system) batterystats-wo expire 8 lines
05-08 20:58:33.874   928  1090 E storaged: getDiskStats failed with result NOT_SUPPORTED and size 0
05-08 20:58:34.081  1425  1459 I chatty  : uid=1000(system) ActivityManager expire 10 lines
05-08 20:59:00.000  1425  2366 I chatty  : uid=1000(system) AlarmManager expire 11 lines
05-08 20:59:16.294  1425  1461 I chatty  : uid=1000(system) ActivityManager expire 1 line
05-08 20:59:27.125  1425 26858 I chatty  : uid=1000 system_server expire 2 lines
05-08 20:59:33.875   928  1090 E storaged: getDiskStats failed with result NOT_SUPPORTED and size 0
05-08 20:59:37.721  1425 10327 I chatty  : uid=1000(system) Binder:1425_15 expire 1 line
05-08 20:59:37.757  1425  1425 I chatty  : uid=1000 system_server expire 16 lines
05-08 21:00:33.878   928  1090 E storaged: getDiskStats failed with result NOT_SUPPORTED and size 0
05-08 21:00:34.087  1425  1459 I chatty  : uid=1000(system) ActivityManager expire 177 lines
05-08 21:01:16.568  1425 12092 I chatty  : uid=1000(system) Binder:1425_1B expire 1 line
05-08 21:01:16.568  1425  1425 I chatty  : uid=1000 system_server expire 11 lines
05-08 21:01:16.572  1425  5112 I chatty  : uid=1000(system) Binder:1425_C expire 1 line
05-08 21:01:17.552  1425  1461 I chatty  : uid=1000(system) ActivityManager expire 8 lines
05-08 21:01:27.606  1425  1456 I chatty  : uid=1000(system) android.bg expire 3 lines
05-08 21:01:33.880   928  1090 E storaged: getDiskStats failed with result NOT_SUPPORTED and size 0
05-08 21:01:34.113  1425 19424 I chatty  : uid=1000(system) Binder:1425_1F expire 2 lines
05-08 21:01:34.279  1425  1459 I chatty  : uid=1000(system) ActivityManager expire 12 lines
05-08 21:01:45.811  1425  1464 I chatty  : uid=1000(system) batterystats-wo expire 4 lines
05-08 21:02:00.001  1425  2366 I chatty  : uid=1000(system) AlarmManager expire 11 lines
05-08 21:02:33.882   928  1090 E storaged: getDiskStats failed with result NOT_SUPPORTED and size 0
05-08 21:03:33.884   928  1090 E storaged: getDiskStats failed with result NOT_SUPPORTED and size 0
05-08 21:04:23.018  1425 19423 I chatty  : uid=1000(system) Binder:1425_1E expire 5 lines
05-08 21:04:23.019  1425 10734 I chatty  : uid=1000(system) Binder:1425_17 expire 1 line
05-08 21:04:23.028  1425  1529 I chatty  : uid=1000(system) android.display expire 3 lines
05-08 21:04:33.888   928  1090 E storaged: getDiskStats failed with result NOT_SUPPORTED and size 0
05-08 21:04:34.101  1425  1459 I chatty  : uid=1000(system) ActivityManager expire 13 lines
05-08 21:04:37.708  1425  3537 I chatty  : uid=1000(system) ConnectivitySer expire 30 lines
05-08 21:04:37.999  1425 10666 I chatty  : uid=1000(system) Binder:1425_16 expire 3 lines
05-08 21:05:33.892   928  1090 E storaged: getDiskStats failed with result NOT_SUPPORTED and size 0
05-08 21:06:28.976  1425  1425 I chatty  : uid=1000 system_server expire 12 lines
05-08 21:06:33.893   928  1090 E storaged: getDiskStats failed with result NOT_SUPPORTED and size 0
05-08 21:06:34.083  1425  1459 I chatty  : uid=1000(system) ActivityManager expire 8 lines
05-08 21:07:00.002  1425  2366 I chatty  : uid=1000(system) AlarmManager expire 8 lines
05-08 21:07:33.895   928  1090 E storaged: getDiskStats failed with result NOT_SUPPORTED and size 0
05-08 21:08:33.896   928  1090 E storaged: getDiskStats failed with result NOT_SUPPORTED and size 0
05-08 21:09:27.547 27704 27704 D ActivityThread: Loading provider com.google.android.gmail.provider;com.android.mail.notifier;com.google.android.gm.email.provider;com.google.android.gm.tasks.provider;com.google.android.gm.email.notifier: com.android.email.provider.EmailProvider
05-08 21:09:27.849 27704 27704 D ActivityThread: Loading provider com.google.android.gm.sapi: com.google.android.gm.sapi.SapiUiProvider
05-08 21:09:28.270  1425  3769 I chatty  : uid=1000(system) Binder:1425_7 expire 2 lines
05-08 21:09:33.901   928  1090 E storaged: getDiskStats failed with result NOT_SUPPORTED and size 0
05-08 21:09:40.386  1425  3606 I chatty  : uid=1000(system) HwBinder:1425_4 expire 2 lines
05-08 21:09:40.388  1425 19425 I chatty  : uid=1000(system) Binder:1425_20 expire 4 lines
05-08 21:09:40.388  1425  1460 I chatty  : uid=1000(system) android.ui expire 7 lines
05-08 21:09:40.391  1425  1531 I chatty  : uid=1000(system) PowerManagerSer expire 12 lines
05-08 21:09:40.392  1425  3551 I chatty  : uid=1000(system) ColorBalanceThr expire 4 lines
05-08 21:09:40.392  3624  3624 W FingerprintManager: Invalid acquired message: 6, 0
05-08 21:09:40.392  1425  1425 I chatty  : uid=1000 system_server expire 11 lines
05-08 21:09:40.397  1425 11050 I chatty  : uid=1000(system) Binder:1425_18 expire 3 lines
05-08 21:09:40.577  3624  3624 V KeyguardDisplayManager: hide
05-08 21:09:40.580  1425  2389 I chatty  : uid=1000(system) OIMC expire 4 lines
05-08 21:09:40.581  1425  1459 I chatty  : uid=1000(system) ActivityManager expire 11 lines
05-08 21:09:40.662  1425  1461 I chatty  : uid=1000(system) ActivityManager expire 6 lines
05-08 21:09:40.785  1425  3530 I chatty  : uid=1000(system) NetworkPolicy expire 8 lines
05-08 21:09:40.805  1425  1456 I chatty  : uid=1000(system) android.bg expire 5 lines
05-08 21:09:40.846  1425 11050 I chatty  : uid=1000(system) Binder:1425_18 expire 1 line
05-08 21:09:40.941  1425 19425 I chatty  : uid=1000(system) Binder:1425_20 expire 2 lines
05-08 21:09:40.965  1425 19423 I chatty  : uid=1000(system) Binder:1425_1E expire 3 lines
05-08 21:09:41.024  1425  3769 I chatty  : uid=1000(system) Binder:1425_7 expire 1 line
05-08 21:09:41.027  1425  1425 I chatty  : uid=1000 system_server expire 13 lines
05-08 21:09:44.040  1425 10666 I chatty  : uid=1000(system) Binder:1425_16 expire 4 lines
05-08 21:09:45.684  1425  2366 I chatty  : uid=1000(system) AlarmManager expire 11 lines
05-08 21:09:51.026  1425  3770 I chatty  : uid=1000(system) Binder:1425_8 expire 2 lines
05-08 21:10:19.244  1425 27983 I chatty  : uid=1000 system_server expire 1 line
05-08 21:10:33.904   928  1090 E storaged: getDiskStats failed with result NOT_SUPPORTED and size 0
05-08 21:10:34.084  1425  1459 I chatty  : uid=1000(system) ActivityManager expire 13 lines
05-08 21:10:43.326  1425  1531 I chatty  : uid=1000(system) PowerManagerSer expire 17 lines
05-08 21:10:50.327  1425  1425 I chatty  : uid=1000 system_server expire 12 lines
05-08 21:10:50.413  1425  3551 I chatty  : uid=1000(system) ColorBalanceThr expire 7 lines
05-08 21:10:50.485  1425  1529 I chatty  : uid=1000(system) android.display expire 3 lines
05-08 21:10:50.505  1425  3738 I chatty  : uid=1000(system) Binder:1425_5 expire 1 line
05-08 21:10:50.831  1425  5526 I chatty  : uid=1000(system) Binder:1425_13 expire 1 line
05-08 21:10:55.519  3624  3624 V KeyguardStatusView: refresh statusview showing:true
05-08 21:10:55.552  3624  3624 V KeyguardDisplayManager: show
05-08 21:11:33.907   928  1090 E storaged: getDiskStats failed with result NOT_SUPPORTED and size 0
05-08 21:11:34.085  1425  1459 I chatty  : uid=1000(system) ActivityManager expire 21 lines
05-08 21:11:35.989  1425  1425 I chatty  : uid=1000 system_server expire 12 lines
05-08 21:11:36.934  1425 12092 I chatty  : uid=1000(system) Binder:1425_1B expire 1 line
05-08 21:11:37.715  1425  3537 I chatty  : uid=1000(system) ConnectivitySer expire 32 lines
05-08 21:11:50.137  1425  2366 I chatty  : uid=1000(system) AlarmManager expire 12 lines
05-08 21:12:16.041  1425 10734 I chatty  : uid=1000(system) Binder:1425_17 expire 1 line
05-08 21:12:33.910   928  1090 E storaged: getDiskStats failed with result NOT_SUPPORTED and size 0
